-- The C compiler identification is GNU 11.4.0
-- The CXX compiler identification is GNU 11.4.0
-- Detecting C compiler ABI info
-- Detecting C compiler ABI info - done
-- Check for working C compiler: /usr/bin/cc - skipped
-- Detecting C compile features
-- Detecting C compile features - done
-- Detecting CXX compiler ABI info
-- Detecting CXX compiler ABI info - done
-- Check for working CXX compiler: /usr/bin/c++ - skipped
-- Detecting CXX compile features
-- Detecting CXX compile features - done
-- Found ament_cmake: 1.3.14 (/opt/ros/humble/share/ament_cmake/cmake)
-- Found Python3: /usr/bin/python3 (found version "3.10.12") found components: Interpreter 
-- Found rosidl_default_generators: 1.2.1 (/opt/ros/humble/share/rosidl_default_generators/cmake)
-- Using all available rosidl_typesupport_c: rosidl_typesupport_fastrtps_c;rosidl_typesupport_introspection_c
-- Found rosidl_adapter: 3.1.8 (/opt/ros/humble/share/rosidl_adapter/cmake)
-- Using all available rosidl_typesupport_cpp: rosidl_typesupport_fastrtps_cpp;rosidl_typesupport_introspection_cpp
-- Found geometry_msgs: 4.9.1 (/opt/ros/humble/share/geometry_msgs/cmake)
-- Found ament_cmake_ros: 0.10.0 (/opt/ros/humble/share/ament_cmake_ros/cmake)
-- Using all available rosidl_typesupport_c: rosidl_typesupport_fastrtps_c;rosidl_typesupport_introspection_c
-- Using all available rosidl_typesupport_cpp: rosidl_typesupport_fastrtps_cpp;rosidl_typesupport_introspection_cpp
-- Found PythonInterp: /usr/bin/python3 (found suitable version "3.10.12", minimum required is "3.6") 
-- Found python_cmake_module: 0.10.0 (/opt/ros/humble/share/python_cmake_module/cmake)
-- Found PythonLibs: /usr/lib/x86_64-linux-gnu/libpython3.10.so (found suitable version "3.10.12", minimum required is "3.5") 
-- Using PYTHON_EXECUTABLE: /usr/bin/python3
-- Using PYTHON_INCLUDE_DIRS: /usr/include/python3.10
-- Using PYTHON_LIBRARIES: /usr/lib/x86_64-linux-gnu/libpython3.10.so
-- Found PythonExtra: .so  
-- Configuring done
-- Generating done
-- Build files have been written to: /home/xxx/HUN_sentry_xxx/pb2025_Nav/build/auto_aim_interfaces
[  1%] Generating C code for ROS interfaces
[  2%] Generating Rust code for ROS interfaces
[  3%] Generating C++ code for ROS interfaces
[  3%] Built target ament_cmake_python_copy_auto_aim_interfaces
running egg_info
creating auto_aim_interfaces.egg-info
writing auto_aim_interfaces.egg-info/PKG-INFO
writing dependency_links to auto_aim_interfaces.egg-info/dependency_links.txt
writing top-level names to auto_aim_interfaces.egg-info/top_level.txt
writing manifest file 'auto_aim_interfaces.egg-info/SOURCES.txt'
reading manifest file 'auto_aim_interfaces.egg-info/SOURCES.txt'
writing manifest file 'auto_aim_interfaces.egg-info/SOURCES.txt'
[  3%] Built target ament_cmake_python_build_auto_aim_interfaces_egg
[  3%] Built target auto_aim_interfaces__rs
[  3%] Built target auto_aim_interfaces__cpp
[  6%] Generating C++ introspection for ROS interfaces
[  6%] Generating C++ type support dispatch for ROS interfaces
[  6%] Generating C++ type support for eProsima Fast-RTPS
[  9%] Building C object CMakeFiles/auto_aim_interfaces__rosidl_generator_c.dir/rosidl_generator_c/auto_aim_interfaces/msg/detail/armors__functions.c.o
[  9%] Building C object CMakeFiles/auto_aim_interfaces__rosidl_generator_c.dir/rosidl_generator_c/auto_aim_interfaces/msg/detail/armor__functions.c.o
[ 13%] Building C object CMakeFiles/auto_aim_interfaces__rosidl_generator_c.dir/rosidl_generator_c/auto_aim_interfaces/msg/detail/debug_lights__functions.c.o
[ 13%] Building C object CMakeFiles/auto_aim_interfaces__rosidl_generator_c.dir/rosidl_generator_c/auto_aim_interfaces/msg/detail/target__functions.c.o
[ 13%] Building C object CMakeFiles/auto_aim_interfaces__rosidl_generator_c.dir/rosidl_generator_c/auto_aim_interfaces/msg/detail/debug_armor__functions.c.o
[ 13%] Building C object CMakeFiles/auto_aim_interfaces__rosidl_generator_c.dir/rosidl_generator_c/auto_aim_interfaces/msg/detail/debug_light__functions.c.o
[ 14%] Building C object CMakeFiles/auto_aim_interfaces__rosidl_generator_c.dir/rosidl_generator_c/auto_aim_interfaces/msg/detail/debug_armors__functions.c.o
[ 15%] Building C object CMakeFiles/auto_aim_interfaces__rosidl_generator_c.dir/rosidl_generator_c/auto_aim_interfaces/msg/detail/tracker_info__functions.c.o
[ 17%] Linking C shared library libauto_aim_interfaces__rosidl_generator_c.so
[ 17%] Built target auto_aim_interfaces__rosidl_generator_c
[ 20%] Generating C type support dispatch for ROS interfaces
[ 20%] Generating C introspection for ROS interfaces
[ 20%] Generating C type support for eProsima Fast-RTPS
[ 22%] Building CXX object CMakeFiles/auto_aim_interfaces__rosidl_typesupport_cpp.dir/rosidl_typesupport_cpp/auto_aim_interfaces/msg/armor__type_support.cpp.o
[ 22%] Building CXX object CMakeFiles/auto_aim_interfaces__rosidl_typesupport_cpp.dir/rosidl_typesupport_cpp/auto_aim_interfaces/msg/armors__type_support.cpp.o
[ 23%] Building CXX object CMakeFiles/auto_aim_interfaces__rosidl_typesupport_cpp.dir/rosidl_typesupport_cpp/auto_aim_interfaces/msg/target__type_support.cpp.o
[ 25%] Building CXX object CMakeFiles/auto_aim_interfaces__rosidl_typesupport_cpp.dir/rosidl_typesupport_cpp/auto_aim_interfaces/msg/debug_lights__type_support.cpp.o
[ 26%] Building CXX object CMakeFiles/auto_aim_interfaces__rosidl_typesupport_cpp.dir/rosidl_typesupport_cpp/auto_aim_interfaces/msg/debug_armors__type_support.cpp.o
[ 27%] Building CXX object CMakeFiles/auto_aim_interfaces__rosidl_typesupport_cpp.dir/rosidl_typesupport_cpp/auto_aim_interfaces/msg/tracker_info__type_support.cpp.o
[ 29%] Building CXX object CMakeFiles/auto_aim_interfaces__rosidl_typesupport_cpp.dir/rosidl_typesupport_cpp/auto_aim_interfaces/msg/debug_armor__type_support.cpp.o
[ 29%] Building CXX object CMakeFiles/auto_aim_interfaces__rosidl_typesupport_cpp.dir/rosidl_typesupport_cpp/auto_aim_interfaces/msg/debug_light__type_support.cpp.o
[ 31%] Building CXX object CMakeFiles/auto_aim_interfaces__rosidl_typesupport_introspection_cpp.dir/rosidl_typesupport_introspection_cpp/auto_aim_interfaces/msg/detail/armor__type_support.cpp.o
[ 31%] Building CXX object CMakeFiles/auto_aim_interfaces__rosidl_typesupport_introspection_cpp.dir/rosidl_typesupport_introspection_cpp/auto_aim_interfaces/msg/detail/armors__type_support.cpp.o
[ 32%] Building CXX object CMakeFiles/auto_aim_interfaces__rosidl_typesupport_introspection_cpp.dir/rosidl_typesupport_introspection_cpp/auto_aim_interfaces/msg/detail/debug_armor__type_support.cpp.o
[ 34%] Building CXX object CMakeFiles/auto_aim_interfaces__rosidl_typesupport_introspection_cpp.dir/rosidl_typesupport_introspection_cpp/auto_aim_interfaces/msg/detail/target__type_support.cpp.o
[ 35%] Building CXX object CMakeFiles/auto_aim_interfaces__rosidl_typesupport_introspection_cpp.dir/rosidl_typesupport_introspection_cpp/auto_aim_interfaces/msg/detail/debug_light__type_support.cpp.o
[ 37%] Building CXX object CMakeFiles/auto_aim_interfaces__rosidl_typesupport_introspection_cpp.dir/rosidl_typesupport_introspection_cpp/auto_aim_interfaces/msg/detail/debug_armors__type_support.cpp.o
[ 37%] Building CXX object CMakeFiles/auto_aim_interfaces__rosidl_typesupport_introspection_cpp.dir/rosidl_typesupport_introspection_cpp/auto_aim_interfaces/msg/detail/debug_lights__type_support.cpp.o
[ 38%] Building CXX object CMakeFiles/auto_aim_interfaces__rosidl_typesupport_introspection_cpp.dir/rosidl_typesupport_introspection_cpp/auto_aim_interfaces/msg/detail/tracker_info__type_support.cpp.o
[ 39%] Building CXX object CMakeFiles/auto_aim_interfaces__rosidl_typesupport_fastrtps_cpp.dir/rosidl_typesupport_fastrtps_cpp/auto_aim_interfaces/msg/detail/dds_fastrtps/target__type_support.cpp.o
[ 43%] Building CXX object CMakeFiles/auto_aim_interfaces__rosidl_typesupport_fastrtps_cpp.dir/rosidl_typesupport_fastrtps_cpp/auto_aim_interfaces/msg/detail/dds_fastrtps/debug_armor__type_support.cpp.o
[ 43%] Building CXX object CMakeFiles/auto_aim_interfaces__rosidl_typesupport_fastrtps_cpp.dir/rosidl_typesupport_fastrtps_cpp/auto_aim_interfaces/msg/detail/dds_fastrtps/debug_light__type_support.cpp.o
[ 44%] Building CXX object CMakeFiles/auto_aim_interfaces__rosidl_typesupport_fastrtps_cpp.dir/rosidl_typesupport_fastrtps_cpp/auto_aim_interfaces/msg/detail/dds_fastrtps/armors__type_support.cpp.o
[ 44%] Building CXX object CMakeFiles/auto_aim_interfaces__rosidl_typesupport_fastrtps_cpp.dir/rosidl_typesupport_fastrtps_cpp/auto_aim_interfaces/msg/detail/dds_fastrtps/armor__type_support.cpp.o
[ 45%] Building CXX object CMakeFiles/auto_aim_interfaces__rosidl_typesupport_fastrtps_cpp.dir/rosidl_typesupport_fastrtps_cpp/auto_aim_interfaces/msg/detail/dds_fastrtps/debug_lights__type_support.cpp.o
[ 46%] Building CXX object CMakeFiles/auto_aim_interfaces__rosidl_typesupport_fastrtps_cpp.dir/rosidl_typesupport_fastrtps_cpp/auto_aim_interfaces/msg/detail/dds_fastrtps/tracker_info__type_support.cpp.o
[ 47%] Building CXX object CMakeFiles/auto_aim_interfaces__rosidl_typesupport_fastrtps_cpp.dir/rosidl_typesupport_fastrtps_cpp/auto_aim_interfaces/msg/detail/dds_fastrtps/debug_armors__type_support.cpp.o
[ 50%] Building CXX object CMakeFiles/auto_aim_interfaces__rosidl_typesupport_c.dir/rosidl_typesupport_c/auto_aim_interfaces/msg/debug_armor__type_support.cpp.o
[ 50%] Building CXX object CMakeFiles/auto_aim_interfaces__rosidl_typesupport_c.dir/rosidl_typesupport_c/auto_aim_interfaces/msg/armor__type_support.cpp.o
[ 51%] Building CXX object CMakeFiles/auto_aim_interfaces__rosidl_typesupport_c.dir/rosidl_typesupport_c/auto_aim_interfaces/msg/target__type_support.cpp.o
[ 52%] Building CXX object CMakeFiles/auto_aim_interfaces__rosidl_typesupport_c.dir/rosidl_typesupport_c/auto_aim_interfaces/msg/armors__type_support.cpp.o
[ 53%] Building CXX object CMakeFiles/auto_aim_interfaces__rosidl_typesupport_c.dir/rosidl_typesupport_c/auto_aim_interfaces/msg/debug_light__type_support.cpp.o
[ 54%] Building CXX object CMakeFiles/auto_aim_interfaces__rosidl_typesupport_c.dir/rosidl_typesupport_c/auto_aim_interfaces/msg/debug_lights__type_support.cpp.o
[ 55%] Building CXX object CMakeFiles/auto_aim_interfaces__rosidl_typesupport_c.dir/rosidl_typesupport_c/auto_aim_interfaces/msg/tracker_info__type_support.cpp.o
[ 56%] Building CXX object CMakeFiles/auto_aim_interfaces__rosidl_typesupport_c.dir/rosidl_typesupport_c/auto_aim_interfaces/msg/debug_armors__type_support.cpp.o
[ 57%] Linking CXX shared library libauto_aim_interfaces__rosidl_typesupport_c.so
[ 59%] Building C object CMakeFiles/auto_aim_interfaces__rosidl_typesupport_introspection_c.dir/rosidl_typesupport_introspection_c/auto_aim_interfaces/msg/detail/armor__type_support.c.o
[ 60%] Building C object CMakeFiles/auto_aim_interfaces__rosidl_typesupport_introspection_c.dir/rosidl_typesupport_introspection_c/auto_aim_interfaces/msg/detail/target__type_support.c.o
[ 62%] Building C object CMakeFiles/auto_aim_interfaces__rosidl_typesupport_introspection_c.dir/rosidl_typesupport_introspection_c/auto_aim_interfaces/msg/detail/debug_light__type_support.c.o
[ 62%] Building C object CMakeFiles/auto_aim_interfaces__rosidl_typesupport_introspection_c.dir/rosidl_typesupport_introspection_c/auto_aim_interfaces/msg/detail/debug_lights__type_support.c.o
[ 63%] Building C object CMakeFiles/auto_aim_interfaces__rosidl_typesupport_introspection_c.dir/rosidl_typesupport_introspection_c/auto_aim_interfaces/msg/detail/armors__type_support.c.o
[ 64%] Building C object CMakeFiles/auto_aim_interfaces__rosidl_typesupport_introspection_c.dir/rosidl_typesupport_introspection_c/auto_aim_interfaces/msg/detail/debug_armor__type_support.c.o
[ 65%] Building C object CMakeFiles/auto_aim_interfaces__rosidl_typesupport_introspection_c.dir/rosidl_typesupport_introspection_c/auto_aim_interfaces/msg/detail/tracker_info__type_support.c.o
[ 67%] Building C object CMakeFiles/auto_aim_interfaces__rosidl_typesupport_introspection_c.dir/rosidl_typesupport_introspection_c/auto_aim_interfaces/msg/detail/debug_armors__type_support.c.o
[ 68%] Building CXX object CMakeFiles/auto_aim_interfaces__rosidl_typesupport_fastrtps_c.dir/rosidl_typesupport_fastrtps_c/auto_aim_interfaces/msg/detail/armor__type_support_c.cpp.o
[ 69%] Building CXX object CMakeFiles/auto_aim_interfaces__rosidl_typesupport_fastrtps_c.dir/rosidl_typesupport_fastrtps_c/auto_aim_interfaces/msg/detail/target__type_support_c.cpp.o
[ 70%] Building CXX object CMakeFiles/auto_aim_interfaces__rosidl_typesupport_fastrtps_c.dir/rosidl_typesupport_fastrtps_c/auto_aim_interfaces/msg/detail/armors__type_support_c.cpp.o
[ 71%] Building CXX object CMakeFiles/auto_aim_interfaces__rosidl_typesupport_fastrtps_c.dir/rosidl_typesupport_fastrtps_c/auto_aim_interfaces/msg/detail/debug_light__type_support_c.cpp.o
[ 72%] Building CXX object CMakeFiles/auto_aim_interfaces__rosidl_typesupport_fastrtps_c.dir/rosidl_typesupport_fastrtps_c/auto_aim_interfaces/msg/detail/debug_lights__type_support_c.cpp.o
[ 73%] Building CXX object CMakeFiles/auto_aim_interfaces__rosidl_typesupport_fastrtps_c.dir/rosidl_typesupport_fastrtps_c/auto_aim_interfaces/msg/detail/debug_armor__type_support_c.cpp.o
[ 75%] Linking CXX shared library libauto_aim_interfaces__rosidl_typesupport_cpp.so
[ 76%] Building CXX object CMakeFiles/auto_aim_interfaces__rosidl_typesupport_fastrtps_c.dir/rosidl_typesupport_fastrtps_c/auto_aim_interfaces/msg/detail/debug_armors__type_support_c.cpp.o
[ 76%] Built target auto_aim_interfaces__rosidl_typesupport_c
[ 77%] Building CXX object CMakeFiles/auto_aim_interfaces__rosidl_typesupport_fastrtps_c.dir/rosidl_typesupport_fastrtps_c/auto_aim_interfaces/msg/detail/tracker_info__type_support_c.cpp.o
[ 78%] Linking C shared library libauto_aim_interfaces__rosidl_typesupport_introspection_c.so
[ 78%] Built target auto_aim_interfaces__rosidl_typesupport_cpp
[ 78%] Built target auto_aim_interfaces__rosidl_typesupport_introspection_c
[ 79%] Linking CXX shared library libauto_aim_interfaces__rosidl_typesupport_introspection_cpp.so
[ 80%] Linking CXX shared library libauto_aim_interfaces__rosidl_typesupport_fastrtps_cpp.so
[ 80%] Built target auto_aim_interfaces__rosidl_typesupport_introspection_cpp
[ 81%] Linking CXX shared library libauto_aim_interfaces__rosidl_typesupport_fastrtps_c.so
[ 81%] Built target auto_aim_interfaces__rosidl_typesupport_fastrtps_cpp
[ 81%] Built target auto_aim_interfaces__rosidl_typesupport_fastrtps_c
[ 81%] Built target auto_aim_interfaces
[ 82%] Generating Python code for ROS interfaces
[ 82%] Built target auto_aim_interfaces__py
[ 84%] Building C object CMakeFiles/auto_aim_interfaces__rosidl_generator_py.dir/rosidl_generator_py/auto_aim_interfaces/msg/_armor_s.c.o
[ 85%] Building C object CMakeFiles/auto_aim_interfaces__rosidl_generator_py.dir/rosidl_generator_py/auto_aim_interfaces/msg/_target_s.c.o
[ 88%] Building C object CMakeFiles/auto_aim_interfaces__rosidl_generator_py.dir/rosidl_generator_py/auto_aim_interfaces/msg/_debug_light_s.c.o
[ 88%] Building C object CMakeFiles/auto_aim_interfaces__rosidl_generator_py.dir/rosidl_generator_py/auto_aim_interfaces/msg/_armors_s.c.o
[ 88%] Building C object CMakeFiles/auto_aim_interfaces__rosidl_generator_py.dir/rosidl_generator_py/auto_aim_interfaces/msg/_debug_lights_s.c.o
[ 89%] Building C object CMakeFiles/auto_aim_interfaces__rosidl_generator_py.dir/rosidl_generator_py/auto_aim_interfaces/msg/_debug_armor_s.c.o
[ 90%] Building C object CMakeFiles/auto_aim_interfaces__rosidl_generator_py.dir/rosidl_generator_py/auto_aim_interfaces/msg/_debug_armors_s.c.o
[ 92%] Building C object CMakeFiles/auto_aim_interfaces__rosidl_generator_py.dir/rosidl_generator_py/auto_aim_interfaces/msg/_tracker_info_s.c.o
[ 93%] Linking C shared library rosidl_generator_py/auto_aim_interfaces/libauto_aim_interfaces__rosidl_generator_py.so
[ 93%] Built target auto_aim_interfaces__rosidl_generator_py
[ 94%] Building C object CMakeFiles/auto_aim_interfaces__rosidl_typesupport_introspection_c__pyext.dir/rosidl_generator_py/auto_aim_interfaces/_auto_aim_interfaces_s.ep.rosidl_typesupport_introspection_c.c.o
[ 95%] Building C object CMakeFiles/auto_aim_interfaces__rosidl_typesupport_c__pyext.dir/rosidl_generator_py/auto_aim_interfaces/_auto_aim_interfaces_s.ep.rosidl_typesupport_c.c.o
[ 96%] Building C object CMakeFiles/auto_aim_interfaces__rosidl_typesupport_fastrtps_c__pyext.dir/rosidl_generator_py/auto_aim_interfaces/_auto_aim_interfaces_s.ep.rosidl_typesupport_fastrtps_c.c.o
[ 97%] Linking C shared library rosidl_generator_py/auto_aim_interfaces/auto_aim_interfaces_s__rosidl_typesupport_fastrtps_c.cpython-310-x86_64-linux-gnu.so
[100%] Linking C shared library rosidl_generator_py/auto_aim_interfaces/auto_aim_interfaces_s__rosidl_typesupport_introspection_c.cpython-310-x86_64-linux-gnu.so
[100%] Linking C shared library rosidl_generator_py/auto_aim_interfaces/auto_aim_interfaces_s__rosidl_typesupport_c.cpython-310-x86_64-linux-gnu.so
[100%] Built target auto_aim_interfaces__rosidl_typesupport_c__pyext
[100%] Built target auto_aim_interfaces__rosidl_typesupport_fastrtps_c__pyext
[100%] Built target auto_aim_interfaces__rosidl_typesupport_introspection_c__pyext
-- Install configuration: ""
-- Installing: /home/xxx/HUN_sentry_xxx/pb2025_Nav/install/auto_aim_interfaces/share/ament_index/resource_index/rosidl_interfaces/auto_aim_interfaces
-- Installing: /home/xxx/HUN_sentry_xxx/pb2025_Nav/install/auto_aim_interfaces/include/auto_aim_interfaces/auto_aim_interfaces
-- Installing: /home/xxx/HUN_sentry_xxx/pb2025_Nav/install/auto_aim_interfaces/include/auto_aim_interfaces/auto_aim_interfaces/msg
-- Installing: /home/xxx/HUN_sentry_xxx/pb2025_Nav/install/auto_aim_interfaces/include/auto_aim_interfaces/auto_aim_interfaces/msg/armor.h
-- Installing: /home/xxx/HUN_sentry_xxx/pb2025_Nav/install/auto_aim_interfaces/include/auto_aim_interfaces/auto_aim_interfaces/msg/debug_lights.h
-- Installing: /home/xxx/HUN_sentry_xxx/pb2025_Nav/install/auto_aim_interfaces/include/auto_aim_interfaces/auto_aim_interfaces/msg/rosidl_generator_c__visibility_control.h
-- Installing: /home/xxx/HUN_sentry_xxx/pb2025_Nav/install/auto_aim_interfaces/include/auto_aim_interfaces/auto_aim_interfaces/msg/debug_armor.h
-- Installing: /home/xxx/HUN_sentry_xxx/pb2025_Nav/install/auto_aim_interfaces/include/auto_aim_interfaces/auto_aim_interfaces/msg/detail
-- Installing: /home/xxx/HUN_sentry_xxx/pb2025_Nav/install/auto_aim_interfaces/include/auto_aim_interfaces/auto_aim_interfaces/msg/detail/armors__type_support.h
-- Installing: /home/xxx/HUN_sentry_xxx/pb2025_Nav/install/auto_aim_interfaces/include/auto_aim_interfaces/auto_aim_interfaces/msg/detail/debug_armors__struct.h
-- Installing: /home/xxx/HUN_sentry_xxx/pb2025_Nav/install/auto_aim_interfaces/include/auto_aim_interfaces/auto_aim_interfaces/msg/detail/debug_armors__functions.c
-- Installing: /home/xxx/HUN_sentry_xxx/pb2025_Nav/install/auto_aim_interfaces/include/auto_aim_interfaces/auto_aim_interfaces/msg/detail/armors__functions.h
-- Installing: /home/xxx/HUN_sentry_xxx/pb2025_Nav/install/auto_aim_interfaces/include/auto_aim_interfaces/auto_aim_interfaces/msg/detail/armor__functions.h
-- Installing: /home/xxx/HUN_sentry_xxx/pb2025_Nav/install/auto_aim_interfaces/include/auto_aim_interfaces/auto_aim_interfaces/msg/detail/armor__type_support.h
-- Installing: /home/xxx/HUN_sentry_xxx/pb2025_Nav/install/auto_aim_interfaces/include/auto_aim_interfaces/auto_aim_interfaces/msg/detail/debug_armor__functions.c
-- Installing: /home/xxx/HUN_sentry_xxx/pb2025_Nav/install/auto_aim_interfaces/include/auto_aim_interfaces/auto_aim_interfaces/msg/detail/tracker_info__functions.c
-- Installing: /home/xxx/HUN_sentry_xxx/pb2025_Nav/install/auto_aim_interfaces/include/auto_aim_interfaces/auto_aim_interfaces/msg/detail/tracker_info__type_support.h
-- Installing: /home/xxx/HUN_sentry_xxx/pb2025_Nav/install/auto_aim_interfaces/include/auto_aim_interfaces/auto_aim_interfaces/msg/detail/debug_armor__type_support.h
-- Installing: /home/xxx/HUN_sentry_xxx/pb2025_Nav/install/auto_aim_interfaces/include/auto_aim_interfaces/auto_aim_interfaces/msg/detail/tracker_info__functions.h
-- Installing: /home/xxx/HUN_sentry_xxx/pb2025_Nav/install/auto_aim_interfaces/include/auto_aim_interfaces/auto_aim_interfaces/msg/detail/debug_armors__type_support.h
-- Installing: /home/xxx/HUN_sentry_xxx/pb2025_Nav/install/auto_aim_interfaces/include/auto_aim_interfaces/auto_aim_interfaces/msg/detail/target__functions.h
-- Installing: /home/xxx/HUN_sentry_xxx/pb2025_Nav/install/auto_aim_interfaces/include/auto_aim_interfaces/auto_aim_interfaces/msg/detail/debug_armors__functions.h
-- Installing: /home/xxx/HUN_sentry_xxx/pb2025_Nav/install/auto_aim_interfaces/include/auto_aim_interfaces/auto_aim_interfaces/msg/detail/debug_light__struct.h
-- Installing: /home/xxx/HUN_sentry_xxx/pb2025_Nav/install/auto_aim_interfaces/include/auto_aim_interfaces/auto_aim_interfaces/msg/detail/target__type_support.h
-- Installing: /home/xxx/HUN_sentry_xxx/pb2025_Nav/install/auto_aim_interfaces/include/auto_aim_interfaces/auto_aim_interfaces/msg/detail/tracker_info__struct.h
-- Installing: /home/xxx/HUN_sentry_xxx/pb2025_Nav/install/auto_aim_interfaces/include/auto_aim_interfaces/auto_aim_interfaces/msg/detail/debug_light__type_support.h
-- Installing: /home/xxx/HUN_sentry_xxx/pb2025_Nav/install/auto_aim_interfaces/include/auto_aim_interfaces/auto_aim_interfaces/msg/detail/debug_light__functions.c
-- Installing: /home/xxx/HUN_sentry_xxx/pb2025_Nav/install/auto_aim_interfaces/include/auto_aim_interfaces/auto_aim_interfaces/msg/detail/armors__functions.c
-- Installing: /home/xxx/HUN_sentry_xxx/pb2025_Nav/install/auto_aim_interfaces/include/auto_aim_interfaces/auto_aim_interfaces/msg/detail/debug_light__functions.h
-- Installing: /home/xxx/HUN_sentry_xxx/pb2025_Nav/install/auto_aim_interfaces/include/auto_aim_interfaces/auto_aim_interfaces/msg/detail/target__functions.c
-- Installing: /home/xxx/HUN_sentry_xxx/pb2025_Nav/install/auto_aim_interfaces/include/auto_aim_interfaces/auto_aim_interfaces/msg/detail/armor__struct.h
-- Installing: /home/xxx/HUN_sentry_xxx/pb2025_Nav/install/auto_aim_interfaces/include/auto_aim_interfaces/auto_aim_interfaces/msg/detail/debug_lights__functions.c
-- Installing: /home/xxx/HUN_sentry_xxx/pb2025_Nav/install/auto_aim_interfaces/include/auto_aim_interfaces/auto_aim_interfaces/msg/detail/debug_lights__struct.h
-- Installing: /home/xxx/HUN_sentry_xxx/pb2025_Nav/install/auto_aim_interfaces/include/auto_aim_interfaces/auto_aim_interfaces/msg/detail/debug_lights__functions.h
-- Installing: /home/xxx/HUN_sentry_xxx/pb2025_Nav/install/auto_aim_interfaces/include/auto_aim_interfaces/auto_aim_interfaces/msg/detail/debug_armor__struct.h
-- Installing: /home/xxx/HUN_sentry_xxx/pb2025_Nav/install/auto_aim_interfaces/include/auto_aim_interfaces/auto_aim_interfaces/msg/detail/debug_armor__functions.h
-- Installing: /home/xxx/HUN_sentry_xxx/pb2025_Nav/install/auto_aim_interfaces/include/auto_aim_interfaces/auto_aim_interfaces/msg/detail/armors__struct.h
-- Installing: /home/xxx/HUN_sentry_xxx/pb2025_Nav/install/auto_aim_interfaces/include/auto_aim_interfaces/auto_aim_interfaces/msg/detail/debug_lights__type_support.h
-- Installing: /home/xxx/HUN_sentry_xxx/pb2025_Nav/install/auto_aim_interfaces/include/auto_aim_interfaces/auto_aim_interfaces/msg/detail/armor__functions.c
-- Installing: /home/xxx/HUN_sentry_xxx/pb2025_Nav/install/auto_aim_interfaces/include/auto_aim_interfaces/auto_aim_interfaces/msg/detail/target__struct.h
-- Installing: /home/xxx/HUN_sentry_xxx/pb2025_Nav/install/auto_aim_interfaces/include/auto_aim_interfaces/auto_aim_interfaces/msg/debug_armors.h
-- Installing: /home/xxx/HUN_sentry_xxx/pb2025_Nav/install/auto_aim_interfaces/include/auto_aim_interfaces/auto_aim_interfaces/msg/debug_light.h
-- Installing: /home/xxx/HUN_sentry_xxx/pb2025_Nav/install/auto_aim_interfaces/include/auto_aim_interfaces/auto_aim_interfaces/msg/target.h
-- Installing: /home/xxx/HUN_sentry_xxx/pb2025_Nav/install/auto_aim_interfaces/include/auto_aim_interfaces/auto_aim_interfaces/msg/armors.h
-- Installing: /home/xxx/HUN_sentry_xxx/pb2025_Nav/install/auto_aim_interfaces/include/auto_aim_interfaces/auto_aim_interfaces/msg/tracker_info.h
-- Installing: /home/xxx/HUN_sentry_xxx/pb2025_Nav/install/auto_aim_interfaces/share/auto_aim_interfaces/environment/library_path.sh
-- Installing: /home/xxx/HUN_sentry_xxx/pb2025_Nav/install/auto_aim_interfaces/share/auto_aim_interfaces/environment/library_path.dsv
-- Installing: /home/xxx/HUN_sentry_xxx/pb2025_Nav/install/auto_aim_interfaces/lib/libauto_aim_interfaces__rosidl_generator_c.so
-- Set runtime path of "/home/xxx/HUN_sentry_xxx/pb2025_Nav/install/auto_aim_interfaces/lib/libauto_aim_interfaces__rosidl_generator_c.so" to ""
-- Up-to-date: /home/xxx/HUN_sentry_xxx/pb2025_Nav/install/auto_aim_interfaces/include/auto_aim_interfaces/auto_aim_interfaces
-- Up-to-date: /home/xxx/HUN_sentry_xxx/pb2025_Nav/install/auto_aim_interfaces/include/auto_aim_interfaces/auto_aim_interfaces/msg
-- Up-to-date: /home/xxx/HUN_sentry_xxx/pb2025_Nav/install/auto_aim_interfaces/include/auto_aim_interfaces/auto_aim_interfaces/msg/detail
-- Installing: /home/xxx/HUN_sentry_xxx/pb2025_Nav/install/auto_aim_interfaces/include/auto_aim_interfaces/auto_aim_interfaces/msg/detail/target__rosidl_typesupport_fastrtps_c.h
-- Installing: /home/xxx/HUN_sentry_xxx/pb2025_Nav/install/auto_aim_interfaces/include/auto_aim_interfaces/auto_aim_interfaces/msg/detail/debug_lights__rosidl_typesupport_fastrtps_c.h
-- Installing: /home/xxx/HUN_sentry_xxx/pb2025_Nav/install/auto_aim_interfaces/include/auto_aim_interfaces/auto_aim_interfaces/msg/detail/debug_light__rosidl_typesupport_fastrtps_c.h
-- Installing: /home/xxx/HUN_sentry_xxx/pb2025_Nav/install/auto_aim_interfaces/include/auto_aim_interfaces/auto_aim_interfaces/msg/detail/debug_armors__rosidl_typesupport_fastrtps_c.h
-- Installing: /home/xxx/HUN_sentry_xxx/pb2025_Nav/install/auto_aim_interfaces/include/auto_aim_interfaces/auto_aim_interfaces/msg/detail/tracker_info__rosidl_typesupport_fastrtps_c.h
-- Installing: /home/xxx/HUN_sentry_xxx/pb2025_Nav/install/auto_aim_interfaces/include/auto_aim_interfaces/auto_aim_interfaces/msg/detail/debug_armor__rosidl_typesupport_fastrtps_c.h
-- Installing: /home/xxx/HUN_sentry_xxx/pb2025_Nav/install/auto_aim_interfaces/include/auto_aim_interfaces/auto_aim_interfaces/msg/detail/armor__rosidl_typesupport_fastrtps_c.h
-- Installing: /home/xxx/HUN_sentry_xxx/pb2025_Nav/install/auto_aim_interfaces/include/auto_aim_interfaces/auto_aim_interfaces/msg/detail/armors__rosidl_typesupport_fastrtps_c.h
-- Installing: /home/xxx/HUN_sentry_xxx/pb2025_Nav/install/auto_aim_interfaces/include/auto_aim_interfaces/auto_aim_interfaces/msg/rosidl_typesupport_fastrtps_c__visibility_control.h
-- Installing: /home/xxx/HUN_sentry_xxx/pb2025_Nav/install/auto_aim_interfaces/lib/libauto_aim_interfaces__rosidl_typesupport_fastrtps_c.so
-- Set runtime path of "/home/xxx/HUN_sentry_xxx/pb2025_Nav/install/auto_aim_interfaces/lib/libauto_aim_interfaces__rosidl_typesupport_fastrtps_c.so" to ""
-- Up-to-date: /home/xxx/HUN_sentry_xxx/pb2025_Nav/install/auto_aim_interfaces/include/auto_aim_interfaces/auto_aim_interfaces
-- Up-to-date: /home/xxx/HUN_sentry_xxx/pb2025_Nav/install/auto_aim_interfaces/include/auto_aim_interfaces/auto_aim_interfaces/msg
-- Up-to-date: /home/xxx/HUN_sentry_xxx/pb2025_Nav/install/auto_aim_interfaces/include/auto_aim_interfaces/auto_aim_interfaces/msg/detail
-- Installing: /home/xxx/HUN_sentry_xxx/pb2025_Nav/install/auto_aim_interfaces/include/auto_aim_interfaces/auto_aim_interfaces/msg/detail/debug_light__type_support.c
-- Installing: /home/xxx/HUN_sentry_xxx/pb2025_Nav/install/auto_aim_interfaces/include/auto_aim_interfaces/auto_aim_interfaces/msg/detail/debug_light__rosidl_typesupport_introspection_c.h
-- Installing: /home/xxx/HUN_sentry_xxx/pb2025_Nav/install/auto_aim_interfaces/include/auto_aim_interfaces/auto_aim_interfaces/msg/detail/tracker_info__rosidl_typesupport_introspection_c.h
-- Installing: /home/xxx/HUN_sentry_xxx/pb2025_Nav/install/auto_aim_interfaces/include/auto_aim_interfaces/auto_aim_interfaces/msg/detail/armor__rosidl_typesupport_introspection_c.h
-- Installing: /home/xxx/HUN_sentry_xxx/pb2025_Nav/install/auto_aim_interfaces/include/auto_aim_interfaces/auto_aim_interfaces/msg/detail/debug_armor__rosidl_typesupport_introspection_c.h
-- Installing: /home/xxx/HUN_sentry_xxx/pb2025_Nav/install/auto_aim_interfaces/include/auto_aim_interfaces/auto_aim_interfaces/msg/detail/debug_lights__type_support.c
-- Installing: /home/xxx/HUN_sentry_xxx/pb2025_Nav/install/auto_aim_interfaces/include/auto_aim_interfaces/auto_aim_interfaces/msg/detail/armors__rosidl_typesupport_introspection_c.h
-- Installing: /home/xxx/HUN_sentry_xxx/pb2025_Nav/install/auto_aim_interfaces/include/auto_aim_interfaces/auto_aim_interfaces/msg/detail/target__rosidl_typesupport_introspection_c.h
-- Installing: /home/xxx/HUN_sentry_xxx/pb2025_Nav/install/auto_aim_interfaces/include/auto_aim_interfaces/auto_aim_interfaces/msg/detail/target__type_support.c
-- Installing: /home/xxx/HUN_sentry_xxx/pb2025_Nav/install/auto_aim_interfaces/include/auto_aim_interfaces/auto_aim_interfaces/msg/detail/debug_armors__type_support.c
-- Installing: /home/xxx/HUN_sentry_xxx/pb2025_Nav/install/auto_aim_interfaces/include/auto_aim_interfaces/auto_aim_interfaces/msg/detail/armor__type_support.c
-- Installing: /home/xxx/HUN_sentry_xxx/pb2025_Nav/install/auto_aim_interfaces/include/auto_aim_interfaces/auto_aim_interfaces/msg/detail/debug_armor__type_support.c
-- Installing: /home/xxx/HUN_sentry_xxx/pb2025_Nav/install/auto_aim_interfaces/include/auto_aim_interfaces/auto_aim_interfaces/msg/detail/debug_lights__rosidl_typesupport_introspection_c.h
-- Installing: /home/xxx/HUN_sentry_xxx/pb2025_Nav/install/auto_aim_interfaces/include/auto_aim_interfaces/auto_aim_interfaces/msg/detail/tracker_info__type_support.c
-- Installing: /home/xxx/HUN_sentry_xxx/pb2025_Nav/install/auto_aim_interfaces/include/auto_aim_interfaces/auto_aim_interfaces/msg/detail/debug_armors__rosidl_typesupport_introspection_c.h
-- Installing: /home/xxx/HUN_sentry_xxx/pb2025_Nav/install/auto_aim_interfaces/include/auto_aim_interfaces/auto_aim_interfaces/msg/detail/armors__type_support.c
-- Installing: /home/xxx/HUN_sentry_xxx/pb2025_Nav/install/auto_aim_interfaces/include/auto_aim_interfaces/auto_aim_interfaces/msg/rosidl_typesupport_introspection_c__visibility_control.h
-- Installing: /home/xxx/HUN_sentry_xxx/pb2025_Nav/install/auto_aim_interfaces/lib/libauto_aim_interfaces__rosidl_typesupport_introspection_c.so
-- Set runtime path of "/home/xxx/HUN_sentry_xxx/pb2025_Nav/install/auto_aim_interfaces/lib/libauto_aim_interfaces__rosidl_typesupport_introspection_c.so" to ""
-- Installing: /home/xxx/HUN_sentry_xxx/pb2025_Nav/install/auto_aim_interfaces/lib/libauto_aim_interfaces__rosidl_typesupport_c.so
-- Set runtime path of "/home/xxx/HUN_sentry_xxx/pb2025_Nav/install/auto_aim_interfaces/lib/libauto_aim_interfaces__rosidl_typesupport_c.so" to ""
-- Up-to-date: /home/xxx/HUN_sentry_xxx/pb2025_Nav/install/auto_aim_interfaces/include/auto_aim_interfaces/auto_aim_interfaces
-- Up-to-date: /home/xxx/HUN_sentry_xxx/pb2025_Nav/install/auto_aim_interfaces/include/auto_aim_interfaces/auto_aim_interfaces/msg
-- Installing: /home/xxx/HUN_sentry_xxx/pb2025_Nav/install/auto_aim_interfaces/include/auto_aim_interfaces/auto_aim_interfaces/msg/debug_armors.hpp
-- Installing: /home/xxx/HUN_sentry_xxx/pb2025_Nav/install/auto_aim_interfaces/include/auto_aim_interfaces/auto_aim_interfaces/msg/debug_light.hpp
-- Installing: /home/xxx/HUN_sentry_xxx/pb2025_Nav/install/auto_aim_interfaces/include/auto_aim_interfaces/auto_aim_interfaces/msg/armor.hpp
-- Installing: /home/xxx/HUN_sentry_xxx/pb2025_Nav/install/auto_aim_interfaces/include/auto_aim_interfaces/auto_aim_interfaces/msg/armors.hpp
-- Up-to-date: /home/xxx/HUN_sentry_xxx/pb2025_Nav/install/auto_aim_interfaces/include/auto_aim_interfaces/auto_aim_interfaces/msg/detail
-- Installing: /home/xxx/HUN_sentry_xxx/pb2025_Nav/install/auto_aim_interfaces/include/auto_aim_interfaces/auto_aim_interfaces/msg/detail/tracker_info__struct.hpp
-- Installing: /home/xxx/HUN_sentry_xxx/pb2025_Nav/install/auto_aim_interfaces/include/auto_aim_interfaces/auto_aim_interfaces/msg/detail/debug_light__struct.hpp
-- Installing: /home/xxx/HUN_sentry_xxx/pb2025_Nav/install/auto_aim_interfaces/include/auto_aim_interfaces/auto_aim_interfaces/msg/detail/debug_light__type_support.hpp
-- Installing: /home/xxx/HUN_sentry_xxx/pb2025_Nav/install/auto_aim_interfaces/include/auto_aim_interfaces/auto_aim_interfaces/msg/detail/debug_armors__struct.hpp
-- Installing: /home/xxx/HUN_sentry_xxx/pb2025_Nav/install/auto_aim_interfaces/include/auto_aim_interfaces/auto_aim_interfaces/msg/detail/tracker_info__traits.hpp
-- Installing: /home/xxx/HUN_sentry_xxx/pb2025_Nav/install/auto_aim_interfaces/include/auto_aim_interfaces/auto_aim_interfaces/msg/detail/armor__builder.hpp
-- Installing: /home/xxx/HUN_sentry_xxx/pb2025_Nav/install/auto_aim_interfaces/include/auto_aim_interfaces/auto_aim_interfaces/msg/detail/armors__type_support.hpp
-- Installing: /home/xxx/HUN_sentry_xxx/pb2025_Nav/install/auto_aim_interfaces/include/auto_aim_interfaces/auto_aim_interfaces/msg/detail/debug_armors__type_support.hpp
-- Installing: /home/xxx/HUN_sentry_xxx/pb2025_Nav/install/auto_aim_interfaces/include/auto_aim_interfaces/auto_aim_interfaces/msg/detail/debug_lights__traits.hpp
-- Installing: /home/xxx/HUN_sentry_xxx/pb2025_Nav/install/auto_aim_interfaces/include/auto_aim_interfaces/auto_aim_interfaces/msg/detail/debug_armor__struct.hpp
-- Installing: /home/xxx/HUN_sentry_xxx/pb2025_Nav/install/auto_aim_interfaces/include/auto_aim_interfaces/auto_aim_interfaces/msg/detail/debug_armor__traits.hpp
-- Installing: /home/xxx/HUN_sentry_xxx/pb2025_Nav/install/auto_aim_interfaces/include/auto_aim_interfaces/auto_aim_interfaces/msg/detail/tracker_info__builder.hpp
-- Installing: /home/xxx/HUN_sentry_xxx/pb2025_Nav/install/auto_aim_interfaces/include/auto_aim_interfaces/auto_aim_interfaces/msg/detail/tracker_info__type_support.hpp
-- Installing: /home/xxx/HUN_sentry_xxx/pb2025_Nav/install/auto_aim_interfaces/include/auto_aim_interfaces/auto_aim_interfaces/msg/detail/armors__struct.hpp
-- Installing: /home/xxx/HUN_sentry_xxx/pb2025_Nav/install/auto_aim_interfaces/include/auto_aim_interfaces/auto_aim_interfaces/msg/detail/debug_lights__builder.hpp
-- Installing: /home/xxx/HUN_sentry_xxx/pb2025_Nav/install/auto_aim_interfaces/include/auto_aim_interfaces/auto_aim_interfaces/msg/detail/armor__traits.hpp
-- Installing: /home/xxx/HUN_sentry_xxx/pb2025_Nav/install/auto_aim_interfaces/include/auto_aim_interfaces/auto_aim_interfaces/msg/detail/target__builder.hpp
-- Installing: /home/xxx/HUN_sentry_xxx/pb2025_Nav/install/auto_aim_interfaces/include/auto_aim_interfaces/auto_aim_interfaces/msg/detail/armor__struct.hpp
-- Installing: /home/xxx/HUN_sentry_xxx/pb2025_Nav/install/auto_aim_interfaces/include/auto_aim_interfaces/auto_aim_interfaces/msg/detail/debug_light__builder.hpp
-- Installing: /home/xxx/HUN_sentry_xxx/pb2025_Nav/install/auto_aim_interfaces/include/auto_aim_interfaces/auto_aim_interfaces/msg/detail/debug_armors__builder.hpp
-- Installing: /home/xxx/HUN_sentry_xxx/pb2025_Nav/install/auto_aim_interfaces/include/auto_aim_interfaces/auto_aim_interfaces/msg/detail/target__traits.hpp
-- Installing: /home/xxx/HUN_sentry_xxx/pb2025_Nav/install/auto_aim_interfaces/include/auto_aim_interfaces/auto_aim_interfaces/msg/detail/target__struct.hpp
-- Installing: /home/xxx/HUN_sentry_xxx/pb2025_Nav/install/auto_aim_interfaces/include/auto_aim_interfaces/auto_aim_interfaces/msg/detail/debug_lights__type_support.hpp
-- Installing: /home/xxx/HUN_sentry_xxx/pb2025_Nav/install/auto_aim_interfaces/include/auto_aim_interfaces/auto_aim_interfaces/msg/detail/debug_armor__type_support.hpp
-- Installing: /home/xxx/HUN_sentry_xxx/pb2025_Nav/install/auto_aim_interfaces/include/auto_aim_interfaces/auto_aim_interfaces/msg/detail/target__type_support.hpp
-- Installing: /home/xxx/HUN_sentry_xxx/pb2025_Nav/install/auto_aim_interfaces/include/auto_aim_interfaces/auto_aim_interfaces/msg/detail/debug_armors__traits.hpp
-- Installing: /home/xxx/HUN_sentry_xxx/pb2025_Nav/install/auto_aim_interfaces/include/auto_aim_interfaces/auto_aim_interfaces/msg/detail/debug_armor__builder.hpp
-- Installing: /home/xxx/HUN_sentry_xxx/pb2025_Nav/install/auto_aim_interfaces/include/auto_aim_interfaces/auto_aim_interfaces/msg/detail/armor__type_support.hpp
-- Installing: /home/xxx/HUN_sentry_xxx/pb2025_Nav/install/auto_aim_interfaces/include/auto_aim_interfaces/auto_aim_interfaces/msg/detail/armors__builder.hpp
-- Installing: /home/xxx/HUN_sentry_xxx/pb2025_Nav/install/auto_aim_interfaces/include/auto_aim_interfaces/auto_aim_interfaces/msg/detail/armors__traits.hpp
-- Installing: /home/xxx/HUN_sentry_xxx/pb2025_Nav/install/auto_aim_interfaces/include/auto_aim_interfaces/auto_aim_interfaces/msg/detail/debug_lights__struct.hpp
-- Installing: /home/xxx/HUN_sentry_xxx/pb2025_Nav/install/auto_aim_interfaces/include/auto_aim_interfaces/auto_aim_interfaces/msg/detail/debug_light__traits.hpp
-- Installing: /home/xxx/HUN_sentry_xxx/pb2025_Nav/install/auto_aim_interfaces/include/auto_aim_interfaces/auto_aim_interfaces/msg/tracker_info.hpp
-- Installing: /home/xxx/HUN_sentry_xxx/pb2025_Nav/install/auto_aim_interfaces/include/auto_aim_interfaces/auto_aim_interfaces/msg/debug_armor.hpp
-- Installing: /home/xxx/HUN_sentry_xxx/pb2025_Nav/install/auto_aim_interfaces/include/auto_aim_interfaces/auto_aim_interfaces/msg/target.hpp
-- Installing: /home/xxx/HUN_sentry_xxx/pb2025_Nav/install/auto_aim_interfaces/include/auto_aim_interfaces/auto_aim_interfaces/msg/rosidl_generator_cpp__visibility_control.hpp
-- Installing: /home/xxx/HUN_sentry_xxx/pb2025_Nav/install/auto_aim_interfaces/include/auto_aim_interfaces/auto_aim_interfaces/msg/debug_lights.hpp
-- Up-to-date: /home/xxx/HUN_sentry_xxx/pb2025_Nav/install/auto_aim_interfaces/include/auto_aim_interfaces/auto_aim_interfaces
-- Up-to-date: /home/xxx/HUN_sentry_xxx/pb2025_Nav/install/auto_aim_interfaces/include/auto_aim_interfaces/auto_aim_interfaces/msg
-- Up-to-date: /home/xxx/HUN_sentry_xxx/pb2025_Nav/install/auto_aim_interfaces/include/auto_aim_interfaces/auto_aim_interfaces/msg/detail
-- Installing: /home/xxx/HUN_sentry_xxx/pb2025_Nav/install/auto_aim_interfaces/include/auto_aim_interfaces/auto_aim_interfaces/msg/detail/debug_lights__rosidl_typesupport_fastrtps_cpp.hpp
-- Installing: /home/xxx/HUN_sentry_xxx/pb2025_Nav/install/auto_aim_interfaces/include/auto_aim_interfaces/auto_aim_interfaces/msg/detail/debug_light__rosidl_typesupport_fastrtps_cpp.hpp
-- Installing: /home/xxx/HUN_sentry_xxx/pb2025_Nav/install/auto_aim_interfaces/include/auto_aim_interfaces/auto_aim_interfaces/msg/detail/target__rosidl_typesupport_fastrtps_cpp.hpp
-- Installing: /home/xxx/HUN_sentry_xxx/pb2025_Nav/install/auto_aim_interfaces/include/auto_aim_interfaces/auto_aim_interfaces/msg/detail/debug_armor__rosidl_typesupport_fastrtps_cpp.hpp
-- Installing: /home/xxx/HUN_sentry_xxx/pb2025_Nav/install/auto_aim_interfaces/include/auto_aim_interfaces/auto_aim_interfaces/msg/detail/armors__rosidl_typesupport_fastrtps_cpp.hpp
-- Installing: /home/xxx/HUN_sentry_xxx/pb2025_Nav/install/auto_aim_interfaces/include/auto_aim_interfaces/auto_aim_interfaces/msg/detail/dds_fastrtps
-- Installing: /home/xxx/HUN_sentry_xxx/pb2025_Nav/install/auto_aim_interfaces/include/auto_aim_interfaces/auto_aim_interfaces/msg/detail/tracker_info__rosidl_typesupport_fastrtps_cpp.hpp
-- Installing: /home/xxx/HUN_sentry_xxx/pb2025_Nav/install/auto_aim_interfaces/include/auto_aim_interfaces/auto_aim_interfaces/msg/detail/debug_armors__rosidl_typesupport_fastrtps_cpp.hpp
-- Installing: /home/xxx/HUN_sentry_xxx/pb2025_Nav/install/auto_aim_interfaces/include/auto_aim_interfaces/auto_aim_interfaces/msg/detail/armor__rosidl_typesupport_fastrtps_cpp.hpp
-- Installing: /home/xxx/HUN_sentry_xxx/pb2025_Nav/install/auto_aim_interfaces/include/auto_aim_interfaces/auto_aim_interfaces/msg/rosidl_typesupport_fastrtps_cpp__visibility_control.h
-- Installing: /home/xxx/HUN_sentry_xxx/pb2025_Nav/install/auto_aim_interfaces/lib/libauto_aim_interfaces__rosidl_typesupport_fastrtps_cpp.so
-- Set runtime path of "/home/xxx/HUN_sentry_xxx/pb2025_Nav/install/auto_aim_interfaces/lib/libauto_aim_interfaces__rosidl_typesupport_fastrtps_cpp.so" to ""
-- Up-to-date: /home/xxx/HUN_sentry_xxx/pb2025_Nav/install/auto_aim_interfaces/include/auto_aim_interfaces/auto_aim_interfaces
-- Up-to-date: /home/xxx/HUN_sentry_xxx/pb2025_Nav/install/auto_aim_interfaces/include/auto_aim_interfaces/auto_aim_interfaces/msg
-- Up-to-date: /home/xxx/HUN_sentry_xxx/pb2025_Nav/install/auto_aim_interfaces/include/auto_aim_interfaces/auto_aim_interfaces/msg/detail
-- Installing: /home/xxx/HUN_sentry_xxx/pb2025_Nav/install/auto_aim_interfaces/include/auto_aim_interfaces/auto_aim_interfaces/msg/detail/armor__rosidl_typesupport_introspection_cpp.hpp
-- Installing: /home/xxx/HUN_sentry_xxx/pb2025_Nav/install/auto_aim_interfaces/include/auto_aim_interfaces/auto_aim_interfaces/msg/detail/debug_light__type_support.cpp
-- Installing: /home/xxx/HUN_sentry_xxx/pb2025_Nav/install/auto_aim_interfaces/include/auto_aim_interfaces/auto_aim_interfaces/msg/detail/debug_armors__type_support.cpp
-- Installing: /home/xxx/HUN_sentry_xxx/pb2025_Nav/install/auto_aim_interfaces/include/auto_aim_interfaces/auto_aim_interfaces/msg/detail/target__type_support.cpp
-- Installing: /home/xxx/HUN_sentry_xxx/pb2025_Nav/install/auto_aim_interfaces/include/auto_aim_interfaces/auto_aim_interfaces/msg/detail/armors__rosidl_typesupport_introspection_cpp.hpp
-- Installing: /home/xxx/HUN_sentry_xxx/pb2025_Nav/install/auto_aim_interfaces/include/auto_aim_interfaces/auto_aim_interfaces/msg/detail/debug_lights__rosidl_typesupport_introspection_cpp.hpp
-- Installing: /home/xxx/HUN_sentry_xxx/pb2025_Nav/install/auto_aim_interfaces/include/auto_aim_interfaces/auto_aim_interfaces/msg/detail/debug_light__rosidl_typesupport_introspection_cpp.hpp
-- Installing: /home/xxx/HUN_sentry_xxx/pb2025_Nav/install/auto_aim_interfaces/include/auto_aim_interfaces/auto_aim_interfaces/msg/detail/debug_armor__rosidl_typesupport_introspection_cpp.hpp
-- Installing: /home/xxx/HUN_sentry_xxx/pb2025_Nav/install/auto_aim_interfaces/include/auto_aim_interfaces/auto_aim_interfaces/msg/detail/armors__type_support.cpp
-- Installing: /home/xxx/HUN_sentry_xxx/pb2025_Nav/install/auto_aim_interfaces/include/auto_aim_interfaces/auto_aim_interfaces/msg/detail/debug_armor__type_support.cpp
-- Installing: /home/xxx/HUN_sentry_xxx/pb2025_Nav/install/auto_aim_interfaces/include/auto_aim_interfaces/auto_aim_interfaces/msg/detail/tracker_info__type_support.cpp
-- Installing: /home/xxx/HUN_sentry_xxx/pb2025_Nav/install/auto_aim_interfaces/include/auto_aim_interfaces/auto_aim_interfaces/msg/detail/debug_armors__rosidl_typesupport_introspection_cpp.hpp
-- Installing: /home/xxx/HUN_sentry_xxx/pb2025_Nav/install/auto_aim_interfaces/include/auto_aim_interfaces/auto_aim_interfaces/msg/detail/debug_lights__type_support.cpp
-- Installing: /home/xxx/HUN_sentry_xxx/pb2025_Nav/install/auto_aim_interfaces/include/auto_aim_interfaces/auto_aim_interfaces/msg/detail/armor__type_support.cpp
-- Installing: /home/xxx/HUN_sentry_xxx/pb2025_Nav/install/auto_aim_interfaces/include/auto_aim_interfaces/auto_aim_interfaces/msg/detail/tracker_info__rosidl_typesupport_introspection_cpp.hpp
-- Installing: /home/xxx/HUN_sentry_xxx/pb2025_Nav/install/auto_aim_interfaces/include/auto_aim_interfaces/auto_aim_interfaces/msg/detail/target__rosidl_typesupport_introspection_cpp.hpp
-- Installing: /home/xxx/HUN_sentry_xxx/pb2025_Nav/install/auto_aim_interfaces/lib/libauto_aim_interfaces__rosidl_typesupport_introspection_cpp.so
-- Set runtime path of "/home/xxx/HUN_sentry_xxx/pb2025_Nav/install/auto_aim_interfaces/lib/libauto_aim_interfaces__rosidl_typesupport_introspection_cpp.so" to ""
-- Installing: /home/xxx/HUN_sentry_xxx/pb2025_Nav/install/auto_aim_interfaces/lib/libauto_aim_interfaces__rosidl_typesupport_cpp.so
-- Set runtime path of "/home/xxx/HUN_sentry_xxx/pb2025_Nav/install/auto_aim_interfaces/lib/libauto_aim_interfaces__rosidl_typesupport_cpp.so" to ""
-- Installing: /home/xxx/HUN_sentry_xxx/pb2025_Nav/install/auto_aim_interfaces/share/auto_aim_interfaces/environment/pythonpath.sh
-- Installing: /home/xxx/HUN_sentry_xxx/pb2025_Nav/install/auto_aim_interfaces/share/auto_aim_interfaces/environment/pythonpath.dsv
-- Installing: /home/xxx/HUN_sentry_xxx/pb2025_Nav/install/auto_aim_interfaces/local/lib/python3.10/dist-packages/auto_aim_interfaces-0.0.0-py3.10.egg-info
-- Installing: /home/xxx/HUN_sentry_xxx/pb2025_Nav/install/auto_aim_interfaces/local/lib/python3.10/dist-packages/auto_aim_interfaces-0.0.0-py3.10.egg-info/dependency_links.txt
-- Installing: /home/xxx/HUN_sentry_xxx/pb2025_Nav/install/auto_aim_interfaces/local/lib/python3.10/dist-packages/auto_aim_interfaces-0.0.0-py3.10.egg-info/SOURCES.txt
-- Installing: /home/xxx/HUN_sentry_xxx/pb2025_Nav/install/auto_aim_interfaces/local/lib/python3.10/dist-packages/auto_aim_interfaces-0.0.0-py3.10.egg-info/PKG-INFO
-- Installing: /home/xxx/HUN_sentry_xxx/pb2025_Nav/install/auto_aim_interfaces/local/lib/python3.10/dist-packages/auto_aim_interfaces-0.0.0-py3.10.egg-info/top_level.txt
-- Installing: /home/xxx/HUN_sentry_xxx/pb2025_Nav/install/auto_aim_interfaces/local/lib/python3.10/dist-packages/auto_aim_interfaces
-- Installing: /home/xxx/HUN_sentry_xxx/pb2025_Nav/install/auto_aim_interfaces/local/lib/python3.10/dist-packages/auto_aim_interfaces/msg
-- Installing: /home/xxx/HUN_sentry_xxx/pb2025_Nav/install/auto_aim_interfaces/local/lib/python3.10/dist-packages/auto_aim_interfaces/msg/_target.py
-- Installing: /home/xxx/HUN_sentry_xxx/pb2025_Nav/install/auto_aim_interfaces/local/lib/python3.10/dist-packages/auto_aim_interfaces/msg/_target_s.c
-- Installing: /home/xxx/HUN_sentry_xxx/pb2025_Nav/install/auto_aim_interfaces/local/lib/python3.10/dist-packages/auto_aim_interfaces/msg/_debug_armors_s.c
-- Installing: /home/xxx/HUN_sentry_xxx/pb2025_Nav/install/auto_aim_interfaces/local/lib/python3.10/dist-packages/auto_aim_interfaces/msg/_armors.py
-- Installing: /home/xxx/HUN_sentry_xxx/pb2025_Nav/install/auto_aim_interfaces/local/lib/python3.10/dist-packages/auto_aim_interfaces/msg/_debug_light.py
-- Installing: /home/xxx/HUN_sentry_xxx/pb2025_Nav/install/auto_aim_interfaces/local/lib/python3.10/dist-packages/auto_aim_interfaces/msg/_debug_armors.py
-- Installing: /home/xxx/HUN_sentry_xxx/pb2025_Nav/install/auto_aim_interfaces/local/lib/python3.10/dist-packages/auto_aim_interfaces/msg/_debug_lights.py
-- Installing: /home/xxx/HUN_sentry_xxx/pb2025_Nav/install/auto_aim_interfaces/local/lib/python3.10/dist-packages/auto_aim_interfaces/msg/_tracker_info_s.c
-- Installing: /home/xxx/HUN_sentry_xxx/pb2025_Nav/install/auto_aim_interfaces/local/lib/python3.10/dist-packages/auto_aim_interfaces/msg/_tracker_info.py
-- Installing: /home/xxx/HUN_sentry_xxx/pb2025_Nav/install/auto_aim_interfaces/local/lib/python3.10/dist-packages/auto_aim_interfaces/msg/_debug_lights_s.c
-- Installing: /home/xxx/HUN_sentry_xxx/pb2025_Nav/install/auto_aim_interfaces/local/lib/python3.10/dist-packages/auto_aim_interfaces/msg/_armor.py
-- Installing: /home/xxx/HUN_sentry_xxx/pb2025_Nav/install/auto_aim_interfaces/local/lib/python3.10/dist-packages/auto_aim_interfaces/msg/_debug_armor_s.c
-- Installing: /home/xxx/HUN_sentry_xxx/pb2025_Nav/install/auto_aim_interfaces/local/lib/python3.10/dist-packages/auto_aim_interfaces/msg/_debug_light_s.c
-- Installing: /home/xxx/HUN_sentry_xxx/pb2025_Nav/install/auto_aim_interfaces/local/lib/python3.10/dist-packages/auto_aim_interfaces/msg/_debug_armor.py
-- Installing: /home/xxx/HUN_sentry_xxx/pb2025_Nav/install/auto_aim_interfaces/local/lib/python3.10/dist-packages/auto_aim_interfaces/msg/_armor_s.c
-- Installing: /home/xxx/HUN_sentry_xxx/pb2025_Nav/install/auto_aim_interfaces/local/lib/python3.10/dist-packages/auto_aim_interfaces/msg/_armors_s.c
-- Installing: /home/xxx/HUN_sentry_xxx/pb2025_Nav/install/auto_aim_interfaces/local/lib/python3.10/dist-packages/auto_aim_interfaces/msg/__init__.py
-- Installing: /home/xxx/HUN_sentry_xxx/pb2025_Nav/install/auto_aim_interfaces/local/lib/python3.10/dist-packages/auto_aim_interfaces/auto_aim_interfaces_s__rosidl_typesupport_introspection_c.cpython-310-x86_64-linux-gnu.so
-- Installing: /home/xxx/HUN_sentry_xxx/pb2025_Nav/install/auto_aim_interfaces/local/lib/python3.10/dist-packages/auto_aim_interfaces/_auto_aim_interfaces_s.ep.rosidl_typesupport_c.c
-- Installing: /home/xxx/HUN_sentry_xxx/pb2025_Nav/install/auto_aim_interfaces/local/lib/python3.10/dist-packages/auto_aim_interfaces/_auto_aim_interfaces_s.ep.rosidl_typesupport_introspection_c.c
-- Installing: /home/xxx/HUN_sentry_xxx/pb2025_Nav/install/auto_aim_interfaces/local/lib/python3.10/dist-packages/auto_aim_interfaces/libauto_aim_interfaces__rosidl_generator_py.so
-- Installing: /home/xxx/HUN_sentry_xxx/pb2025_Nav/install/auto_aim_interfaces/local/lib/python3.10/dist-packages/auto_aim_interfaces/auto_aim_interfaces_s__rosidl_typesupport_c.cpython-310-x86_64-linux-gnu.so
-- Installing: /home/xxx/HUN_sentry_xxx/pb2025_Nav/install/auto_aim_interfaces/local/lib/python3.10/dist-packages/auto_aim_interfaces/_auto_aim_interfaces_s.ep.rosidl_typesupport_fastrtps_c.c
-- Installing: /home/xxx/HUN_sentry_xxx/pb2025_Nav/install/auto_aim_interfaces/local/lib/python3.10/dist-packages/auto_aim_interfaces/auto_aim_interfaces_s__rosidl_typesupport_fastrtps_c.cpython-310-x86_64-linux-gnu.so
-- Installing: /home/xxx/HUN_sentry_xxx/pb2025_Nav/install/auto_aim_interfaces/local/lib/python3.10/dist-packages/auto_aim_interfaces/__init__.py
Listing '/home/xxx/HUN_sentry_xxx/pb2025_Nav/install/auto_aim_interfaces/local/lib/python3.10/dist-packages/auto_aim_interfaces'...
Compiling '/home/xxx/HUN_sentry_xxx/pb2025_Nav/install/auto_aim_interfaces/local/lib/python3.10/dist-packages/auto_aim_interfaces/__init__.py'...
Listing '/home/xxx/HUN_sentry_xxx/pb2025_Nav/install/auto_aim_interfaces/local/lib/python3.10/dist-packages/auto_aim_interfaces/msg'...
Compiling '/home/xxx/HUN_sentry_xxx/pb2025_Nav/install/auto_aim_interfaces/local/lib/python3.10/dist-packages/auto_aim_interfaces/msg/__init__.py'...
Compiling '/home/xxx/HUN_sentry_xxx/pb2025_Nav/install/auto_aim_interfaces/local/lib/python3.10/dist-packages/auto_aim_interfaces/msg/_armor.py'...
Compiling '/home/xxx/HUN_sentry_xxx/pb2025_Nav/install/auto_aim_interfaces/local/lib/python3.10/dist-packages/auto_aim_interfaces/msg/_armors.py'...
Compiling '/home/xxx/HUN_sentry_xxx/pb2025_Nav/install/auto_aim_interfaces/local/lib/python3.10/dist-packages/auto_aim_interfaces/msg/_debug_armor.py'...
Compiling '/home/xxx/HUN_sentry_xxx/pb2025_Nav/install/auto_aim_interfaces/local/lib/python3.10/dist-packages/auto_aim_interfaces/msg/_debug_armors.py'...
Compiling '/home/xxx/HUN_sentry_xxx/pb2025_Nav/install/auto_aim_interfaces/local/lib/python3.10/dist-packages/auto_aim_interfaces/msg/_debug_light.py'...
Compiling '/home/xxx/HUN_sentry_xxx/pb2025_Nav/install/auto_aim_interfaces/local/lib/python3.10/dist-packages/auto_aim_interfaces/msg/_debug_lights.py'...
Compiling '/home/xxx/HUN_sentry_xxx/pb2025_Nav/install/auto_aim_interfaces/local/lib/python3.10/dist-packages/auto_aim_interfaces/msg/_target.py'...
Compiling '/home/xxx/HUN_sentry_xxx/pb2025_Nav/install/auto_aim_interfaces/local/lib/python3.10/dist-packages/auto_aim_interfaces/msg/_tracker_info.py'...
-- Installing: /home/xxx/HUN_sentry_xxx/pb2025_Nav/install/auto_aim_interfaces/local/lib/python3.10/dist-packages/auto_aim_interfaces/auto_aim_interfaces_s__rosidl_typesupport_fastrtps_c.cpython-310-x86_64-linux-gnu.so
-- Set runtime path of "/home/xxx/HUN_sentry_xxx/pb2025_Nav/install/auto_aim_interfaces/local/lib/python3.10/dist-packages/auto_aim_interfaces/auto_aim_interfaces_s__rosidl_typesupport_fastrtps_c.cpython-310-x86_64-linux-gnu.so" to ""
-- Installing: /home/xxx/HUN_sentry_xxx/pb2025_Nav/install/auto_aim_interfaces/local/lib/python3.10/dist-packages/auto_aim_interfaces/auto_aim_interfaces_s__rosidl_typesupport_introspection_c.cpython-310-x86_64-linux-gnu.so
-- Set runtime path of "/home/xxx/HUN_sentry_xxx/pb2025_Nav/install/auto_aim_interfaces/local/lib/python3.10/dist-packages/auto_aim_interfaces/auto_aim_interfaces_s__rosidl_typesupport_introspection_c.cpython-310-x86_64-linux-gnu.so" to ""
-- Installing: /home/xxx/HUN_sentry_xxx/pb2025_Nav/install/auto_aim_interfaces/local/lib/python3.10/dist-packages/auto_aim_interfaces/auto_aim_interfaces_s__rosidl_typesupport_c.cpython-310-x86_64-linux-gnu.so
-- Set runtime path of "/home/xxx/HUN_sentry_xxx/pb2025_Nav/install/auto_aim_interfaces/local/lib/python3.10/dist-packages/auto_aim_interfaces/auto_aim_interfaces_s__rosidl_typesupport_c.cpython-310-x86_64-linux-gnu.so" to ""
-- Installing: /home/xxx/HUN_sentry_xxx/pb2025_Nav/install/auto_aim_interfaces/lib/libauto_aim_interfaces__rosidl_generator_py.so
-- Set runtime path of "/home/xxx/HUN_sentry_xxx/pb2025_Nav/install/auto_aim_interfaces/lib/libauto_aim_interfaces__rosidl_generator_py.so" to ""
-- Installing: /home/xxx/HUN_sentry_xxx/pb2025_Nav/install/auto_aim_interfaces/share/ament_index/resource_index/rust_packages/auto_aim_interfaces
-- Installing: /home/xxx/HUN_sentry_xxx/pb2025_Nav/install/auto_aim_interfaces/share/auto_aim_interfaces/rust
-- Installing: /home/xxx/HUN_sentry_xxx/pb2025_Nav/install/auto_aim_interfaces/share/auto_aim_interfaces/rust/src
-- Installing: /home/xxx/HUN_sentry_xxx/pb2025_Nav/install/auto_aim_interfaces/share/auto_aim_interfaces/rust/src/msg.rs
-- Installing: /home/xxx/HUN_sentry_xxx/pb2025_Nav/install/auto_aim_interfaces/share/auto_aim_interfaces/rust/src/msg
-- Installing: /home/xxx/HUN_sentry_xxx/pb2025_Nav/install/auto_aim_interfaces/share/auto_aim_interfaces/rust/src/msg/rmw.rs
-- Installing: /home/xxx/HUN_sentry_xxx/pb2025_Nav/install/auto_aim_interfaces/share/auto_aim_interfaces/rust/src/lib.rs
-- Installing: /home/xxx/HUN_sentry_xxx/pb2025_Nav/install/auto_aim_interfaces/share/auto_aim_interfaces/rust/build.rs
-- Installing: /home/xxx/HUN_sentry_xxx/pb2025_Nav/install/auto_aim_interfaces/share/auto_aim_interfaces/rust/Cargo.toml
-- Installing: /home/xxx/HUN_sentry_xxx/pb2025_Nav/install/auto_aim_interfaces/share/auto_aim_interfaces/msg/Armor.idl
-- Installing: /home/xxx/HUN_sentry_xxx/pb2025_Nav/install/auto_aim_interfaces/share/auto_aim_interfaces/msg/Armors.idl
-- Installing: /home/xxx/HUN_sentry_xxx/pb2025_Nav/install/auto_aim_interfaces/share/auto_aim_interfaces/msg/Target.idl
-- Installing: /home/xxx/HUN_sentry_xxx/pb2025_Nav/install/auto_aim_interfaces/share/auto_aim_interfaces/msg/DebugLight.idl
-- Installing: /home/xxx/HUN_sentry_xxx/pb2025_Nav/install/auto_aim_interfaces/share/auto_aim_interfaces/msg/DebugLights.idl
-- Installing: /home/xxx/HUN_sentry_xxx/pb2025_Nav/install/auto_aim_interfaces/share/auto_aim_interfaces/msg/DebugArmor.idl
-- Installing: /home/xxx/HUN_sentry_xxx/pb2025_Nav/install/auto_aim_interfaces/share/auto_aim_interfaces/msg/DebugArmors.idl
-- Installing: /home/xxx/HUN_sentry_xxx/pb2025_Nav/install/auto_aim_interfaces/share/auto_aim_interfaces/msg/TrackerInfo.idl
-- Installing: /home/xxx/HUN_sentry_xxx/pb2025_Nav/install/auto_aim_interfaces/share/auto_aim_interfaces/msg/Armor.msg
-- Installing: /home/xxx/HUN_sentry_xxx/pb2025_Nav/install/auto_aim_interfaces/share/auto_aim_interfaces/msg/Armors.msg
-- Installing: /home/xxx/HUN_sentry_xxx/pb2025_Nav/install/auto_aim_interfaces/share/auto_aim_interfaces/msg/Target.msg
-- Installing: /home/xxx/HUN_sentry_xxx/pb2025_Nav/install/auto_aim_interfaces/share/auto_aim_interfaces/msg/DebugLight.msg
-- Installing: /home/xxx/HUN_sentry_xxx/pb2025_Nav/install/auto_aim_interfaces/share/auto_aim_interfaces/msg/DebugLights.msg
-- Installing: /home/xxx/HUN_sentry_xxx/pb2025_Nav/install/auto_aim_interfaces/share/auto_aim_interfaces/msg/DebugArmor.msg
-- Installing: /home/xxx/HUN_sentry_xxx/pb2025_Nav/install/auto_aim_interfaces/share/auto_aim_interfaces/msg/DebugArmors.msg
-- Installing: /home/xxx/HUN_sentry_xxx/pb2025_Nav/install/auto_aim_interfaces/share/auto_aim_interfaces/msg/TrackerInfo.msg
-- Installing: /home/xxx/HUN_sentry_xxx/pb2025_Nav/install/auto_aim_interfaces/share/ament_index/resource_index/package_run_dependencies/auto_aim_interfaces
-- Installing: /home/xxx/HUN_sentry_xxx/pb2025_Nav/install/auto_aim_interfaces/share/ament_index/resource_index/parent_prefix_path/auto_aim_interfaces
-- Installing: /home/xxx/HUN_sentry_xxx/pb2025_Nav/install/auto_aim_interfaces/share/auto_aim_interfaces/environment/ament_prefix_path.sh
-- Installing: /home/xxx/HUN_sentry_xxx/pb2025_Nav/install/auto_aim_interfaces/share/auto_aim_interfaces/environment/ament_prefix_path.dsv
-- Installing: /home/xxx/HUN_sentry_xxx/pb2025_Nav/install/auto_aim_interfaces/share/auto_aim_interfaces/environment/path.sh
-- Installing: /home/xxx/HUN_sentry_xxx/pb2025_Nav/install/auto_aim_interfaces/share/auto_aim_interfaces/environment/path.dsv
-- Installing: /home/xxx/HUN_sentry_xxx/pb2025_Nav/install/auto_aim_interfaces/share/auto_aim_interfaces/local_setup.bash
-- Installing: /home/xxx/HUN_sentry_xxx/pb2025_Nav/install/auto_aim_interfaces/share/auto_aim_interfaces/local_setup.sh
-- Installing: /home/xxx/HUN_sentry_xxx/pb2025_Nav/install/auto_aim_interfaces/share/auto_aim_interfaces/local_setup.zsh
-- Installing: /home/xxx/HUN_sentry_xxx/pb2025_Nav/install/auto_aim_interfaces/share/auto_aim_interfaces/local_setup.dsv
-- Installing: /home/xxx/HUN_sentry_xxx/pb2025_Nav/install/auto_aim_interfaces/share/auto_aim_interfaces/package.dsv
-- Installing: /home/xxx/HUN_sentry_xxx/pb2025_Nav/install/auto_aim_interfaces/share/ament_index/resource_index/packages/auto_aim_interfaces
-- Installing: /home/xxx/HUN_sentry_xxx/pb2025_Nav/install/auto_aim_interfaces/share/auto_aim_interfaces/cmake/export_auto_aim_interfaces__rosidl_generator_cExport.cmake
-- Installing: /home/xxx/HUN_sentry_xxx/pb2025_Nav/install/auto_aim_interfaces/share/auto_aim_interfaces/cmake/export_auto_aim_interfaces__rosidl_generator_cExport-noconfig.cmake
-- Installing: /home/xxx/HUN_sentry_xxx/pb2025_Nav/install/auto_aim_interfaces/share/auto_aim_interfaces/cmake/export_auto_aim_interfaces__rosidl_typesupport_fastrtps_cExport.cmake
-- Installing: /home/xxx/HUN_sentry_xxx/pb2025_Nav/install/auto_aim_interfaces/share/auto_aim_interfaces/cmake/export_auto_aim_interfaces__rosidl_typesupport_fastrtps_cExport-noconfig.cmake
-- Installing: /home/xxx/HUN_sentry_xxx/pb2025_Nav/install/auto_aim_interfaces/share/auto_aim_interfaces/cmake/auto_aim_interfaces__rosidl_typesupport_introspection_cExport.cmake
-- Installing: /home/xxx/HUN_sentry_xxx/pb2025_Nav/install/auto_aim_interfaces/share/auto_aim_interfaces/cmake/auto_aim_interfaces__rosidl_typesupport_introspection_cExport-noconfig.cmake
-- Installing: /home/xxx/HUN_sentry_xxx/pb2025_Nav/install/auto_aim_interfaces/share/auto_aim_interfaces/cmake/auto_aim_interfaces__rosidl_typesupport_cExport.cmake
-- Installing: /home/xxx/HUN_sentry_xxx/pb2025_Nav/install/auto_aim_interfaces/share/auto_aim_interfaces/cmake/auto_aim_interfaces__rosidl_typesupport_cExport-noconfig.cmake
-- Installing: /home/xxx/HUN_sentry_xxx/pb2025_Nav/install/auto_aim_interfaces/share/auto_aim_interfaces/cmake/export_auto_aim_interfaces__rosidl_generator_cppExport.cmake
-- Installing: /home/xxx/HUN_sentry_xxx/pb2025_Nav/install/auto_aim_interfaces/share/auto_aim_interfaces/cmake/export_auto_aim_interfaces__rosidl_typesupport_fastrtps_cppExport.cmake
-- Installing: /home/xxx/HUN_sentry_xxx/pb2025_Nav/install/auto_aim_interfaces/share/auto_aim_interfaces/cmake/export_auto_aim_interfaces__rosidl_typesupport_fastrtps_cppExport-noconfig.cmake
-- Installing: /home/xxx/HUN_sentry_xxx/pb2025_Nav/install/auto_aim_interfaces/share/auto_aim_interfaces/cmake/auto_aim_interfaces__rosidl_typesupport_introspection_cppExport.cmake
-- Installing: /home/xxx/HUN_sentry_xxx/pb2025_Nav/install/auto_aim_interfaces/share/auto_aim_interfaces/cmake/auto_aim_interfaces__rosidl_typesupport_introspection_cppExport-noconfig.cmake
-- Installing: /home/xxx/HUN_sentry_xxx/pb2025_Nav/install/auto_aim_interfaces/share/auto_aim_interfaces/cmake/auto_aim_interfaces__rosidl_typesupport_cppExport.cmake
-- Installing: /home/xxx/HUN_sentry_xxx/pb2025_Nav/install/auto_aim_interfaces/share/auto_aim_interfaces/cmake/auto_aim_interfaces__rosidl_typesupport_cppExport-noconfig.cmake
-- Installing: /home/xxx/HUN_sentry_xxx/pb2025_Nav/install/auto_aim_interfaces/share/auto_aim_interfaces/cmake/export_auto_aim_interfaces__rosidl_generator_pyExport.cmake
-- Installing: /home/xxx/HUN_sentry_xxx/pb2025_Nav/install/auto_aim_interfaces/share/auto_aim_interfaces/cmake/export_auto_aim_interfaces__rosidl_generator_pyExport-noconfig.cmake
-- Installing: /home/xxx/HUN_sentry_xxx/pb2025_Nav/install/auto_aim_interfaces/share/auto_aim_interfaces/cmake/rosidl_cmake-extras.cmake
-- Installing: /home/xxx/HUN_sentry_xxx/pb2025_Nav/install/auto_aim_interfaces/share/auto_aim_interfaces/cmake/ament_cmake_export_dependencies-extras.cmake
-- Installing: /home/xxx/HUN_sentry_xxx/pb2025_Nav/install/auto_aim_interfaces/share/auto_aim_interfaces/cmake/ament_cmake_export_include_directories-extras.cmake
-- Installing: /home/xxx/HUN_sentry_xxx/pb2025_Nav/install/auto_aim_interfaces/share/auto_aim_interfaces/cmake/ament_cmake_export_libraries-extras.cmake
-- Installing: /home/xxx/HUN_sentry_xxx/pb2025_Nav/install/auto_aim_interfaces/share/auto_aim_interfaces/cmake/ament_cmake_export_targets-extras.cmake
-- Installing: /home/xxx/HUN_sentry_xxx/pb2025_Nav/install/auto_aim_interfaces/share/auto_aim_interfaces/cmake/rosidl_cmake_export_typesupport_targets-extras.cmake
-- Installing: /home/xxx/HUN_sentry_xxx/pb2025_Nav/install/auto_aim_interfaces/share/auto_aim_interfaces/cmake/rosidl_cmake_export_typesupport_libraries-extras.cmake
-- Installing: /home/xxx/HUN_sentry_xxx/pb2025_Nav/install/auto_aim_interfaces/share/auto_aim_interfaces/cmake/auto_aim_interfacesConfig.cmake
-- Installing: /home/xxx/HUN_sentry_xxx/pb2025_Nav/install/auto_aim_interfaces/share/auto_aim_interfaces/cmake/auto_aim_interfacesConfig-version.cmake
-- Installing: /home/xxx/HUN_sentry_xxx/pb2025_Nav/install/auto_aim_interfaces/share/auto_aim_interfaces/package.xml
