[0.007s] Invoking command in '/home/xxx/HUN_sentry_xxx/pb2025_Nav/build/auto_aim_interfaces': CMAKE_PREFIX_PATH=/opt/ros/humble __trae_PS1=\n(TraeAI-4) \w [$?] $ /usr/bin/cmake /home/xxx/HUN_sentry_xxx/pb2025_Nav/src/interfaces/auto_aim_interfaces -DCMAKE_INSTALL_PREFIX=/home/xxx/HUN_sentry_xxx/pb2025_Nav/install/auto_aim_interfaces
[0.042s] -- The C compiler identification is GNU 11.4.0
[0.078s] -- The CXX compiler identification is GNU 11.4.0
[0.082s] -- Detecting C compiler ABI info
[0.130s] -- Detecting C compiler ABI info - done
[0.134s] -- Check for working C compiler: /usr/bin/cc - skipped
[0.134s] -- Detecting C compile features
[0.134s] -- Detecting C compile features - done
[0.136s] -- Detecting CXX compiler ABI info
[0.192s] -- Detecting CXX compiler ABI info - done
[0.195s] -- Check for working CXX compiler: /usr/bin/c++ - skipped
[0.196s] -- Detecting CXX compile features
[0.196s] -- Detecting CXX compile features - done
[0.199s] -- Found ament_cmake: 1.3.14 (/opt/ros/humble/share/ament_cmake/cmake)
[0.287s] -- Found Python3: /usr/bin/python3 (found version "3.10.12") found components: Interpreter 
[0.349s] -- Found rosidl_default_generators: 1.2.1 (/opt/ros/humble/share/rosidl_default_generators/cmake)
[0.351s] -- Using all available rosidl_typesupport_c: rosidl_typesupport_fastrtps_c;rosidl_typesupport_introspection_c
[0.355s] -- Found rosidl_adapter: 3.1.8 (/opt/ros/humble/share/rosidl_adapter/cmake)
[0.385s] -- Using all available rosidl_typesupport_cpp: rosidl_typesupport_fastrtps_cpp;rosidl_typesupport_introspection_cpp
[0.410s] -- Found geometry_msgs: 4.9.1 (/opt/ros/humble/share/geometry_msgs/cmake)
[0.618s] -- Found ament_cmake_ros: 0.10.0 (/opt/ros/humble/share/ament_cmake_ros/cmake)
[0.770s] -- Using all available rosidl_typesupport_c: rosidl_typesupport_fastrtps_c;rosidl_typesupport_introspection_c
[0.964s] -- Using all available rosidl_typesupport_cpp: rosidl_typesupport_fastrtps_cpp;rosidl_typesupport_introspection_cpp
[0.979s] -- Found PythonInterp: /usr/bin/python3 (found suitable version "3.10.12", minimum required is "3.6") 
[0.981s] -- Found python_cmake_module: 0.10.0 (/opt/ros/humble/share/python_cmake_module/cmake)
[0.999s] -- Found PythonLibs: /usr/lib/x86_64-linux-gnu/libpython3.10.so (found suitable version "3.10.12", minimum required is "3.5") 
[0.999s] -- Using PYTHON_EXECUTABLE: /usr/bin/python3
[0.999s] -- Using PYTHON_INCLUDE_DIRS: /usr/include/python3.10
[0.999s] -- Using PYTHON_LIBRARIES: /usr/lib/x86_64-linux-gnu/libpython3.10.so
[1.011s] -- Found PythonExtra: .so  
[1.103s] -- Configuring done
[1.133s] -- Generating done
[1.140s] -- Build files have been written to: /home/xxx/HUN_sentry_xxx/pb2025_Nav/build/auto_aim_interfaces
[1.146s] Invoked command in '/home/xxx/HUN_sentry_xxx/pb2025_Nav/build/auto_aim_interfaces' returned '0': CMAKE_PREFIX_PATH=/opt/ros/humble __trae_PS1=\n(TraeAI-4) \w [$?] $ /usr/bin/cmake /home/xxx/HUN_sentry_xxx/pb2025_Nav/src/interfaces/auto_aim_interfaces -DCMAKE_INSTALL_PREFIX=/home/xxx/HUN_sentry_xxx/pb2025_Nav/install/auto_aim_interfaces
[1.148s] Invoking command in '/home/xxx/HUN_sentry_xxx/pb2025_Nav/build/auto_aim_interfaces': CMAKE_PREFIX_PATH=/opt/ros/humble __trae_PS1=\n(TraeAI-4) \w [$?] $ /usr/bin/cmake --build /home/xxx/HUN_sentry_xxx/pb2025_Nav/build/auto_aim_interfaces -- -j32 -l32
[1.179s] [  1%] Generating C code for ROS interfaces
[1.186s] [  2%] Generating Rust code for ROS interfaces
[1.187s] [  3%] Generating C++ code for ROS interfaces
[1.192s] [  3%] Built target ament_cmake_python_copy_auto_aim_interfaces
[1.323s] running egg_info
[1.324s] creating auto_aim_interfaces.egg-info
[1.324s] writing auto_aim_interfaces.egg-info/PKG-INFO
[1.324s] writing dependency_links to auto_aim_interfaces.egg-info/dependency_links.txt
[1.324s] writing top-level names to auto_aim_interfaces.egg-info/top_level.txt
[1.324s] writing manifest file 'auto_aim_interfaces.egg-info/SOURCES.txt'
[1.325s] reading manifest file 'auto_aim_interfaces.egg-info/SOURCES.txt'
[1.325s] writing manifest file 'auto_aim_interfaces.egg-info/SOURCES.txt'
[1.343s] [  3%] Built target ament_cmake_python_build_auto_aim_interfaces_egg
[1.362s] [  3%] Built target auto_aim_interfaces__rs
[1.484s] [  3%] Built target auto_aim_interfaces__cpp
[1.492s] [  6%] Generating C++ introspection for ROS interfaces
[1.493s] [  6%] Generating C++ type support dispatch for ROS interfaces
[1.493s] [  6%] Generating C++ type support for eProsima Fast-RTPS
[1.503s] [  9%] Building C object CMakeFiles/auto_aim_interfaces__rosidl_generator_c.dir/rosidl_generator_c/auto_aim_interfaces/msg/detail/armors__functions.c.o
[1.503s] [  9%] Building C object CMakeFiles/auto_aim_interfaces__rosidl_generator_c.dir/rosidl_generator_c/auto_aim_interfaces/msg/detail/armor__functions.c.o
[1.504s] [ 13%] Building C object CMakeFiles/auto_aim_interfaces__rosidl_generator_c.dir/rosidl_generator_c/auto_aim_interfaces/msg/detail/debug_lights__functions.c.o
[1.504s] [ 13%] Building C object CMakeFiles/auto_aim_interfaces__rosidl_generator_c.dir/rosidl_generator_c/auto_aim_interfaces/msg/detail/target__functions.c.o
[1.504s] [ 13%] Building C object CMakeFiles/auto_aim_interfaces__rosidl_generator_c.dir/rosidl_generator_c/auto_aim_interfaces/msg/detail/debug_armor__functions.c.o
[1.504s] [ 13%] Building C object CMakeFiles/auto_aim_interfaces__rosidl_generator_c.dir/rosidl_generator_c/auto_aim_interfaces/msg/detail/debug_light__functions.c.o
[1.504s] [ 14%] Building C object CMakeFiles/auto_aim_interfaces__rosidl_generator_c.dir/rosidl_generator_c/auto_aim_interfaces/msg/detail/debug_armors__functions.c.o
[1.504s] [ 15%] Building C object CMakeFiles/auto_aim_interfaces__rosidl_generator_c.dir/rosidl_generator_c/auto_aim_interfaces/msg/detail/tracker_info__functions.c.o
[1.539s] [ 17%] Linking C shared library libauto_aim_interfaces__rosidl_generator_c.so
[1.570s] [ 17%] Built target auto_aim_interfaces__rosidl_generator_c
[1.578s] [ 20%] Generating C type support dispatch for ROS interfaces
[1.579s] [ 20%] Generating C introspection for ROS interfaces
[1.579s] [ 20%] Generating C type support for eProsima Fast-RTPS
[1.694s] [ 22%] Building CXX object CMakeFiles/auto_aim_interfaces__rosidl_typesupport_cpp.dir/rosidl_typesupport_cpp/auto_aim_interfaces/msg/armor__type_support.cpp.o
[1.695s] [ 22%] Building CXX object CMakeFiles/auto_aim_interfaces__rosidl_typesupport_cpp.dir/rosidl_typesupport_cpp/auto_aim_interfaces/msg/armors__type_support.cpp.o
[1.695s] [ 23%] Building CXX object CMakeFiles/auto_aim_interfaces__rosidl_typesupport_cpp.dir/rosidl_typesupport_cpp/auto_aim_interfaces/msg/target__type_support.cpp.o
[1.695s] [ 25%] Building CXX object CMakeFiles/auto_aim_interfaces__rosidl_typesupport_cpp.dir/rosidl_typesupport_cpp/auto_aim_interfaces/msg/debug_lights__type_support.cpp.o
[1.695s] [ 26%] Building CXX object CMakeFiles/auto_aim_interfaces__rosidl_typesupport_cpp.dir/rosidl_typesupport_cpp/auto_aim_interfaces/msg/debug_armors__type_support.cpp.o
[1.696s] [ 27%] Building CXX object CMakeFiles/auto_aim_interfaces__rosidl_typesupport_cpp.dir/rosidl_typesupport_cpp/auto_aim_interfaces/msg/tracker_info__type_support.cpp.o
[1.696s] [ 29%] Building CXX object CMakeFiles/auto_aim_interfaces__rosidl_typesupport_cpp.dir/rosidl_typesupport_cpp/auto_aim_interfaces/msg/debug_armor__type_support.cpp.o
[1.696s] [ 29%] Building CXX object CMakeFiles/auto_aim_interfaces__rosidl_typesupport_cpp.dir/rosidl_typesupport_cpp/auto_aim_interfaces/msg/debug_light__type_support.cpp.o
[1.737s] [ 31%] Building CXX object CMakeFiles/auto_aim_interfaces__rosidl_typesupport_introspection_cpp.dir/rosidl_typesupport_introspection_cpp/auto_aim_interfaces/msg/detail/armor__type_support.cpp.o
[1.737s] [ 31%] Building CXX object CMakeFiles/auto_aim_interfaces__rosidl_typesupport_introspection_cpp.dir/rosidl_typesupport_introspection_cpp/auto_aim_interfaces/msg/detail/armors__type_support.cpp.o
[1.737s] [ 32%] Building CXX object CMakeFiles/auto_aim_interfaces__rosidl_typesupport_introspection_cpp.dir/rosidl_typesupport_introspection_cpp/auto_aim_interfaces/msg/detail/debug_armor__type_support.cpp.o
[1.738s] [ 34%] Building CXX object CMakeFiles/auto_aim_interfaces__rosidl_typesupport_introspection_cpp.dir/rosidl_typesupport_introspection_cpp/auto_aim_interfaces/msg/detail/target__type_support.cpp.o
[1.739s] [ 35%] Building CXX object CMakeFiles/auto_aim_interfaces__rosidl_typesupport_introspection_cpp.dir/rosidl_typesupport_introspection_cpp/auto_aim_interfaces/msg/detail/debug_light__type_support.cpp.o
[1.740s] [ 37%] Building CXX object CMakeFiles/auto_aim_interfaces__rosidl_typesupport_introspection_cpp.dir/rosidl_typesupport_introspection_cpp/auto_aim_interfaces/msg/detail/debug_armors__type_support.cpp.o
[1.740s] [ 37%] Building CXX object CMakeFiles/auto_aim_interfaces__rosidl_typesupport_introspection_cpp.dir/rosidl_typesupport_introspection_cpp/auto_aim_interfaces/msg/detail/debug_lights__type_support.cpp.o
[1.740s] [ 38%] Building CXX object CMakeFiles/auto_aim_interfaces__rosidl_typesupport_introspection_cpp.dir/rosidl_typesupport_introspection_cpp/auto_aim_interfaces/msg/detail/tracker_info__type_support.cpp.o
[1.785s] [ 39%] Building CXX object CMakeFiles/auto_aim_interfaces__rosidl_typesupport_fastrtps_cpp.dir/rosidl_typesupport_fastrtps_cpp/auto_aim_interfaces/msg/detail/dds_fastrtps/target__type_support.cpp.o
[1.787s] [ 43%] Building CXX object CMakeFiles/auto_aim_interfaces__rosidl_typesupport_fastrtps_cpp.dir/rosidl_typesupport_fastrtps_cpp/auto_aim_interfaces/msg/detail/dds_fastrtps/debug_armor__type_support.cpp.o
[1.787s] [ 43%] Building CXX object CMakeFiles/auto_aim_interfaces__rosidl_typesupport_fastrtps_cpp.dir/rosidl_typesupport_fastrtps_cpp/auto_aim_interfaces/msg/detail/dds_fastrtps/debug_light__type_support.cpp.o
[1.787s] [ 44%] Building CXX object CMakeFiles/auto_aim_interfaces__rosidl_typesupport_fastrtps_cpp.dir/rosidl_typesupport_fastrtps_cpp/auto_aim_interfaces/msg/detail/dds_fastrtps/armors__type_support.cpp.o
[1.787s] [ 44%] Building CXX object CMakeFiles/auto_aim_interfaces__rosidl_typesupport_fastrtps_cpp.dir/rosidl_typesupport_fastrtps_cpp/auto_aim_interfaces/msg/detail/dds_fastrtps/armor__type_support.cpp.o
[1.787s] [ 45%] Building CXX object CMakeFiles/auto_aim_interfaces__rosidl_typesupport_fastrtps_cpp.dir/rosidl_typesupport_fastrtps_cpp/auto_aim_interfaces/msg/detail/dds_fastrtps/debug_lights__type_support.cpp.o
[1.787s] [ 46%] Building CXX object CMakeFiles/auto_aim_interfaces__rosidl_typesupport_fastrtps_cpp.dir/rosidl_typesupport_fastrtps_cpp/auto_aim_interfaces/msg/detail/dds_fastrtps/tracker_info__type_support.cpp.o
[1.789s] [ 47%] Building CXX object CMakeFiles/auto_aim_interfaces__rosidl_typesupport_fastrtps_cpp.dir/rosidl_typesupport_fastrtps_cpp/auto_aim_interfaces/msg/detail/dds_fastrtps/debug_armors__type_support.cpp.o
[1.805s] [ 50%] Building CXX object CMakeFiles/auto_aim_interfaces__rosidl_typesupport_c.dir/rosidl_typesupport_c/auto_aim_interfaces/msg/debug_armor__type_support.cpp.o
[1.806s] [ 50%] Building CXX object CMakeFiles/auto_aim_interfaces__rosidl_typesupport_c.dir/rosidl_typesupport_c/auto_aim_interfaces/msg/armor__type_support.cpp.o
[1.806s] [ 51%] Building CXX object CMakeFiles/auto_aim_interfaces__rosidl_typesupport_c.dir/rosidl_typesupport_c/auto_aim_interfaces/msg/target__type_support.cpp.o
[1.806s] [ 52%] Building CXX object CMakeFiles/auto_aim_interfaces__rosidl_typesupport_c.dir/rosidl_typesupport_c/auto_aim_interfaces/msg/armors__type_support.cpp.o
[1.811s] [ 53%] Building CXX object CMakeFiles/auto_aim_interfaces__rosidl_typesupport_c.dir/rosidl_typesupport_c/auto_aim_interfaces/msg/debug_light__type_support.cpp.o
[1.814s] [ 54%] Building CXX object CMakeFiles/auto_aim_interfaces__rosidl_typesupport_c.dir/rosidl_typesupport_c/auto_aim_interfaces/msg/debug_lights__type_support.cpp.o
[1.843s] [ 55%] Building CXX object CMakeFiles/auto_aim_interfaces__rosidl_typesupport_c.dir/rosidl_typesupport_c/auto_aim_interfaces/msg/tracker_info__type_support.cpp.o
[1.845s] [ 56%] Building CXX object CMakeFiles/auto_aim_interfaces__rosidl_typesupport_c.dir/rosidl_typesupport_c/auto_aim_interfaces/msg/debug_armors__type_support.cpp.o
[1.886s] [ 57%] Linking CXX shared library libauto_aim_interfaces__rosidl_typesupport_c.so
[1.902s] [ 59%] Building C object CMakeFiles/auto_aim_interfaces__rosidl_typesupport_introspection_c.dir/rosidl_typesupport_introspection_c/auto_aim_interfaces/msg/detail/armor__type_support.c.o
[1.902s] [ 60%] Building C object CMakeFiles/auto_aim_interfaces__rosidl_typesupport_introspection_c.dir/rosidl_typesupport_introspection_c/auto_aim_interfaces/msg/detail/target__type_support.c.o
[1.903s] [ 62%] Building C object CMakeFiles/auto_aim_interfaces__rosidl_typesupport_introspection_c.dir/rosidl_typesupport_introspection_c/auto_aim_interfaces/msg/detail/debug_light__type_support.c.o
[1.903s] [ 62%] Building C object CMakeFiles/auto_aim_interfaces__rosidl_typesupport_introspection_c.dir/rosidl_typesupport_introspection_c/auto_aim_interfaces/msg/detail/debug_lights__type_support.c.o
[1.903s] [ 63%] Building C object CMakeFiles/auto_aim_interfaces__rosidl_typesupport_introspection_c.dir/rosidl_typesupport_introspection_c/auto_aim_interfaces/msg/detail/armors__type_support.c.o
[1.904s] [ 64%] Building C object CMakeFiles/auto_aim_interfaces__rosidl_typesupport_introspection_c.dir/rosidl_typesupport_introspection_c/auto_aim_interfaces/msg/detail/debug_armor__type_support.c.o
[1.904s] [ 65%] Building C object CMakeFiles/auto_aim_interfaces__rosidl_typesupport_introspection_c.dir/rosidl_typesupport_introspection_c/auto_aim_interfaces/msg/detail/tracker_info__type_support.c.o
[1.904s] [ 67%] Building C object CMakeFiles/auto_aim_interfaces__rosidl_typesupport_introspection_c.dir/rosidl_typesupport_introspection_c/auto_aim_interfaces/msg/detail/debug_armors__type_support.c.o
[1.916s] [ 68%] Building CXX object CMakeFiles/auto_aim_interfaces__rosidl_typesupport_fastrtps_c.dir/rosidl_typesupport_fastrtps_c/auto_aim_interfaces/msg/detail/armor__type_support_c.cpp.o
[1.920s] [ 69%] Building CXX object CMakeFiles/auto_aim_interfaces__rosidl_typesupport_fastrtps_c.dir/rosidl_typesupport_fastrtps_c/auto_aim_interfaces/msg/detail/target__type_support_c.cpp.o
[1.920s] [ 70%] Building CXX object CMakeFiles/auto_aim_interfaces__rosidl_typesupport_fastrtps_c.dir/rosidl_typesupport_fastrtps_c/auto_aim_interfaces/msg/detail/armors__type_support_c.cpp.o
[1.920s] [ 71%] Building CXX object CMakeFiles/auto_aim_interfaces__rosidl_typesupport_fastrtps_c.dir/rosidl_typesupport_fastrtps_c/auto_aim_interfaces/msg/detail/debug_light__type_support_c.cpp.o
[1.920s] [ 72%] Building CXX object CMakeFiles/auto_aim_interfaces__rosidl_typesupport_fastrtps_c.dir/rosidl_typesupport_fastrtps_c/auto_aim_interfaces/msg/detail/debug_lights__type_support_c.cpp.o
[1.923s] [ 73%] Building CXX object CMakeFiles/auto_aim_interfaces__rosidl_typesupport_fastrtps_c.dir/rosidl_typesupport_fastrtps_c/auto_aim_interfaces/msg/detail/debug_armor__type_support_c.cpp.o
[1.924s] [ 75%] Linking CXX shared library libauto_aim_interfaces__rosidl_typesupport_cpp.so
[1.941s] [ 76%] Building CXX object CMakeFiles/auto_aim_interfaces__rosidl_typesupport_fastrtps_c.dir/rosidl_typesupport_fastrtps_c/auto_aim_interfaces/msg/detail/debug_armors__type_support_c.cpp.o
[1.942s] [ 76%] Built target auto_aim_interfaces__rosidl_typesupport_c
[1.944s] [ 77%] Building CXX object CMakeFiles/auto_aim_interfaces__rosidl_typesupport_fastrtps_c.dir/rosidl_typesupport_fastrtps_c/auto_aim_interfaces/msg/detail/tracker_info__type_support_c.cpp.o
[1.953s] [ 78%] Linking C shared library libauto_aim_interfaces__rosidl_typesupport_introspection_c.so
[1.966s] [ 78%] Built target auto_aim_interfaces__rosidl_typesupport_cpp
[1.988s] [ 78%] Built target auto_aim_interfaces__rosidl_typesupport_introspection_c
[2.088s] [ 79%] Linking CXX shared library libauto_aim_interfaces__rosidl_typesupport_introspection_cpp.so
[2.119s] [ 80%] Linking CXX shared library libauto_aim_interfaces__rosidl_typesupport_fastrtps_cpp.so
[2.150s] [ 80%] Built target auto_aim_interfaces__rosidl_typesupport_introspection_cpp
[2.175s] [ 81%] Linking CXX shared library libauto_aim_interfaces__rosidl_typesupport_fastrtps_c.so
[2.176s] [ 81%] Built target auto_aim_interfaces__rosidl_typesupport_fastrtps_cpp
[2.225s] [ 81%] Built target auto_aim_interfaces__rosidl_typesupport_fastrtps_c
[2.240s] [ 81%] Built target auto_aim_interfaces
[2.256s] [ 82%] Generating Python code for ROS interfaces
[2.709s] [ 82%] Built target auto_aim_interfaces__py
[2.724s] [ 84%] Building C object CMakeFiles/auto_aim_interfaces__rosidl_generator_py.dir/rosidl_generator_py/auto_aim_interfaces/msg/_armor_s.c.o
[2.724s] [ 85%] Building C object CMakeFiles/auto_aim_interfaces__rosidl_generator_py.dir/rosidl_generator_py/auto_aim_interfaces/msg/_target_s.c.o
[2.725s] [ 88%] Building C object CMakeFiles/auto_aim_interfaces__rosidl_generator_py.dir/rosidl_generator_py/auto_aim_interfaces/msg/_debug_light_s.c.o
[2.725s] [ 88%] Building C object CMakeFiles/auto_aim_interfaces__rosidl_generator_py.dir/rosidl_generator_py/auto_aim_interfaces/msg/_armors_s.c.o
[2.725s] [ 88%] Building C object CMakeFiles/auto_aim_interfaces__rosidl_generator_py.dir/rosidl_generator_py/auto_aim_interfaces/msg/_debug_lights_s.c.o
[2.725s] [ 89%] Building C object CMakeFiles/auto_aim_interfaces__rosidl_generator_py.dir/rosidl_generator_py/auto_aim_interfaces/msg/_debug_armor_s.c.o
[2.725s] [ 90%] Building C object CMakeFiles/auto_aim_interfaces__rosidl_generator_py.dir/rosidl_generator_py/auto_aim_interfaces/msg/_debug_armors_s.c.o
[2.726s] [ 92%] Building C object CMakeFiles/auto_aim_interfaces__rosidl_generator_py.dir/rosidl_generator_py/auto_aim_interfaces/msg/_tracker_info_s.c.o
[2.800s] [ 93%] Linking C shared library rosidl_generator_py/auto_aim_interfaces/libauto_aim_interfaces__rosidl_generator_py.so
[2.833s] [ 93%] Built target auto_aim_interfaces__rosidl_generator_py
[2.848s] [ 94%] Building C object CMakeFiles/auto_aim_interfaces__rosidl_typesupport_introspection_c__pyext.dir/rosidl_generator_py/auto_aim_interfaces/_auto_aim_interfaces_s.ep.rosidl_typesupport_introspection_c.c.o
[2.848s] [ 95%] Building C object CMakeFiles/auto_aim_interfaces__rosidl_typesupport_c__pyext.dir/rosidl_generator_py/auto_aim_interfaces/_auto_aim_interfaces_s.ep.rosidl_typesupport_c.c.o
[2.848s] [ 96%] Building C object CMakeFiles/auto_aim_interfaces__rosidl_typesupport_fastrtps_c__pyext.dir/rosidl_generator_py/auto_aim_interfaces/_auto_aim_interfaces_s.ep.rosidl_typesupport_fastrtps_c.c.o
[2.923s] [ 97%] Linking C shared library rosidl_generator_py/auto_aim_interfaces/auto_aim_interfaces_s__rosidl_typesupport_fastrtps_c.cpython-310-x86_64-linux-gnu.so
[2.923s] [100%] Linking C shared library rosidl_generator_py/auto_aim_interfaces/auto_aim_interfaces_s__rosidl_typesupport_introspection_c.cpython-310-x86_64-linux-gnu.so
[2.923s] [100%] Linking C shared library rosidl_generator_py/auto_aim_interfaces/auto_aim_interfaces_s__rosidl_typesupport_c.cpython-310-x86_64-linux-gnu.so
[2.952s] [100%] Built target auto_aim_interfaces__rosidl_typesupport_c__pyext
[2.952s] [100%] Built target auto_aim_interfaces__rosidl_typesupport_fastrtps_c__pyext
[2.952s] [100%] Built target auto_aim_interfaces__rosidl_typesupport_introspection_c__pyext
[2.961s] Invoked command in '/home/xxx/HUN_sentry_xxx/pb2025_Nav/build/auto_aim_interfaces' returned '0': CMAKE_PREFIX_PATH=/opt/ros/humble __trae_PS1=\n(TraeAI-4) \w [$?] $ /usr/bin/cmake --build /home/xxx/HUN_sentry_xxx/pb2025_Nav/build/auto_aim_interfaces -- -j32 -l32
[2.968s] Invoking command in '/home/xxx/HUN_sentry_xxx/pb2025_Nav/build/auto_aim_interfaces': CMAKE_PREFIX_PATH=/opt/ros/humble __trae_PS1=\n(TraeAI-4) \w [$?] $ /usr/bin/cmake --install /home/xxx/HUN_sentry_xxx/pb2025_Nav/build/auto_aim_interfaces
[2.973s] -- Install configuration: ""
[2.974s] -- Installing: /home/xxx/HUN_sentry_xxx/pb2025_Nav/install/auto_aim_interfaces/share/ament_index/resource_index/rosidl_interfaces/auto_aim_interfaces
[2.974s] -- Installing: /home/xxx/HUN_sentry_xxx/pb2025_Nav/install/auto_aim_interfaces/include/auto_aim_interfaces/auto_aim_interfaces
[2.974s] -- Installing: /home/xxx/HUN_sentry_xxx/pb2025_Nav/install/auto_aim_interfaces/include/auto_aim_interfaces/auto_aim_interfaces/msg
[2.974s] -- Installing: /home/xxx/HUN_sentry_xxx/pb2025_Nav/install/auto_aim_interfaces/include/auto_aim_interfaces/auto_aim_interfaces/msg/armor.h
[2.974s] -- Installing: /home/xxx/HUN_sentry_xxx/pb2025_Nav/install/auto_aim_interfaces/include/auto_aim_interfaces/auto_aim_interfaces/msg/debug_lights.h
[2.974s] -- Installing: /home/xxx/HUN_sentry_xxx/pb2025_Nav/install/auto_aim_interfaces/include/auto_aim_interfaces/auto_aim_interfaces/msg/rosidl_generator_c__visibility_control.h
[2.974s] -- Installing: /home/xxx/HUN_sentry_xxx/pb2025_Nav/install/auto_aim_interfaces/include/auto_aim_interfaces/auto_aim_interfaces/msg/debug_armor.h
[2.974s] -- Installing: /home/xxx/HUN_sentry_xxx/pb2025_Nav/install/auto_aim_interfaces/include/auto_aim_interfaces/auto_aim_interfaces/msg/detail
[2.974s] -- Installing: /home/xxx/HUN_sentry_xxx/pb2025_Nav/install/auto_aim_interfaces/include/auto_aim_interfaces/auto_aim_interfaces/msg/detail/armors__type_support.h
[2.974s] -- Installing: /home/xxx/HUN_sentry_xxx/pb2025_Nav/install/auto_aim_interfaces/include/auto_aim_interfaces/auto_aim_interfaces/msg/detail/debug_armors__struct.h
[2.974s] -- Installing: /home/xxx/HUN_sentry_xxx/pb2025_Nav/install/auto_aim_interfaces/include/auto_aim_interfaces/auto_aim_interfaces/msg/detail/debug_armors__functions.c
[2.975s] -- Installing: /home/xxx/HUN_sentry_xxx/pb2025_Nav/install/auto_aim_interfaces/include/auto_aim_interfaces/auto_aim_interfaces/msg/detail/armors__functions.h
[2.975s] -- Installing: /home/xxx/HUN_sentry_xxx/pb2025_Nav/install/auto_aim_interfaces/include/auto_aim_interfaces/auto_aim_interfaces/msg/detail/armor__functions.h
[2.975s] -- Installing: /home/xxx/HUN_sentry_xxx/pb2025_Nav/install/auto_aim_interfaces/include/auto_aim_interfaces/auto_aim_interfaces/msg/detail/armor__type_support.h
[2.975s] -- Installing: /home/xxx/HUN_sentry_xxx/pb2025_Nav/install/auto_aim_interfaces/include/auto_aim_interfaces/auto_aim_interfaces/msg/detail/debug_armor__functions.c
[2.975s] -- Installing: /home/xxx/HUN_sentry_xxx/pb2025_Nav/install/auto_aim_interfaces/include/auto_aim_interfaces/auto_aim_interfaces/msg/detail/tracker_info__functions.c
[2.975s] -- Installing: /home/xxx/HUN_sentry_xxx/pb2025_Nav/install/auto_aim_interfaces/include/auto_aim_interfaces/auto_aim_interfaces/msg/detail/tracker_info__type_support.h
[2.975s] -- Installing: /home/xxx/HUN_sentry_xxx/pb2025_Nav/install/auto_aim_interfaces/include/auto_aim_interfaces/auto_aim_interfaces/msg/detail/debug_armor__type_support.h
[2.975s] -- Installing: /home/xxx/HUN_sentry_xxx/pb2025_Nav/install/auto_aim_interfaces/include/auto_aim_interfaces/auto_aim_interfaces/msg/detail/tracker_info__functions.h
[2.975s] -- Installing: /home/xxx/HUN_sentry_xxx/pb2025_Nav/install/auto_aim_interfaces/include/auto_aim_interfaces/auto_aim_interfaces/msg/detail/debug_armors__type_support.h
[2.975s] -- Installing: /home/xxx/HUN_sentry_xxx/pb2025_Nav/install/auto_aim_interfaces/include/auto_aim_interfaces/auto_aim_interfaces/msg/detail/target__functions.h
[2.975s] -- Installing: /home/xxx/HUN_sentry_xxx/pb2025_Nav/install/auto_aim_interfaces/include/auto_aim_interfaces/auto_aim_interfaces/msg/detail/debug_armors__functions.h
[2.975s] -- Installing: /home/xxx/HUN_sentry_xxx/pb2025_Nav/install/auto_aim_interfaces/include/auto_aim_interfaces/auto_aim_interfaces/msg/detail/debug_light__struct.h
[2.975s] -- Installing: /home/xxx/HUN_sentry_xxx/pb2025_Nav/install/auto_aim_interfaces/include/auto_aim_interfaces/auto_aim_interfaces/msg/detail/target__type_support.h
[2.975s] -- Installing: /home/xxx/HUN_sentry_xxx/pb2025_Nav/install/auto_aim_interfaces/include/auto_aim_interfaces/auto_aim_interfaces/msg/detail/tracker_info__struct.h
[2.976s] -- Installing: /home/xxx/HUN_sentry_xxx/pb2025_Nav/install/auto_aim_interfaces/include/auto_aim_interfaces/auto_aim_interfaces/msg/detail/debug_light__type_support.h
[2.976s] -- Installing: /home/xxx/HUN_sentry_xxx/pb2025_Nav/install/auto_aim_interfaces/include/auto_aim_interfaces/auto_aim_interfaces/msg/detail/debug_light__functions.c
[2.976s] -- Installing: /home/xxx/HUN_sentry_xxx/pb2025_Nav/install/auto_aim_interfaces/include/auto_aim_interfaces/auto_aim_interfaces/msg/detail/armors__functions.c
[2.976s] -- Installing: /home/xxx/HUN_sentry_xxx/pb2025_Nav/install/auto_aim_interfaces/include/auto_aim_interfaces/auto_aim_interfaces/msg/detail/debug_light__functions.h
[2.976s] -- Installing: /home/xxx/HUN_sentry_xxx/pb2025_Nav/install/auto_aim_interfaces/include/auto_aim_interfaces/auto_aim_interfaces/msg/detail/target__functions.c
[2.976s] -- Installing: /home/xxx/HUN_sentry_xxx/pb2025_Nav/install/auto_aim_interfaces/include/auto_aim_interfaces/auto_aim_interfaces/msg/detail/armor__struct.h
[2.976s] -- Installing: /home/xxx/HUN_sentry_xxx/pb2025_Nav/install/auto_aim_interfaces/include/auto_aim_interfaces/auto_aim_interfaces/msg/detail/debug_lights__functions.c
[2.976s] -- Installing: /home/xxx/HUN_sentry_xxx/pb2025_Nav/install/auto_aim_interfaces/include/auto_aim_interfaces/auto_aim_interfaces/msg/detail/debug_lights__struct.h
[2.976s] -- Installing: /home/xxx/HUN_sentry_xxx/pb2025_Nav/install/auto_aim_interfaces/include/auto_aim_interfaces/auto_aim_interfaces/msg/detail/debug_lights__functions.h
[2.976s] -- Installing: /home/xxx/HUN_sentry_xxx/pb2025_Nav/install/auto_aim_interfaces/include/auto_aim_interfaces/auto_aim_interfaces/msg/detail/debug_armor__struct.h
[2.976s] -- Installing: /home/xxx/HUN_sentry_xxx/pb2025_Nav/install/auto_aim_interfaces/include/auto_aim_interfaces/auto_aim_interfaces/msg/detail/debug_armor__functions.h
[2.976s] -- Installing: /home/xxx/HUN_sentry_xxx/pb2025_Nav/install/auto_aim_interfaces/include/auto_aim_interfaces/auto_aim_interfaces/msg/detail/armors__struct.h
[2.976s] -- Installing: /home/xxx/HUN_sentry_xxx/pb2025_Nav/install/auto_aim_interfaces/include/auto_aim_interfaces/auto_aim_interfaces/msg/detail/debug_lights__type_support.h
[2.977s] -- Installing: /home/xxx/HUN_sentry_xxx/pb2025_Nav/install/auto_aim_interfaces/include/auto_aim_interfaces/auto_aim_interfaces/msg/detail/armor__functions.c
[2.977s] -- Installing: /home/xxx/HUN_sentry_xxx/pb2025_Nav/install/auto_aim_interfaces/include/auto_aim_interfaces/auto_aim_interfaces/msg/detail/target__struct.h
[2.977s] -- Installing: /home/xxx/HUN_sentry_xxx/pb2025_Nav/install/auto_aim_interfaces/include/auto_aim_interfaces/auto_aim_interfaces/msg/debug_armors.h
[2.977s] -- Installing: /home/xxx/HUN_sentry_xxx/pb2025_Nav/install/auto_aim_interfaces/include/auto_aim_interfaces/auto_aim_interfaces/msg/debug_light.h
[2.977s] -- Installing: /home/xxx/HUN_sentry_xxx/pb2025_Nav/install/auto_aim_interfaces/include/auto_aim_interfaces/auto_aim_interfaces/msg/target.h
[2.977s] -- Installing: /home/xxx/HUN_sentry_xxx/pb2025_Nav/install/auto_aim_interfaces/include/auto_aim_interfaces/auto_aim_interfaces/msg/armors.h
[2.977s] -- Installing: /home/xxx/HUN_sentry_xxx/pb2025_Nav/install/auto_aim_interfaces/include/auto_aim_interfaces/auto_aim_interfaces/msg/tracker_info.h
[2.977s] -- Installing: /home/xxx/HUN_sentry_xxx/pb2025_Nav/install/auto_aim_interfaces/share/auto_aim_interfaces/environment/library_path.sh
[2.977s] -- Installing: /home/xxx/HUN_sentry_xxx/pb2025_Nav/install/auto_aim_interfaces/share/auto_aim_interfaces/environment/library_path.dsv
[2.977s] -- Installing: /home/xxx/HUN_sentry_xxx/pb2025_Nav/install/auto_aim_interfaces/lib/libauto_aim_interfaces__rosidl_generator_c.so
[2.978s] -- Set runtime path of "/home/xxx/HUN_sentry_xxx/pb2025_Nav/install/auto_aim_interfaces/lib/libauto_aim_interfaces__rosidl_generator_c.so" to ""
[2.978s] -- Up-to-date: /home/xxx/HUN_sentry_xxx/pb2025_Nav/install/auto_aim_interfaces/include/auto_aim_interfaces/auto_aim_interfaces
[2.978s] -- Up-to-date: /home/xxx/HUN_sentry_xxx/pb2025_Nav/install/auto_aim_interfaces/include/auto_aim_interfaces/auto_aim_interfaces/msg
[2.978s] -- Up-to-date: /home/xxx/HUN_sentry_xxx/pb2025_Nav/install/auto_aim_interfaces/include/auto_aim_interfaces/auto_aim_interfaces/msg/detail
[2.978s] -- Installing: /home/xxx/HUN_sentry_xxx/pb2025_Nav/install/auto_aim_interfaces/include/auto_aim_interfaces/auto_aim_interfaces/msg/detail/target__rosidl_typesupport_fastrtps_c.h
[2.978s] -- Installing: /home/xxx/HUN_sentry_xxx/pb2025_Nav/install/auto_aim_interfaces/include/auto_aim_interfaces/auto_aim_interfaces/msg/detail/debug_lights__rosidl_typesupport_fastrtps_c.h
[2.978s] -- Installing: /home/xxx/HUN_sentry_xxx/pb2025_Nav/install/auto_aim_interfaces/include/auto_aim_interfaces/auto_aim_interfaces/msg/detail/debug_light__rosidl_typesupport_fastrtps_c.h
[2.978s] -- Installing: /home/xxx/HUN_sentry_xxx/pb2025_Nav/install/auto_aim_interfaces/include/auto_aim_interfaces/auto_aim_interfaces/msg/detail/debug_armors__rosidl_typesupport_fastrtps_c.h
[2.978s] -- Installing: /home/xxx/HUN_sentry_xxx/pb2025_Nav/install/auto_aim_interfaces/include/auto_aim_interfaces/auto_aim_interfaces/msg/detail/tracker_info__rosidl_typesupport_fastrtps_c.h
[2.978s] -- Installing: /home/xxx/HUN_sentry_xxx/pb2025_Nav/install/auto_aim_interfaces/include/auto_aim_interfaces/auto_aim_interfaces/msg/detail/debug_armor__rosidl_typesupport_fastrtps_c.h
[2.978s] -- Installing: /home/xxx/HUN_sentry_xxx/pb2025_Nav/install/auto_aim_interfaces/include/auto_aim_interfaces/auto_aim_interfaces/msg/detail/armor__rosidl_typesupport_fastrtps_c.h
[2.978s] -- Installing: /home/xxx/HUN_sentry_xxx/pb2025_Nav/install/auto_aim_interfaces/include/auto_aim_interfaces/auto_aim_interfaces/msg/detail/armors__rosidl_typesupport_fastrtps_c.h
[2.979s] -- Installing: /home/xxx/HUN_sentry_xxx/pb2025_Nav/install/auto_aim_interfaces/include/auto_aim_interfaces/auto_aim_interfaces/msg/rosidl_typesupport_fastrtps_c__visibility_control.h
[2.979s] -- Installing: /home/xxx/HUN_sentry_xxx/pb2025_Nav/install/auto_aim_interfaces/lib/libauto_aim_interfaces__rosidl_typesupport_fastrtps_c.so
[2.979s] -- Set runtime path of "/home/xxx/HUN_sentry_xxx/pb2025_Nav/install/auto_aim_interfaces/lib/libauto_aim_interfaces__rosidl_typesupport_fastrtps_c.so" to ""
[2.979s] -- Up-to-date: /home/xxx/HUN_sentry_xxx/pb2025_Nav/install/auto_aim_interfaces/include/auto_aim_interfaces/auto_aim_interfaces
[2.979s] -- Up-to-date: /home/xxx/HUN_sentry_xxx/pb2025_Nav/install/auto_aim_interfaces/include/auto_aim_interfaces/auto_aim_interfaces/msg
[2.979s] -- Up-to-date: /home/xxx/HUN_sentry_xxx/pb2025_Nav/install/auto_aim_interfaces/include/auto_aim_interfaces/auto_aim_interfaces/msg/detail
[2.979s] -- Installing: /home/xxx/HUN_sentry_xxx/pb2025_Nav/install/auto_aim_interfaces/include/auto_aim_interfaces/auto_aim_interfaces/msg/detail/debug_light__type_support.c
[2.979s] -- Installing: /home/xxx/HUN_sentry_xxx/pb2025_Nav/install/auto_aim_interfaces/include/auto_aim_interfaces/auto_aim_interfaces/msg/detail/debug_light__rosidl_typesupport_introspection_c.h
[2.979s] -- Installing: /home/xxx/HUN_sentry_xxx/pb2025_Nav/install/auto_aim_interfaces/include/auto_aim_interfaces/auto_aim_interfaces/msg/detail/tracker_info__rosidl_typesupport_introspection_c.h
[2.979s] -- Installing: /home/xxx/HUN_sentry_xxx/pb2025_Nav/install/auto_aim_interfaces/include/auto_aim_interfaces/auto_aim_interfaces/msg/detail/armor__rosidl_typesupport_introspection_c.h
[2.979s] -- Installing: /home/xxx/HUN_sentry_xxx/pb2025_Nav/install/auto_aim_interfaces/include/auto_aim_interfaces/auto_aim_interfaces/msg/detail/debug_armor__rosidl_typesupport_introspection_c.h
[2.979s] -- Installing: /home/xxx/HUN_sentry_xxx/pb2025_Nav/install/auto_aim_interfaces/include/auto_aim_interfaces/auto_aim_interfaces/msg/detail/debug_lights__type_support.c
[2.980s] -- Installing: /home/xxx/HUN_sentry_xxx/pb2025_Nav/install/auto_aim_interfaces/include/auto_aim_interfaces/auto_aim_interfaces/msg/detail/armors__rosidl_typesupport_introspection_c.h
[2.980s] -- Installing: /home/xxx/HUN_sentry_xxx/pb2025_Nav/install/auto_aim_interfaces/include/auto_aim_interfaces/auto_aim_interfaces/msg/detail/target__rosidl_typesupport_introspection_c.h
[2.980s] -- Installing: /home/xxx/HUN_sentry_xxx/pb2025_Nav/install/auto_aim_interfaces/include/auto_aim_interfaces/auto_aim_interfaces/msg/detail/target__type_support.c
[2.980s] -- Installing: /home/xxx/HUN_sentry_xxx/pb2025_Nav/install/auto_aim_interfaces/include/auto_aim_interfaces/auto_aim_interfaces/msg/detail/debug_armors__type_support.c
[2.980s] -- Installing: /home/xxx/HUN_sentry_xxx/pb2025_Nav/install/auto_aim_interfaces/include/auto_aim_interfaces/auto_aim_interfaces/msg/detail/armor__type_support.c
[2.980s] -- Installing: /home/xxx/HUN_sentry_xxx/pb2025_Nav/install/auto_aim_interfaces/include/auto_aim_interfaces/auto_aim_interfaces/msg/detail/debug_armor__type_support.c
[2.980s] -- Installing: /home/xxx/HUN_sentry_xxx/pb2025_Nav/install/auto_aim_interfaces/include/auto_aim_interfaces/auto_aim_interfaces/msg/detail/debug_lights__rosidl_typesupport_introspection_c.h
[2.980s] -- Installing: /home/xxx/HUN_sentry_xxx/pb2025_Nav/install/auto_aim_interfaces/include/auto_aim_interfaces/auto_aim_interfaces/msg/detail/tracker_info__type_support.c
[2.980s] -- Installing: /home/xxx/HUN_sentry_xxx/pb2025_Nav/install/auto_aim_interfaces/include/auto_aim_interfaces/auto_aim_interfaces/msg/detail/debug_armors__rosidl_typesupport_introspection_c.h
[2.980s] -- Installing: /home/xxx/HUN_sentry_xxx/pb2025_Nav/install/auto_aim_interfaces/include/auto_aim_interfaces/auto_aim_interfaces/msg/detail/armors__type_support.c
[2.980s] -- Installing: /home/xxx/HUN_sentry_xxx/pb2025_Nav/install/auto_aim_interfaces/include/auto_aim_interfaces/auto_aim_interfaces/msg/rosidl_typesupport_introspection_c__visibility_control.h
[2.980s] -- Installing: /home/xxx/HUN_sentry_xxx/pb2025_Nav/install/auto_aim_interfaces/lib/libauto_aim_interfaces__rosidl_typesupport_introspection_c.so
[2.981s] -- Set runtime path of "/home/xxx/HUN_sentry_xxx/pb2025_Nav/install/auto_aim_interfaces/lib/libauto_aim_interfaces__rosidl_typesupport_introspection_c.so" to ""
[2.981s] -- Installing: /home/xxx/HUN_sentry_xxx/pb2025_Nav/install/auto_aim_interfaces/lib/libauto_aim_interfaces__rosidl_typesupport_c.so
[2.981s] -- Set runtime path of "/home/xxx/HUN_sentry_xxx/pb2025_Nav/install/auto_aim_interfaces/lib/libauto_aim_interfaces__rosidl_typesupport_c.so" to ""
[2.981s] -- Up-to-date: /home/xxx/HUN_sentry_xxx/pb2025_Nav/install/auto_aim_interfaces/include/auto_aim_interfaces/auto_aim_interfaces
[2.981s] -- Up-to-date: /home/xxx/HUN_sentry_xxx/pb2025_Nav/install/auto_aim_interfaces/include/auto_aim_interfaces/auto_aim_interfaces/msg
[2.981s] -- Installing: /home/xxx/HUN_sentry_xxx/pb2025_Nav/install/auto_aim_interfaces/include/auto_aim_interfaces/auto_aim_interfaces/msg/debug_armors.hpp
[2.981s] -- Installing: /home/xxx/HUN_sentry_xxx/pb2025_Nav/install/auto_aim_interfaces/include/auto_aim_interfaces/auto_aim_interfaces/msg/debug_light.hpp
[2.981s] -- Installing: /home/xxx/HUN_sentry_xxx/pb2025_Nav/install/auto_aim_interfaces/include/auto_aim_interfaces/auto_aim_interfaces/msg/armor.hpp
[2.981s] -- Installing: /home/xxx/HUN_sentry_xxx/pb2025_Nav/install/auto_aim_interfaces/include/auto_aim_interfaces/auto_aim_interfaces/msg/armors.hpp
[2.982s] -- Up-to-date: /home/xxx/HUN_sentry_xxx/pb2025_Nav/install/auto_aim_interfaces/include/auto_aim_interfaces/auto_aim_interfaces/msg/detail
[2.982s] -- Installing: /home/xxx/HUN_sentry_xxx/pb2025_Nav/install/auto_aim_interfaces/include/auto_aim_interfaces/auto_aim_interfaces/msg/detail/tracker_info__struct.hpp
[2.982s] -- Installing: /home/xxx/HUN_sentry_xxx/pb2025_Nav/install/auto_aim_interfaces/include/auto_aim_interfaces/auto_aim_interfaces/msg/detail/debug_light__struct.hpp
[2.982s] -- Installing: /home/xxx/HUN_sentry_xxx/pb2025_Nav/install/auto_aim_interfaces/include/auto_aim_interfaces/auto_aim_interfaces/msg/detail/debug_light__type_support.hpp
[2.982s] -- Installing: /home/xxx/HUN_sentry_xxx/pb2025_Nav/install/auto_aim_interfaces/include/auto_aim_interfaces/auto_aim_interfaces/msg/detail/debug_armors__struct.hpp
[2.982s] -- Installing: /home/xxx/HUN_sentry_xxx/pb2025_Nav/install/auto_aim_interfaces/include/auto_aim_interfaces/auto_aim_interfaces/msg/detail/tracker_info__traits.hpp
[2.982s] -- Installing: /home/xxx/HUN_sentry_xxx/pb2025_Nav/install/auto_aim_interfaces/include/auto_aim_interfaces/auto_aim_interfaces/msg/detail/armor__builder.hpp
[2.982s] -- Installing: /home/xxx/HUN_sentry_xxx/pb2025_Nav/install/auto_aim_interfaces/include/auto_aim_interfaces/auto_aim_interfaces/msg/detail/armors__type_support.hpp
[2.982s] -- Installing: /home/xxx/HUN_sentry_xxx/pb2025_Nav/install/auto_aim_interfaces/include/auto_aim_interfaces/auto_aim_interfaces/msg/detail/debug_armors__type_support.hpp
[2.982s] -- Installing: /home/xxx/HUN_sentry_xxx/pb2025_Nav/install/auto_aim_interfaces/include/auto_aim_interfaces/auto_aim_interfaces/msg/detail/debug_lights__traits.hpp
[2.982s] -- Installing: /home/xxx/HUN_sentry_xxx/pb2025_Nav/install/auto_aim_interfaces/include/auto_aim_interfaces/auto_aim_interfaces/msg/detail/debug_armor__struct.hpp
[2.982s] -- Installing: /home/xxx/HUN_sentry_xxx/pb2025_Nav/install/auto_aim_interfaces/include/auto_aim_interfaces/auto_aim_interfaces/msg/detail/debug_armor__traits.hpp
[2.982s] -- Installing: /home/xxx/HUN_sentry_xxx/pb2025_Nav/install/auto_aim_interfaces/include/auto_aim_interfaces/auto_aim_interfaces/msg/detail/tracker_info__builder.hpp
[2.983s] -- Installing: /home/xxx/HUN_sentry_xxx/pb2025_Nav/install/auto_aim_interfaces/include/auto_aim_interfaces/auto_aim_interfaces/msg/detail/tracker_info__type_support.hpp
[2.983s] -- Installing: /home/xxx/HUN_sentry_xxx/pb2025_Nav/install/auto_aim_interfaces/include/auto_aim_interfaces/auto_aim_interfaces/msg/detail/armors__struct.hpp
[2.983s] -- Installing: /home/xxx/HUN_sentry_xxx/pb2025_Nav/install/auto_aim_interfaces/include/auto_aim_interfaces/auto_aim_interfaces/msg/detail/debug_lights__builder.hpp
[2.983s] -- Installing: /home/xxx/HUN_sentry_xxx/pb2025_Nav/install/auto_aim_interfaces/include/auto_aim_interfaces/auto_aim_interfaces/msg/detail/armor__traits.hpp
[2.983s] -- Installing: /home/xxx/HUN_sentry_xxx/pb2025_Nav/install/auto_aim_interfaces/include/auto_aim_interfaces/auto_aim_interfaces/msg/detail/target__builder.hpp
[2.983s] -- Installing: /home/xxx/HUN_sentry_xxx/pb2025_Nav/install/auto_aim_interfaces/include/auto_aim_interfaces/auto_aim_interfaces/msg/detail/armor__struct.hpp
[2.983s] -- Installing: /home/xxx/HUN_sentry_xxx/pb2025_Nav/install/auto_aim_interfaces/include/auto_aim_interfaces/auto_aim_interfaces/msg/detail/debug_light__builder.hpp
[2.983s] -- Installing: /home/xxx/HUN_sentry_xxx/pb2025_Nav/install/auto_aim_interfaces/include/auto_aim_interfaces/auto_aim_interfaces/msg/detail/debug_armors__builder.hpp
[2.983s] -- Installing: /home/xxx/HUN_sentry_xxx/pb2025_Nav/install/auto_aim_interfaces/include/auto_aim_interfaces/auto_aim_interfaces/msg/detail/target__traits.hpp
[2.983s] -- Installing: /home/xxx/HUN_sentry_xxx/pb2025_Nav/install/auto_aim_interfaces/include/auto_aim_interfaces/auto_aim_interfaces/msg/detail/target__struct.hpp
[2.983s] -- Installing: /home/xxx/HUN_sentry_xxx/pb2025_Nav/install/auto_aim_interfaces/include/auto_aim_interfaces/auto_aim_interfaces/msg/detail/debug_lights__type_support.hpp
[2.984s] -- Installing: /home/xxx/HUN_sentry_xxx/pb2025_Nav/install/auto_aim_interfaces/include/auto_aim_interfaces/auto_aim_interfaces/msg/detail/debug_armor__type_support.hpp
[2.984s] -- Installing: /home/xxx/HUN_sentry_xxx/pb2025_Nav/install/auto_aim_interfaces/include/auto_aim_interfaces/auto_aim_interfaces/msg/detail/target__type_support.hpp
[2.984s] -- Installing: /home/xxx/HUN_sentry_xxx/pb2025_Nav/install/auto_aim_interfaces/include/auto_aim_interfaces/auto_aim_interfaces/msg/detail/debug_armors__traits.hpp
[2.984s] -- Installing: /home/xxx/HUN_sentry_xxx/pb2025_Nav/install/auto_aim_interfaces/include/auto_aim_interfaces/auto_aim_interfaces/msg/detail/debug_armor__builder.hpp
[2.984s] -- Installing: /home/xxx/HUN_sentry_xxx/pb2025_Nav/install/auto_aim_interfaces/include/auto_aim_interfaces/auto_aim_interfaces/msg/detail/armor__type_support.hpp
[2.984s] -- Installing: /home/xxx/HUN_sentry_xxx/pb2025_Nav/install/auto_aim_interfaces/include/auto_aim_interfaces/auto_aim_interfaces/msg/detail/armors__builder.hpp
[2.984s] -- Installing: /home/xxx/HUN_sentry_xxx/pb2025_Nav/install/auto_aim_interfaces/include/auto_aim_interfaces/auto_aim_interfaces/msg/detail/armors__traits.hpp
[2.984s] -- Installing: /home/xxx/HUN_sentry_xxx/pb2025_Nav/install/auto_aim_interfaces/include/auto_aim_interfaces/auto_aim_interfaces/msg/detail/debug_lights__struct.hpp
[2.984s] -- Installing: /home/xxx/HUN_sentry_xxx/pb2025_Nav/install/auto_aim_interfaces/include/auto_aim_interfaces/auto_aim_interfaces/msg/detail/debug_light__traits.hpp
[2.984s] -- Installing: /home/xxx/HUN_sentry_xxx/pb2025_Nav/install/auto_aim_interfaces/include/auto_aim_interfaces/auto_aim_interfaces/msg/tracker_info.hpp
[2.984s] -- Installing: /home/xxx/HUN_sentry_xxx/pb2025_Nav/install/auto_aim_interfaces/include/auto_aim_interfaces/auto_aim_interfaces/msg/debug_armor.hpp
[2.984s] -- Installing: /home/xxx/HUN_sentry_xxx/pb2025_Nav/install/auto_aim_interfaces/include/auto_aim_interfaces/auto_aim_interfaces/msg/target.hpp
[2.984s] -- Installing: /home/xxx/HUN_sentry_xxx/pb2025_Nav/install/auto_aim_interfaces/include/auto_aim_interfaces/auto_aim_interfaces/msg/rosidl_generator_cpp__visibility_control.hpp
[2.985s] -- Installing: /home/xxx/HUN_sentry_xxx/pb2025_Nav/install/auto_aim_interfaces/include/auto_aim_interfaces/auto_aim_interfaces/msg/debug_lights.hpp
[2.985s] -- Up-to-date: /home/xxx/HUN_sentry_xxx/pb2025_Nav/install/auto_aim_interfaces/include/auto_aim_interfaces/auto_aim_interfaces
[2.985s] -- Up-to-date: /home/xxx/HUN_sentry_xxx/pb2025_Nav/install/auto_aim_interfaces/include/auto_aim_interfaces/auto_aim_interfaces/msg
[2.985s] -- Up-to-date: /home/xxx/HUN_sentry_xxx/pb2025_Nav/install/auto_aim_interfaces/include/auto_aim_interfaces/auto_aim_interfaces/msg/detail
[2.985s] -- Installing: /home/xxx/HUN_sentry_xxx/pb2025_Nav/install/auto_aim_interfaces/include/auto_aim_interfaces/auto_aim_interfaces/msg/detail/debug_lights__rosidl_typesupport_fastrtps_cpp.hpp
[2.985s] -- Installing: /home/xxx/HUN_sentry_xxx/pb2025_Nav/install/auto_aim_interfaces/include/auto_aim_interfaces/auto_aim_interfaces/msg/detail/debug_light__rosidl_typesupport_fastrtps_cpp.hpp
[2.985s] -- Installing: /home/xxx/HUN_sentry_xxx/pb2025_Nav/install/auto_aim_interfaces/include/auto_aim_interfaces/auto_aim_interfaces/msg/detail/target__rosidl_typesupport_fastrtps_cpp.hpp
[2.985s] -- Installing: /home/xxx/HUN_sentry_xxx/pb2025_Nav/install/auto_aim_interfaces/include/auto_aim_interfaces/auto_aim_interfaces/msg/detail/debug_armor__rosidl_typesupport_fastrtps_cpp.hpp
[2.985s] -- Installing: /home/xxx/HUN_sentry_xxx/pb2025_Nav/install/auto_aim_interfaces/include/auto_aim_interfaces/auto_aim_interfaces/msg/detail/armors__rosidl_typesupport_fastrtps_cpp.hpp
[2.985s] -- Installing: /home/xxx/HUN_sentry_xxx/pb2025_Nav/install/auto_aim_interfaces/include/auto_aim_interfaces/auto_aim_interfaces/msg/detail/dds_fastrtps
[2.985s] -- Installing: /home/xxx/HUN_sentry_xxx/pb2025_Nav/install/auto_aim_interfaces/include/auto_aim_interfaces/auto_aim_interfaces/msg/detail/tracker_info__rosidl_typesupport_fastrtps_cpp.hpp
[2.985s] -- Installing: /home/xxx/HUN_sentry_xxx/pb2025_Nav/install/auto_aim_interfaces/include/auto_aim_interfaces/auto_aim_interfaces/msg/detail/debug_armors__rosidl_typesupport_fastrtps_cpp.hpp
[2.985s] -- Installing: /home/xxx/HUN_sentry_xxx/pb2025_Nav/install/auto_aim_interfaces/include/auto_aim_interfaces/auto_aim_interfaces/msg/detail/armor__rosidl_typesupport_fastrtps_cpp.hpp
[2.985s] -- Installing: /home/xxx/HUN_sentry_xxx/pb2025_Nav/install/auto_aim_interfaces/include/auto_aim_interfaces/auto_aim_interfaces/msg/rosidl_typesupport_fastrtps_cpp__visibility_control.h
[2.986s] -- Installing: /home/xxx/HUN_sentry_xxx/pb2025_Nav/install/auto_aim_interfaces/lib/libauto_aim_interfaces__rosidl_typesupport_fastrtps_cpp.so
[2.986s] -- Set runtime path of "/home/xxx/HUN_sentry_xxx/pb2025_Nav/install/auto_aim_interfaces/lib/libauto_aim_interfaces__rosidl_typesupport_fastrtps_cpp.so" to ""
[2.986s] -- Up-to-date: /home/xxx/HUN_sentry_xxx/pb2025_Nav/install/auto_aim_interfaces/include/auto_aim_interfaces/auto_aim_interfaces
[2.986s] -- Up-to-date: /home/xxx/HUN_sentry_xxx/pb2025_Nav/install/auto_aim_interfaces/include/auto_aim_interfaces/auto_aim_interfaces/msg
[2.986s] -- Up-to-date: /home/xxx/HUN_sentry_xxx/pb2025_Nav/install/auto_aim_interfaces/include/auto_aim_interfaces/auto_aim_interfaces/msg/detail
[2.986s] -- Installing: /home/xxx/HUN_sentry_xxx/pb2025_Nav/install/auto_aim_interfaces/include/auto_aim_interfaces/auto_aim_interfaces/msg/detail/armor__rosidl_typesupport_introspection_cpp.hpp
[2.986s] -- Installing: /home/xxx/HUN_sentry_xxx/pb2025_Nav/install/auto_aim_interfaces/include/auto_aim_interfaces/auto_aim_interfaces/msg/detail/debug_light__type_support.cpp
[2.986s] -- Installing: /home/xxx/HUN_sentry_xxx/pb2025_Nav/install/auto_aim_interfaces/include/auto_aim_interfaces/auto_aim_interfaces/msg/detail/debug_armors__type_support.cpp
[2.986s] -- Installing: /home/xxx/HUN_sentry_xxx/pb2025_Nav/install/auto_aim_interfaces/include/auto_aim_interfaces/auto_aim_interfaces/msg/detail/target__type_support.cpp
[2.986s] -- Installing: /home/xxx/HUN_sentry_xxx/pb2025_Nav/install/auto_aim_interfaces/include/auto_aim_interfaces/auto_aim_interfaces/msg/detail/armors__rosidl_typesupport_introspection_cpp.hpp
[2.987s] -- Installing: /home/xxx/HUN_sentry_xxx/pb2025_Nav/install/auto_aim_interfaces/include/auto_aim_interfaces/auto_aim_interfaces/msg/detail/debug_lights__rosidl_typesupport_introspection_cpp.hpp
[2.987s] -- Installing: /home/xxx/HUN_sentry_xxx/pb2025_Nav/install/auto_aim_interfaces/include/auto_aim_interfaces/auto_aim_interfaces/msg/detail/debug_light__rosidl_typesupport_introspection_cpp.hpp
[2.987s] -- Installing: /home/xxx/HUN_sentry_xxx/pb2025_Nav/install/auto_aim_interfaces/include/auto_aim_interfaces/auto_aim_interfaces/msg/detail/debug_armor__rosidl_typesupport_introspection_cpp.hpp
[2.987s] -- Installing: /home/xxx/HUN_sentry_xxx/pb2025_Nav/install/auto_aim_interfaces/include/auto_aim_interfaces/auto_aim_interfaces/msg/detail/armors__type_support.cpp
[2.987s] -- Installing: /home/xxx/HUN_sentry_xxx/pb2025_Nav/install/auto_aim_interfaces/include/auto_aim_interfaces/auto_aim_interfaces/msg/detail/debug_armor__type_support.cpp
[2.987s] -- Installing: /home/xxx/HUN_sentry_xxx/pb2025_Nav/install/auto_aim_interfaces/include/auto_aim_interfaces/auto_aim_interfaces/msg/detail/tracker_info__type_support.cpp
[2.987s] -- Installing: /home/xxx/HUN_sentry_xxx/pb2025_Nav/install/auto_aim_interfaces/include/auto_aim_interfaces/auto_aim_interfaces/msg/detail/debug_armors__rosidl_typesupport_introspection_cpp.hpp
[2.987s] -- Installing: /home/xxx/HUN_sentry_xxx/pb2025_Nav/install/auto_aim_interfaces/include/auto_aim_interfaces/auto_aim_interfaces/msg/detail/debug_lights__type_support.cpp
[2.987s] -- Installing: /home/xxx/HUN_sentry_xxx/pb2025_Nav/install/auto_aim_interfaces/include/auto_aim_interfaces/auto_aim_interfaces/msg/detail/armor__type_support.cpp
[2.987s] -- Installing: /home/xxx/HUN_sentry_xxx/pb2025_Nav/install/auto_aim_interfaces/include/auto_aim_interfaces/auto_aim_interfaces/msg/detail/tracker_info__rosidl_typesupport_introspection_cpp.hpp
[2.987s] -- Installing: /home/xxx/HUN_sentry_xxx/pb2025_Nav/install/auto_aim_interfaces/include/auto_aim_interfaces/auto_aim_interfaces/msg/detail/target__rosidl_typesupport_introspection_cpp.hpp
[2.988s] -- Installing: /home/xxx/HUN_sentry_xxx/pb2025_Nav/install/auto_aim_interfaces/lib/libauto_aim_interfaces__rosidl_typesupport_introspection_cpp.so
[2.988s] -- Set runtime path of "/home/xxx/HUN_sentry_xxx/pb2025_Nav/install/auto_aim_interfaces/lib/libauto_aim_interfaces__rosidl_typesupport_introspection_cpp.so" to ""
[2.988s] -- Installing: /home/xxx/HUN_sentry_xxx/pb2025_Nav/install/auto_aim_interfaces/lib/libauto_aim_interfaces__rosidl_typesupport_cpp.so
[2.988s] -- Set runtime path of "/home/xxx/HUN_sentry_xxx/pb2025_Nav/install/auto_aim_interfaces/lib/libauto_aim_interfaces__rosidl_typesupport_cpp.so" to ""
[2.988s] -- Installing: /home/xxx/HUN_sentry_xxx/pb2025_Nav/install/auto_aim_interfaces/share/auto_aim_interfaces/environment/pythonpath.sh
[2.988s] -- Installing: /home/xxx/HUN_sentry_xxx/pb2025_Nav/install/auto_aim_interfaces/share/auto_aim_interfaces/environment/pythonpath.dsv
[2.989s] -- Installing: /home/xxx/HUN_sentry_xxx/pb2025_Nav/install/auto_aim_interfaces/local/lib/python3.10/dist-packages/auto_aim_interfaces-0.0.0-py3.10.egg-info
[2.989s] -- Installing: /home/xxx/HUN_sentry_xxx/pb2025_Nav/install/auto_aim_interfaces/local/lib/python3.10/dist-packages/auto_aim_interfaces-0.0.0-py3.10.egg-info/dependency_links.txt
[2.989s] -- Installing: /home/xxx/HUN_sentry_xxx/pb2025_Nav/install/auto_aim_interfaces/local/lib/python3.10/dist-packages/auto_aim_interfaces-0.0.0-py3.10.egg-info/SOURCES.txt
[2.989s] -- Installing: /home/xxx/HUN_sentry_xxx/pb2025_Nav/install/auto_aim_interfaces/local/lib/python3.10/dist-packages/auto_aim_interfaces-0.0.0-py3.10.egg-info/PKG-INFO
[2.989s] -- Installing: /home/xxx/HUN_sentry_xxx/pb2025_Nav/install/auto_aim_interfaces/local/lib/python3.10/dist-packages/auto_aim_interfaces-0.0.0-py3.10.egg-info/top_level.txt
[2.989s] -- Installing: /home/xxx/HUN_sentry_xxx/pb2025_Nav/install/auto_aim_interfaces/local/lib/python3.10/dist-packages/auto_aim_interfaces
[2.989s] -- Installing: /home/xxx/HUN_sentry_xxx/pb2025_Nav/install/auto_aim_interfaces/local/lib/python3.10/dist-packages/auto_aim_interfaces/msg
[2.989s] -- Installing: /home/xxx/HUN_sentry_xxx/pb2025_Nav/install/auto_aim_interfaces/local/lib/python3.10/dist-packages/auto_aim_interfaces/msg/_target.py
[2.989s] -- Installing: /home/xxx/HUN_sentry_xxx/pb2025_Nav/install/auto_aim_interfaces/local/lib/python3.10/dist-packages/auto_aim_interfaces/msg/_target_s.c
[2.989s] -- Installing: /home/xxx/HUN_sentry_xxx/pb2025_Nav/install/auto_aim_interfaces/local/lib/python3.10/dist-packages/auto_aim_interfaces/msg/_debug_armors_s.c
[2.989s] -- Installing: /home/xxx/HUN_sentry_xxx/pb2025_Nav/install/auto_aim_interfaces/local/lib/python3.10/dist-packages/auto_aim_interfaces/msg/_armors.py
[2.989s] -- Installing: /home/xxx/HUN_sentry_xxx/pb2025_Nav/install/auto_aim_interfaces/local/lib/python3.10/dist-packages/auto_aim_interfaces/msg/_debug_light.py
[2.989s] -- Installing: /home/xxx/HUN_sentry_xxx/pb2025_Nav/install/auto_aim_interfaces/local/lib/python3.10/dist-packages/auto_aim_interfaces/msg/_debug_armors.py
[2.990s] -- Installing: /home/xxx/HUN_sentry_xxx/pb2025_Nav/install/auto_aim_interfaces/local/lib/python3.10/dist-packages/auto_aim_interfaces/msg/_debug_lights.py
[2.990s] -- Installing: /home/xxx/HUN_sentry_xxx/pb2025_Nav/install/auto_aim_interfaces/local/lib/python3.10/dist-packages/auto_aim_interfaces/msg/_tracker_info_s.c
[2.990s] -- Installing: /home/xxx/HUN_sentry_xxx/pb2025_Nav/install/auto_aim_interfaces/local/lib/python3.10/dist-packages/auto_aim_interfaces/msg/_tracker_info.py
[2.990s] -- Installing: /home/xxx/HUN_sentry_xxx/pb2025_Nav/install/auto_aim_interfaces/local/lib/python3.10/dist-packages/auto_aim_interfaces/msg/_debug_lights_s.c
[2.990s] -- Installing: /home/xxx/HUN_sentry_xxx/pb2025_Nav/install/auto_aim_interfaces/local/lib/python3.10/dist-packages/auto_aim_interfaces/msg/_armor.py
[2.990s] -- Installing: /home/xxx/HUN_sentry_xxx/pb2025_Nav/install/auto_aim_interfaces/local/lib/python3.10/dist-packages/auto_aim_interfaces/msg/_debug_armor_s.c
[2.990s] -- Installing: /home/xxx/HUN_sentry_xxx/pb2025_Nav/install/auto_aim_interfaces/local/lib/python3.10/dist-packages/auto_aim_interfaces/msg/_debug_light_s.c
[2.990s] -- Installing: /home/xxx/HUN_sentry_xxx/pb2025_Nav/install/auto_aim_interfaces/local/lib/python3.10/dist-packages/auto_aim_interfaces/msg/_debug_armor.py
[2.990s] -- Installing: /home/xxx/HUN_sentry_xxx/pb2025_Nav/install/auto_aim_interfaces/local/lib/python3.10/dist-packages/auto_aim_interfaces/msg/_armor_s.c
[2.990s] -- Installing: /home/xxx/HUN_sentry_xxx/pb2025_Nav/install/auto_aim_interfaces/local/lib/python3.10/dist-packages/auto_aim_interfaces/msg/_armors_s.c
[2.990s] -- Installing: /home/xxx/HUN_sentry_xxx/pb2025_Nav/install/auto_aim_interfaces/local/lib/python3.10/dist-packages/auto_aim_interfaces/msg/__init__.py
[2.990s] -- Installing: /home/xxx/HUN_sentry_xxx/pb2025_Nav/install/auto_aim_interfaces/local/lib/python3.10/dist-packages/auto_aim_interfaces/auto_aim_interfaces_s__rosidl_typesupport_introspection_c.cpython-310-x86_64-linux-gnu.so
[2.991s] -- Installing: /home/xxx/HUN_sentry_xxx/pb2025_Nav/install/auto_aim_interfaces/local/lib/python3.10/dist-packages/auto_aim_interfaces/_auto_aim_interfaces_s.ep.rosidl_typesupport_c.c
[2.991s] -- Installing: /home/xxx/HUN_sentry_xxx/pb2025_Nav/install/auto_aim_interfaces/local/lib/python3.10/dist-packages/auto_aim_interfaces/_auto_aim_interfaces_s.ep.rosidl_typesupport_introspection_c.c
[2.991s] -- Installing: /home/xxx/HUN_sentry_xxx/pb2025_Nav/install/auto_aim_interfaces/local/lib/python3.10/dist-packages/auto_aim_interfaces/libauto_aim_interfaces__rosidl_generator_py.so
[2.991s] -- Installing: /home/xxx/HUN_sentry_xxx/pb2025_Nav/install/auto_aim_interfaces/local/lib/python3.10/dist-packages/auto_aim_interfaces/auto_aim_interfaces_s__rosidl_typesupport_c.cpython-310-x86_64-linux-gnu.so
[2.991s] -- Installing: /home/xxx/HUN_sentry_xxx/pb2025_Nav/install/auto_aim_interfaces/local/lib/python3.10/dist-packages/auto_aim_interfaces/_auto_aim_interfaces_s.ep.rosidl_typesupport_fastrtps_c.c
[2.991s] -- Installing: /home/xxx/HUN_sentry_xxx/pb2025_Nav/install/auto_aim_interfaces/local/lib/python3.10/dist-packages/auto_aim_interfaces/auto_aim_interfaces_s__rosidl_typesupport_fastrtps_c.cpython-310-x86_64-linux-gnu.so
[2.991s] -- Installing: /home/xxx/HUN_sentry_xxx/pb2025_Nav/install/auto_aim_interfaces/local/lib/python3.10/dist-packages/auto_aim_interfaces/__init__.py
[3.015s] Listing '/home/xxx/HUN_sentry_xxx/pb2025_Nav/install/auto_aim_interfaces/local/lib/python3.10/dist-packages/auto_aim_interfaces'...
[3.015s] Compiling '/home/xxx/HUN_sentry_xxx/pb2025_Nav/install/auto_aim_interfaces/local/lib/python3.10/dist-packages/auto_aim_interfaces/__init__.py'...
[3.015s] Listing '/home/xxx/HUN_sentry_xxx/pb2025_Nav/install/auto_aim_interfaces/local/lib/python3.10/dist-packages/auto_aim_interfaces/msg'...
[3.015s] Compiling '/home/xxx/HUN_sentry_xxx/pb2025_Nav/install/auto_aim_interfaces/local/lib/python3.10/dist-packages/auto_aim_interfaces/msg/__init__.py'...
[3.015s] Compiling '/home/xxx/HUN_sentry_xxx/pb2025_Nav/install/auto_aim_interfaces/local/lib/python3.10/dist-packages/auto_aim_interfaces/msg/_armor.py'...
[3.015s] Compiling '/home/xxx/HUN_sentry_xxx/pb2025_Nav/install/auto_aim_interfaces/local/lib/python3.10/dist-packages/auto_aim_interfaces/msg/_armors.py'...
[3.015s] Compiling '/home/xxx/HUN_sentry_xxx/pb2025_Nav/install/auto_aim_interfaces/local/lib/python3.10/dist-packages/auto_aim_interfaces/msg/_debug_armor.py'...
[3.015s] Compiling '/home/xxx/HUN_sentry_xxx/pb2025_Nav/install/auto_aim_interfaces/local/lib/python3.10/dist-packages/auto_aim_interfaces/msg/_debug_armors.py'...
[3.015s] Compiling '/home/xxx/HUN_sentry_xxx/pb2025_Nav/install/auto_aim_interfaces/local/lib/python3.10/dist-packages/auto_aim_interfaces/msg/_debug_light.py'...
[3.015s] Compiling '/home/xxx/HUN_sentry_xxx/pb2025_Nav/install/auto_aim_interfaces/local/lib/python3.10/dist-packages/auto_aim_interfaces/msg/_debug_lights.py'...
[3.015s] Compiling '/home/xxx/HUN_sentry_xxx/pb2025_Nav/install/auto_aim_interfaces/local/lib/python3.10/dist-packages/auto_aim_interfaces/msg/_target.py'...
[3.015s] Compiling '/home/xxx/HUN_sentry_xxx/pb2025_Nav/install/auto_aim_interfaces/local/lib/python3.10/dist-packages/auto_aim_interfaces/msg/_tracker_info.py'...
[3.017s] -- Installing: /home/xxx/HUN_sentry_xxx/pb2025_Nav/install/auto_aim_interfaces/local/lib/python3.10/dist-packages/auto_aim_interfaces/auto_aim_interfaces_s__rosidl_typesupport_fastrtps_c.cpython-310-x86_64-linux-gnu.so
[3.018s] -- Set runtime path of "/home/xxx/HUN_sentry_xxx/pb2025_Nav/install/auto_aim_interfaces/local/lib/python3.10/dist-packages/auto_aim_interfaces/auto_aim_interfaces_s__rosidl_typesupport_fastrtps_c.cpython-310-x86_64-linux-gnu.so" to ""
[3.018s] -- Installing: /home/xxx/HUN_sentry_xxx/pb2025_Nav/install/auto_aim_interfaces/local/lib/python3.10/dist-packages/auto_aim_interfaces/auto_aim_interfaces_s__rosidl_typesupport_introspection_c.cpython-310-x86_64-linux-gnu.so
[3.018s] -- Set runtime path of "/home/xxx/HUN_sentry_xxx/pb2025_Nav/install/auto_aim_interfaces/local/lib/python3.10/dist-packages/auto_aim_interfaces/auto_aim_interfaces_s__rosidl_typesupport_introspection_c.cpython-310-x86_64-linux-gnu.so" to ""
[3.018s] -- Installing: /home/xxx/HUN_sentry_xxx/pb2025_Nav/install/auto_aim_interfaces/local/lib/python3.10/dist-packages/auto_aim_interfaces/auto_aim_interfaces_s__rosidl_typesupport_c.cpython-310-x86_64-linux-gnu.so
[3.018s] -- Set runtime path of "/home/xxx/HUN_sentry_xxx/pb2025_Nav/install/auto_aim_interfaces/local/lib/python3.10/dist-packages/auto_aim_interfaces/auto_aim_interfaces_s__rosidl_typesupport_c.cpython-310-x86_64-linux-gnu.so" to ""
[3.018s] -- Installing: /home/xxx/HUN_sentry_xxx/pb2025_Nav/install/auto_aim_interfaces/lib/libauto_aim_interfaces__rosidl_generator_py.so
[3.019s] -- Set runtime path of "/home/xxx/HUN_sentry_xxx/pb2025_Nav/install/auto_aim_interfaces/lib/libauto_aim_interfaces__rosidl_generator_py.so" to ""
[3.019s] -- Installing: /home/xxx/HUN_sentry_xxx/pb2025_Nav/install/auto_aim_interfaces/share/ament_index/resource_index/rust_packages/auto_aim_interfaces
[3.019s] -- Installing: /home/xxx/HUN_sentry_xxx/pb2025_Nav/install/auto_aim_interfaces/share/auto_aim_interfaces/rust
[3.019s] -- Installing: /home/xxx/HUN_sentry_xxx/pb2025_Nav/install/auto_aim_interfaces/share/auto_aim_interfaces/rust/src
[3.019s] -- Installing: /home/xxx/HUN_sentry_xxx/pb2025_Nav/install/auto_aim_interfaces/share/auto_aim_interfaces/rust/src/msg.rs
[3.019s] -- Installing: /home/xxx/HUN_sentry_xxx/pb2025_Nav/install/auto_aim_interfaces/share/auto_aim_interfaces/rust/src/msg
[3.019s] -- Installing: /home/xxx/HUN_sentry_xxx/pb2025_Nav/install/auto_aim_interfaces/share/auto_aim_interfaces/rust/src/msg/rmw.rs
[3.019s] -- Installing: /home/xxx/HUN_sentry_xxx/pb2025_Nav/install/auto_aim_interfaces/share/auto_aim_interfaces/rust/src/lib.rs
[3.019s] -- Installing: /home/xxx/HUN_sentry_xxx/pb2025_Nav/install/auto_aim_interfaces/share/auto_aim_interfaces/rust/build.rs
[3.019s] -- Installing: /home/xxx/HUN_sentry_xxx/pb2025_Nav/install/auto_aim_interfaces/share/auto_aim_interfaces/rust/Cargo.toml
[3.019s] -- Installing: /home/xxx/HUN_sentry_xxx/pb2025_Nav/install/auto_aim_interfaces/share/auto_aim_interfaces/msg/Armor.idl
[3.020s] -- Installing: /home/xxx/HUN_sentry_xxx/pb2025_Nav/install/auto_aim_interfaces/share/auto_aim_interfaces/msg/Armors.idl
[3.020s] -- Installing: /home/xxx/HUN_sentry_xxx/pb2025_Nav/install/auto_aim_interfaces/share/auto_aim_interfaces/msg/Target.idl
[3.020s] -- Installing: /home/xxx/HUN_sentry_xxx/pb2025_Nav/install/auto_aim_interfaces/share/auto_aim_interfaces/msg/DebugLight.idl
[3.020s] -- Installing: /home/xxx/HUN_sentry_xxx/pb2025_Nav/install/auto_aim_interfaces/share/auto_aim_interfaces/msg/DebugLights.idl
[3.020s] -- Installing: /home/xxx/HUN_sentry_xxx/pb2025_Nav/install/auto_aim_interfaces/share/auto_aim_interfaces/msg/DebugArmor.idl
[3.020s] -- Installing: /home/xxx/HUN_sentry_xxx/pb2025_Nav/install/auto_aim_interfaces/share/auto_aim_interfaces/msg/DebugArmors.idl
[3.020s] -- Installing: /home/xxx/HUN_sentry_xxx/pb2025_Nav/install/auto_aim_interfaces/share/auto_aim_interfaces/msg/TrackerInfo.idl
[3.020s] -- Installing: /home/xxx/HUN_sentry_xxx/pb2025_Nav/install/auto_aim_interfaces/share/auto_aim_interfaces/msg/Armor.msg
[3.020s] -- Installing: /home/xxx/HUN_sentry_xxx/pb2025_Nav/install/auto_aim_interfaces/share/auto_aim_interfaces/msg/Armors.msg
[3.020s] -- Installing: /home/xxx/HUN_sentry_xxx/pb2025_Nav/install/auto_aim_interfaces/share/auto_aim_interfaces/msg/Target.msg
[3.021s] -- Installing: /home/xxx/HUN_sentry_xxx/pb2025_Nav/install/auto_aim_interfaces/share/auto_aim_interfaces/msg/DebugLight.msg
[3.021s] -- Installing: /home/xxx/HUN_sentry_xxx/pb2025_Nav/install/auto_aim_interfaces/share/auto_aim_interfaces/msg/DebugLights.msg
[3.021s] -- Installing: /home/xxx/HUN_sentry_xxx/pb2025_Nav/install/auto_aim_interfaces/share/auto_aim_interfaces/msg/DebugArmor.msg
[3.021s] -- Installing: /home/xxx/HUN_sentry_xxx/pb2025_Nav/install/auto_aim_interfaces/share/auto_aim_interfaces/msg/DebugArmors.msg
[3.021s] -- Installing: /home/xxx/HUN_sentry_xxx/pb2025_Nav/install/auto_aim_interfaces/share/auto_aim_interfaces/msg/TrackerInfo.msg
[3.021s] -- Installing: /home/xxx/HUN_sentry_xxx/pb2025_Nav/install/auto_aim_interfaces/share/ament_index/resource_index/package_run_dependencies/auto_aim_interfaces
[3.021s] -- Installing: /home/xxx/HUN_sentry_xxx/pb2025_Nav/install/auto_aim_interfaces/share/ament_index/resource_index/parent_prefix_path/auto_aim_interfaces
[3.021s] -- Installing: /home/xxx/HUN_sentry_xxx/pb2025_Nav/install/auto_aim_interfaces/share/auto_aim_interfaces/environment/ament_prefix_path.sh
[3.021s] -- Installing: /home/xxx/HUN_sentry_xxx/pb2025_Nav/install/auto_aim_interfaces/share/auto_aim_interfaces/environment/ament_prefix_path.dsv
[3.022s] -- Installing: /home/xxx/HUN_sentry_xxx/pb2025_Nav/install/auto_aim_interfaces/share/auto_aim_interfaces/environment/path.sh
[3.022s] -- Installing: /home/xxx/HUN_sentry_xxx/pb2025_Nav/install/auto_aim_interfaces/share/auto_aim_interfaces/environment/path.dsv
[3.022s] -- Installing: /home/xxx/HUN_sentry_xxx/pb2025_Nav/install/auto_aim_interfaces/share/auto_aim_interfaces/local_setup.bash
[3.022s] -- Installing: /home/xxx/HUN_sentry_xxx/pb2025_Nav/install/auto_aim_interfaces/share/auto_aim_interfaces/local_setup.sh
[3.022s] -- Installing: /home/xxx/HUN_sentry_xxx/pb2025_Nav/install/auto_aim_interfaces/share/auto_aim_interfaces/local_setup.zsh
[3.022s] -- Installing: /home/xxx/HUN_sentry_xxx/pb2025_Nav/install/auto_aim_interfaces/share/auto_aim_interfaces/local_setup.dsv
[3.022s] -- Installing: /home/xxx/HUN_sentry_xxx/pb2025_Nav/install/auto_aim_interfaces/share/auto_aim_interfaces/package.dsv
[3.022s] -- Installing: /home/xxx/HUN_sentry_xxx/pb2025_Nav/install/auto_aim_interfaces/share/ament_index/resource_index/packages/auto_aim_interfaces
[3.022s] -- Installing: /home/xxx/HUN_sentry_xxx/pb2025_Nav/install/auto_aim_interfaces/share/auto_aim_interfaces/cmake/export_auto_aim_interfaces__rosidl_generator_cExport.cmake
[3.022s] -- Installing: /home/xxx/HUN_sentry_xxx/pb2025_Nav/install/auto_aim_interfaces/share/auto_aim_interfaces/cmake/export_auto_aim_interfaces__rosidl_generator_cExport-noconfig.cmake
[3.023s] -- Installing: /home/xxx/HUN_sentry_xxx/pb2025_Nav/install/auto_aim_interfaces/share/auto_aim_interfaces/cmake/export_auto_aim_interfaces__rosidl_typesupport_fastrtps_cExport.cmake
[3.023s] -- Installing: /home/xxx/HUN_sentry_xxx/pb2025_Nav/install/auto_aim_interfaces/share/auto_aim_interfaces/cmake/export_auto_aim_interfaces__rosidl_typesupport_fastrtps_cExport-noconfig.cmake
[3.023s] -- Installing: /home/xxx/HUN_sentry_xxx/pb2025_Nav/install/auto_aim_interfaces/share/auto_aim_interfaces/cmake/auto_aim_interfaces__rosidl_typesupport_introspection_cExport.cmake
[3.023s] -- Installing: /home/xxx/HUN_sentry_xxx/pb2025_Nav/install/auto_aim_interfaces/share/auto_aim_interfaces/cmake/auto_aim_interfaces__rosidl_typesupport_introspection_cExport-noconfig.cmake
[3.023s] -- Installing: /home/xxx/HUN_sentry_xxx/pb2025_Nav/install/auto_aim_interfaces/share/auto_aim_interfaces/cmake/auto_aim_interfaces__rosidl_typesupport_cExport.cmake
[3.023s] -- Installing: /home/xxx/HUN_sentry_xxx/pb2025_Nav/install/auto_aim_interfaces/share/auto_aim_interfaces/cmake/auto_aim_interfaces__rosidl_typesupport_cExport-noconfig.cmake
[3.023s] -- Installing: /home/xxx/HUN_sentry_xxx/pb2025_Nav/install/auto_aim_interfaces/share/auto_aim_interfaces/cmake/export_auto_aim_interfaces__rosidl_generator_cppExport.cmake
[3.023s] -- Installing: /home/xxx/HUN_sentry_xxx/pb2025_Nav/install/auto_aim_interfaces/share/auto_aim_interfaces/cmake/export_auto_aim_interfaces__rosidl_typesupport_fastrtps_cppExport.cmake
[3.023s] -- Installing: /home/xxx/HUN_sentry_xxx/pb2025_Nav/install/auto_aim_interfaces/share/auto_aim_interfaces/cmake/export_auto_aim_interfaces__rosidl_typesupport_fastrtps_cppExport-noconfig.cmake
[3.023s] -- Installing: /home/xxx/HUN_sentry_xxx/pb2025_Nav/install/auto_aim_interfaces/share/auto_aim_interfaces/cmake/auto_aim_interfaces__rosidl_typesupport_introspection_cppExport.cmake
[3.024s] -- Installing: /home/xxx/HUN_sentry_xxx/pb2025_Nav/install/auto_aim_interfaces/share/auto_aim_interfaces/cmake/auto_aim_interfaces__rosidl_typesupport_introspection_cppExport-noconfig.cmake
[3.024s] -- Installing: /home/xxx/HUN_sentry_xxx/pb2025_Nav/install/auto_aim_interfaces/share/auto_aim_interfaces/cmake/auto_aim_interfaces__rosidl_typesupport_cppExport.cmake
[3.024s] -- Installing: /home/xxx/HUN_sentry_xxx/pb2025_Nav/install/auto_aim_interfaces/share/auto_aim_interfaces/cmake/auto_aim_interfaces__rosidl_typesupport_cppExport-noconfig.cmake
[3.024s] -- Installing: /home/xxx/HUN_sentry_xxx/pb2025_Nav/install/auto_aim_interfaces/share/auto_aim_interfaces/cmake/export_auto_aim_interfaces__rosidl_generator_pyExport.cmake
[3.024s] -- Installing: /home/xxx/HUN_sentry_xxx/pb2025_Nav/install/auto_aim_interfaces/share/auto_aim_interfaces/cmake/export_auto_aim_interfaces__rosidl_generator_pyExport-noconfig.cmake
[3.024s] -- Installing: /home/xxx/HUN_sentry_xxx/pb2025_Nav/install/auto_aim_interfaces/share/auto_aim_interfaces/cmake/rosidl_cmake-extras.cmake
[3.024s] -- Installing: /home/xxx/HUN_sentry_xxx/pb2025_Nav/install/auto_aim_interfaces/share/auto_aim_interfaces/cmake/ament_cmake_export_dependencies-extras.cmake
[3.024s] -- Installing: /home/xxx/HUN_sentry_xxx/pb2025_Nav/install/auto_aim_interfaces/share/auto_aim_interfaces/cmake/ament_cmake_export_include_directories-extras.cmake
[3.024s] -- Installing: /home/xxx/HUN_sentry_xxx/pb2025_Nav/install/auto_aim_interfaces/share/auto_aim_interfaces/cmake/ament_cmake_export_libraries-extras.cmake
[3.025s] -- Installing: /home/xxx/HUN_sentry_xxx/pb2025_Nav/install/auto_aim_interfaces/share/auto_aim_interfaces/cmake/ament_cmake_export_targets-extras.cmake
[3.025s] -- Installing: /home/xxx/HUN_sentry_xxx/pb2025_Nav/install/auto_aim_interfaces/share/auto_aim_interfaces/cmake/rosidl_cmake_export_typesupport_targets-extras.cmake
[3.025s] -- Installing: /home/xxx/HUN_sentry_xxx/pb2025_Nav/install/auto_aim_interfaces/share/auto_aim_interfaces/cmake/rosidl_cmake_export_typesupport_libraries-extras.cmake
[3.025s] -- Installing: /home/xxx/HUN_sentry_xxx/pb2025_Nav/install/auto_aim_interfaces/share/auto_aim_interfaces/cmake/auto_aim_interfacesConfig.cmake
[3.025s] -- Installing: /home/xxx/HUN_sentry_xxx/pb2025_Nav/install/auto_aim_interfaces/share/auto_aim_interfaces/cmake/auto_aim_interfacesConfig-version.cmake
[3.025s] -- Installing: /home/xxx/HUN_sentry_xxx/pb2025_Nav/install/auto_aim_interfaces/share/auto_aim_interfaces/package.xml
[3.027s] Invoked command in '/home/xxx/HUN_sentry_xxx/pb2025_Nav/build/auto_aim_interfaces' returned '0': CMAKE_PREFIX_PATH=/opt/ros/humble __trae_PS1=\n(TraeAI-4) \w [$?] $ /usr/bin/cmake --install /home/xxx/HUN_sentry_xxx/pb2025_Nav/build/auto_aim_interfaces
