-- Found ament_cmake: 1.3.14 (/opt/ros/humble/share/ament_cmake/cmake)
-- Found rclcpp: 16.0.19 (/opt/ros/humble/share/rclcpp/cmake)
-- Found rosidl_generator_c: 3.1.8 (/opt/ros/humble/share/rosidl_generator_c/cmake)
-- Found rosidl_adapter: 3.1.8 (/opt/ros/humble/share/rosidl_adapter/cmake)
-- Found rosidl_generator_cpp: 3.1.8 (/opt/ros/humble/share/rosidl_generator_cpp/cmake)
-- Using all available rosidl_typesupport_c: rosidl_typesupport_fastrtps_c;rosidl_typesupport_introspection_c
-- Using all available rosidl_typesupport_cpp: rosidl_typesupport_fastrtps_cpp;rosidl_typesupport_introspection_cpp
-- Found rmw_implementation_cmake: 6.1.2 (/opt/ros/humble/share/rmw_implementation_cmake/cmake)
-- Found rmw_fastrtps_cpp: 6.2.10 (/opt/ros/humble/share/rmw_fastrtps_cpp/cmake)
-- Using RMW implementation 'rmw_fastrtps_cpp' as default
-- Found geometry_msgs: 4.9.1 (/opt/ros/humble/share/geometry_msgs/cmake)
-- Found sensor_msgs: 4.9.1 (/opt/ros/humble/share/sensor_msgs/cmake)
-- Found example_interfaces: 0.9.3 (/opt/ros/humble/share/example_interfaces/cmake)
-- Found auto_aim_interfaces: 0.0.0 (/home/xxx/HUN_sentry_xxx/pb2025_Nav/install/auto_aim_interfaces/share/auto_aim_interfaces/cmake)
-- Configuring done
-- Generating done
-- Build files have been written to: /home/xxx/HUN_sentry_xxx/pb2025_Nav/build/nav_bridge
[ 50%] Building CXX object CMakeFiles/nav_ros2_bridge.dir/src/nav_ros2_bridge.cpp.o
[100%] Linking CXX executable nav_ros2_bridge
[100%] Built target nav_ros2_bridge
-- Install configuration: ""
-- Installing: /home/xxx/HUN_sentry_xxx/pb2025_Nav/install/nav_bridge/lib/nav_bridge/nav_ros2_bridge
-- Set runtime path of "/home/xxx/HUN_sentry_xxx/pb2025_Nav/install/nav_bridge/lib/nav_bridge/nav_ros2_bridge" to ""
-- Installing: /home/xxx/HUN_sentry_xxx/pb2025_Nav/install/nav_bridge/share/ament_index/resource_index/package_run_dependencies/nav_bridge
-- Installing: /home/xxx/HUN_sentry_xxx/pb2025_Nav/install/nav_bridge/share/ament_index/resource_index/parent_prefix_path/nav_bridge
-- Installing: /home/xxx/HUN_sentry_xxx/pb2025_Nav/install/nav_bridge/share/nav_bridge/environment/ament_prefix_path.sh
-- Installing: /home/xxx/HUN_sentry_xxx/pb2025_Nav/install/nav_bridge/share/nav_bridge/environment/ament_prefix_path.dsv
-- Installing: /home/xxx/HUN_sentry_xxx/pb2025_Nav/install/nav_bridge/share/nav_bridge/environment/path.sh
-- Installing: /home/xxx/HUN_sentry_xxx/pb2025_Nav/install/nav_bridge/share/nav_bridge/environment/path.dsv
-- Installing: /home/xxx/HUN_sentry_xxx/pb2025_Nav/install/nav_bridge/share/nav_bridge/local_setup.bash
-- Installing: /home/xxx/HUN_sentry_xxx/pb2025_Nav/install/nav_bridge/share/nav_bridge/local_setup.sh
-- Installing: /home/xxx/HUN_sentry_xxx/pb2025_Nav/install/nav_bridge/share/nav_bridge/local_setup.zsh
-- Installing: /home/xxx/HUN_sentry_xxx/pb2025_Nav/install/nav_bridge/share/nav_bridge/local_setup.dsv
-- Installing: /home/xxx/HUN_sentry_xxx/pb2025_Nav/install/nav_bridge/share/nav_bridge/package.dsv
-- Installing: /home/xxx/HUN_sentry_xxx/pb2025_Nav/install/nav_bridge/share/ament_index/resource_index/packages/nav_bridge
-- Installing: /home/xxx/HUN_sentry_xxx/pb2025_Nav/install/nav_bridge/share/nav_bridge/cmake/nav_bridgeConfig.cmake
-- Installing: /home/xxx/HUN_sentry_xxx/pb2025_Nav/install/nav_bridge/share/nav_bridge/cmake/nav_bridgeConfig-version.cmake
-- Installing: /home/xxx/HUN_sentry_xxx/pb2025_Nav/install/nav_bridge/share/nav_bridge/package.xml
