[0.006s] Invoking command in '/home/xxx/HUN_sentry_xxx/pb2025_Nav/build/nav_bridge': AMENT_PREFIX_PATH=/home/xxx/HUN_sentry_xxx/pb2025_Nav/install/auto_aim_interfaces:${AMENT_PREFIX_PATH} CMAKE_PREFIX_PATH=/home/xxx/HUN_sentry_xxx/pb2025_Nav/install/auto_aim_interfaces:/opt/ros/humble LD_LIBRARY_PATH=/home/xxx/HUN_sentry_xxx/pb2025_Nav/install/auto_aim_interfaces/lib:/usr/local/cuda-12.4/lib64:/opt/MVS/lib/64:/home/xxx/nvidia_libs/TensorRT-8.4.2.4/lib:/opt/MVS/lib/64:/opt/MVS/lib/32:/opt/ros/humble/opt/rviz_ogre_vendor/lib:/opt/ros/humble/lib/x86_64-linux-gnu:/opt/ros/humble/lib:/opt/MVS/lib/64:/opt/MVS/lib/32:/opt/MVS/lib/64:/opt/MVS/lib/32 PYTHONPATH=/home/xxx/HUN_sentry_xxx/pb2025_Nav/install/auto_aim_interfaces/local/lib/python3.10/dist-packages:${PYTHONPATH} __trae_PS1=\n(TraeAI-4) \w [$?] $ /usr/bin/cmake /home/xxx/HUN_sentry_xxx/pb2025_Nav/src/nav_bridge -DCMAKE_INSTALL_PREFIX=/home/xxx/HUN_sentry_xxx/pb2025_Nav/install/nav_bridge
[0.014s] -- Found ament_cmake: 1.3.14 (/opt/ros/humble/share/ament_cmake/cmake)
[0.084s] -- Found rclcpp: 16.0.19 (/opt/ros/humble/share/rclcpp/cmake)
[0.100s] -- Found rosidl_generator_c: 3.1.8 (/opt/ros/humble/share/rosidl_generator_c/cmake)
[0.102s] -- Found rosidl_adapter: 3.1.8 (/opt/ros/humble/share/rosidl_adapter/cmake)
[0.105s] -- Found rosidl_generator_cpp: 3.1.8 (/opt/ros/humble/share/rosidl_generator_cpp/cmake)
[0.110s] -- Using all available rosidl_typesupport_c: rosidl_typesupport_fastrtps_c;rosidl_typesupport_introspection_c
[0.116s] -- Using all available rosidl_typesupport_cpp: rosidl_typesupport_fastrtps_cpp;rosidl_typesupport_introspection_cpp
[0.132s] -- Found rmw_implementation_cmake: 6.1.2 (/opt/ros/humble/share/rmw_implementation_cmake/cmake)
[0.133s] -- Found rmw_fastrtps_cpp: 6.2.10 (/opt/ros/humble/share/rmw_fastrtps_cpp/cmake)
[0.203s] -- Using RMW implementation 'rmw_fastrtps_cpp' as default
[0.228s] -- Found geometry_msgs: 4.9.1 (/opt/ros/humble/share/geometry_msgs/cmake)
[0.234s] -- Found sensor_msgs: 4.9.1 (/opt/ros/humble/share/sensor_msgs/cmake)
[0.243s] -- Found example_interfaces: 0.9.3 (/opt/ros/humble/share/example_interfaces/cmake)
[0.261s] -- Found auto_aim_interfaces: 0.0.0 (/home/xxx/HUN_sentry_xxx/pb2025_Nav/install/auto_aim_interfaces/share/auto_aim_interfaces/cmake)
[0.305s] -- Configuring done
[0.312s] -- Generating done
[0.314s] -- Build files have been written to: /home/xxx/HUN_sentry_xxx/pb2025_Nav/build/nav_bridge
[0.320s] Invoked command in '/home/xxx/HUN_sentry_xxx/pb2025_Nav/build/nav_bridge' returned '0': AMENT_PREFIX_PATH=/home/xxx/HUN_sentry_xxx/pb2025_Nav/install/auto_aim_interfaces:${AMENT_PREFIX_PATH} CMAKE_PREFIX_PATH=/home/xxx/HUN_sentry_xxx/pb2025_Nav/install/auto_aim_interfaces:/opt/ros/humble LD_LIBRARY_PATH=/home/xxx/HUN_sentry_xxx/pb2025_Nav/install/auto_aim_interfaces/lib:/usr/local/cuda-12.4/lib64:/opt/MVS/lib/64:/home/xxx/nvidia_libs/TensorRT-8.4.2.4/lib:/opt/MVS/lib/64:/opt/MVS/lib/32:/opt/ros/humble/opt/rviz_ogre_vendor/lib:/opt/ros/humble/lib/x86_64-linux-gnu:/opt/ros/humble/lib:/opt/MVS/lib/64:/opt/MVS/lib/32:/opt/MVS/lib/64:/opt/MVS/lib/32 PYTHONPATH=/home/xxx/HUN_sentry_xxx/pb2025_Nav/install/auto_aim_interfaces/local/lib/python3.10/dist-packages:${PYTHONPATH} __trae_PS1=\n(TraeAI-4) \w [$?] $ /usr/bin/cmake /home/xxx/HUN_sentry_xxx/pb2025_Nav/src/nav_bridge -DCMAKE_INSTALL_PREFIX=/home/xxx/HUN_sentry_xxx/pb2025_Nav/install/nav_bridge
[0.321s] Invoking command in '/home/xxx/HUN_sentry_xxx/pb2025_Nav/build/nav_bridge': AMENT_PREFIX_PATH=/home/xxx/HUN_sentry_xxx/pb2025_Nav/install/auto_aim_interfaces:${AMENT_PREFIX_PATH} CMAKE_PREFIX_PATH=/home/xxx/HUN_sentry_xxx/pb2025_Nav/install/auto_aim_interfaces:/opt/ros/humble LD_LIBRARY_PATH=/home/xxx/HUN_sentry_xxx/pb2025_Nav/install/auto_aim_interfaces/lib:/usr/local/cuda-12.4/lib64:/opt/MVS/lib/64:/home/xxx/nvidia_libs/TensorRT-8.4.2.4/lib:/opt/MVS/lib/64:/opt/MVS/lib/32:/opt/ros/humble/opt/rviz_ogre_vendor/lib:/opt/ros/humble/lib/x86_64-linux-gnu:/opt/ros/humble/lib:/opt/MVS/lib/64:/opt/MVS/lib/32:/opt/MVS/lib/64:/opt/MVS/lib/32 PYTHONPATH=/home/xxx/HUN_sentry_xxx/pb2025_Nav/install/auto_aim_interfaces/local/lib/python3.10/dist-packages:${PYTHONPATH} __trae_PS1=\n(TraeAI-4) \w [$?] $ /usr/bin/cmake --build /home/xxx/HUN_sentry_xxx/pb2025_Nav/build/nav_bridge -- -j32 -l32
[0.357s] [ 50%] Building CXX object CMakeFiles/nav_ros2_bridge.dir/src/nav_ros2_bridge.cpp.o
[8.711s] [100%] Linking CXX executable nav_ros2_bridge
[9.172s] [100%] Built target nav_ros2_bridge
[9.179s] Invoked command in '/home/xxx/HUN_sentry_xxx/pb2025_Nav/build/nav_bridge' returned '0': AMENT_PREFIX_PATH=/home/xxx/HUN_sentry_xxx/pb2025_Nav/install/auto_aim_interfaces:${AMENT_PREFIX_PATH} CMAKE_PREFIX_PATH=/home/xxx/HUN_sentry_xxx/pb2025_Nav/install/auto_aim_interfaces:/opt/ros/humble LD_LIBRARY_PATH=/home/xxx/HUN_sentry_xxx/pb2025_Nav/install/auto_aim_interfaces/lib:/usr/local/cuda-12.4/lib64:/opt/MVS/lib/64:/home/xxx/nvidia_libs/TensorRT-8.4.2.4/lib:/opt/MVS/lib/64:/opt/MVS/lib/32:/opt/ros/humble/opt/rviz_ogre_vendor/lib:/opt/ros/humble/lib/x86_64-linux-gnu:/opt/ros/humble/lib:/opt/MVS/lib/64:/opt/MVS/lib/32:/opt/MVS/lib/64:/opt/MVS/lib/32 PYTHONPATH=/home/xxx/HUN_sentry_xxx/pb2025_Nav/install/auto_aim_interfaces/local/lib/python3.10/dist-packages:${PYTHONPATH} __trae_PS1=\n(TraeAI-4) \w [$?] $ /usr/bin/cmake --build /home/xxx/HUN_sentry_xxx/pb2025_Nav/build/nav_bridge -- -j32 -l32
[9.181s] Invoking command in '/home/xxx/HUN_sentry_xxx/pb2025_Nav/build/nav_bridge': AMENT_PREFIX_PATH=/home/xxx/HUN_sentry_xxx/pb2025_Nav/install/auto_aim_interfaces:${AMENT_PREFIX_PATH} CMAKE_PREFIX_PATH=/home/xxx/HUN_sentry_xxx/pb2025_Nav/install/auto_aim_interfaces:/opt/ros/humble LD_LIBRARY_PATH=/home/xxx/HUN_sentry_xxx/pb2025_Nav/install/auto_aim_interfaces/lib:/usr/local/cuda-12.4/lib64:/opt/MVS/lib/64:/home/xxx/nvidia_libs/TensorRT-8.4.2.4/lib:/opt/MVS/lib/64:/opt/MVS/lib/32:/opt/ros/humble/opt/rviz_ogre_vendor/lib:/opt/ros/humble/lib/x86_64-linux-gnu:/opt/ros/humble/lib:/opt/MVS/lib/64:/opt/MVS/lib/32:/opt/MVS/lib/64:/opt/MVS/lib/32 PYTHONPATH=/home/xxx/HUN_sentry_xxx/pb2025_Nav/install/auto_aim_interfaces/local/lib/python3.10/dist-packages:${PYTHONPATH} __trae_PS1=\n(TraeAI-4) \w [$?] $ /usr/bin/cmake --install /home/xxx/HUN_sentry_xxx/pb2025_Nav/build/nav_bridge
[9.185s] -- Install configuration: ""
[9.185s] -- Installing: /home/xxx/HUN_sentry_xxx/pb2025_Nav/install/nav_bridge/lib/nav_bridge/nav_ros2_bridge
[9.192s] -- Set runtime path of "/home/xxx/HUN_sentry_xxx/pb2025_Nav/install/nav_bridge/lib/nav_bridge/nav_ros2_bridge" to ""
[9.192s] -- Installing: /home/xxx/HUN_sentry_xxx/pb2025_Nav/install/nav_bridge/share/ament_index/resource_index/package_run_dependencies/nav_bridge
[9.193s] -- Installing: /home/xxx/HUN_sentry_xxx/pb2025_Nav/install/nav_bridge/share/ament_index/resource_index/parent_prefix_path/nav_bridge
[9.193s] -- Installing: /home/xxx/HUN_sentry_xxx/pb2025_Nav/install/nav_bridge/share/nav_bridge/environment/ament_prefix_path.sh
[9.193s] -- Installing: /home/xxx/HUN_sentry_xxx/pb2025_Nav/install/nav_bridge/share/nav_bridge/environment/ament_prefix_path.dsv
[9.193s] -- Installing: /home/xxx/HUN_sentry_xxx/pb2025_Nav/install/nav_bridge/share/nav_bridge/environment/path.sh
[9.193s] -- Installing: /home/xxx/HUN_sentry_xxx/pb2025_Nav/install/nav_bridge/share/nav_bridge/environment/path.dsv
[9.193s] -- Installing: /home/xxx/HUN_sentry_xxx/pb2025_Nav/install/nav_bridge/share/nav_bridge/local_setup.bash
[9.193s] -- Installing: /home/xxx/HUN_sentry_xxx/pb2025_Nav/install/nav_bridge/share/nav_bridge/local_setup.sh
[9.193s] -- Installing: /home/xxx/HUN_sentry_xxx/pb2025_Nav/install/nav_bridge/share/nav_bridge/local_setup.zsh
[9.193s] -- Installing: /home/xxx/HUN_sentry_xxx/pb2025_Nav/install/nav_bridge/share/nav_bridge/local_setup.dsv
[9.193s] -- Installing: /home/xxx/HUN_sentry_xxx/pb2025_Nav/install/nav_bridge/share/nav_bridge/package.dsv
[9.194s] -- Installing: /home/xxx/HUN_sentry_xxx/pb2025_Nav/install/nav_bridge/share/ament_index/resource_index/packages/nav_bridge
[9.194s] -- Installing: /home/xxx/HUN_sentry_xxx/pb2025_Nav/install/nav_bridge/share/nav_bridge/cmake/nav_bridgeConfig.cmake
[9.194s] -- Installing: /home/xxx/HUN_sentry_xxx/pb2025_Nav/install/nav_bridge/share/nav_bridge/cmake/nav_bridgeConfig-version.cmake
[9.194s] -- Installing: /home/xxx/HUN_sentry_xxx/pb2025_Nav/install/nav_bridge/share/nav_bridge/package.xml
[9.195s] Invoked command in '/home/xxx/HUN_sentry_xxx/pb2025_Nav/build/nav_bridge' returned '0': AMENT_PREFIX_PATH=/home/xxx/HUN_sentry_xxx/pb2025_Nav/install/auto_aim_interfaces:${AMENT_PREFIX_PATH} CMAKE_PREFIX_PATH=/home/xxx/HUN_sentry_xxx/pb2025_Nav/install/auto_aim_interfaces:/opt/ros/humble LD_LIBRARY_PATH=/home/xxx/HUN_sentry_xxx/pb2025_Nav/install/auto_aim_interfaces/lib:/usr/local/cuda-12.4/lib64:/opt/MVS/lib/64:/home/xxx/nvidia_libs/TensorRT-8.4.2.4/lib:/opt/MVS/lib/64:/opt/MVS/lib/32:/opt/ros/humble/opt/rviz_ogre_vendor/lib:/opt/ros/humble/lib/x86_64-linux-gnu:/opt/ros/humble/lib:/opt/MVS/lib/64:/opt/MVS/lib/32:/opt/MVS/lib/64:/opt/MVS/lib/32 PYTHONPATH=/home/xxx/HUN_sentry_xxx/pb2025_Nav/install/auto_aim_interfaces/local/lib/python3.10/dist-packages:${PYTHONPATH} __trae_PS1=\n(TraeAI-4) \w [$?] $ /usr/bin/cmake --install /home/xxx/HUN_sentry_xxx/pb2025_Nav/build/nav_bridge
