[0.006s] Invoking command in '/home/xxx/HUN_sentry_xxx/pb2025_Nav/build/auto_aim_interfaces': CMAKE_PREFIX_PATH=/opt/ros/humble __trae_PS1=\n(TraeAI-4) \w [$?] $ /usr/bin/cmake --build /home/xxx/HUN_sentry_xxx/pb2025_Nav/build/auto_aim_interfaces -- -j32 -l32
[0.038s] Consolidate compiler generated dependencies of target auto_aim_interfaces__rosidl_generator_c
[0.044s] [  2%] Built target auto_aim_interfaces__cpp
[0.044s] [  2%] Built target auto_aim_interfaces__rs
[0.046s] [ 13%] Built target auto_aim_interfaces__rosidl_generator_c
[0.051s] [ 13%] Built target ament_cmake_python_copy_auto_aim_interfaces
[0.055s] Consolidate compiler generated dependencies of target auto_aim_interfaces__rosidl_typesupport_c
[0.057s] Consolidate compiler generated dependencies of target auto_aim_interfaces__rosidl_typesupport_introspection_c
[0.057s] Consolidate compiler generated dependencies of target auto_aim_interfaces__rosidl_typesupport_cpp
[0.057s] Consolidate compiler generated dependencies of target auto_aim_interfaces__rosidl_typesupport_introspection_cpp
[0.058s] Consolidate compiler generated dependencies of target auto_aim_interfaces__rosidl_typesupport_fastrtps_cpp
[0.059s] Consolidate compiler generated dependencies of target auto_aim_interfaces__rosidl_typesupport_fastrtps_c
[0.064s] [ 25%] Built target auto_aim_interfaces__rosidl_typesupport_c
[0.065s] [ 36%] Built target auto_aim_interfaces__rosidl_typesupport_introspection_c
[0.066s] [ 47%] Built target auto_aim_interfaces__rosidl_typesupport_cpp
[0.066s] [ 59%] Built target auto_aim_interfaces__rosidl_typesupport_introspection_cpp
[0.067s] [ 70%] Built target auto_aim_interfaces__rosidl_typesupport_fastrtps_cpp
[0.068s] [ 81%] Built target auto_aim_interfaces__rosidl_typesupport_fastrtps_c
[0.082s] [ 81%] Built target auto_aim_interfaces
[0.098s] [ 82%] Built target auto_aim_interfaces__py
[0.111s] Consolidate compiler generated dependencies of target auto_aim_interfaces__rosidl_generator_py
[0.119s] [ 93%] Built target auto_aim_interfaces__rosidl_generator_py
[0.128s] Consolidate compiler generated dependencies of target auto_aim_interfaces__rosidl_typesupport_introspection_c__pyext
[0.129s] Consolidate compiler generated dependencies of target auto_aim_interfaces__rosidl_typesupport_fastrtps_c__pyext
[0.130s] Consolidate compiler generated dependencies of target auto_aim_interfaces__rosidl_typesupport_c__pyext
[0.137s] [ 95%] Built target auto_aim_interfaces__rosidl_typesupport_introspection_c__pyext
[0.137s] [ 97%] Built target auto_aim_interfaces__rosidl_typesupport_fastrtps_c__pyext
[0.137s] [100%] Built target auto_aim_interfaces__rosidl_typesupport_c__pyext
[0.179s] running egg_info
[0.179s] writing auto_aim_interfaces.egg-info/PKG-INFO
[0.180s] writing dependency_links to auto_aim_interfaces.egg-info/dependency_links.txt
[0.180s] writing top-level names to auto_aim_interfaces.egg-info/top_level.txt
[0.181s] reading manifest file 'auto_aim_interfaces.egg-info/SOURCES.txt'
[0.181s] writing manifest file 'auto_aim_interfaces.egg-info/SOURCES.txt'
[0.197s] [100%] Built target ament_cmake_python_build_auto_aim_interfaces_egg
[0.206s] Invoked command in '/home/xxx/HUN_sentry_xxx/pb2025_Nav/build/auto_aim_interfaces' returned '0': CMAKE_PREFIX_PATH=/opt/ros/humble __trae_PS1=\n(TraeAI-4) \w [$?] $ /usr/bin/cmake --build /home/xxx/HUN_sentry_xxx/pb2025_Nav/build/auto_aim_interfaces -- -j32 -l32
[0.213s] Invoking command in '/home/xxx/HUN_sentry_xxx/pb2025_Nav/build/auto_aim_interfaces': CMAKE_PREFIX_PATH=/opt/ros/humble __trae_PS1=\n(TraeAI-4) \w [$?] $ /usr/bin/cmake --install /home/xxx/HUN_sentry_xxx/pb2025_Nav/build/auto_aim_interfaces
[0.218s] -- Install configuration: ""
[0.218s] -- Up-to-date: /home/xxx/HUN_sentry_xxx/pb2025_Nav/install/auto_aim_interfaces/share/ament_index/resource_index/rosidl_interfaces/auto_aim_interfaces
[0.218s] -- Up-to-date: /home/xxx/HUN_sentry_xxx/pb2025_Nav/install/auto_aim_interfaces/include/auto_aim_interfaces/auto_aim_interfaces
[0.218s] -- Up-to-date: /home/xxx/HUN_sentry_xxx/pb2025_Nav/install/auto_aim_interfaces/include/auto_aim_interfaces/auto_aim_interfaces/msg
[0.218s] -- Up-to-date: /home/xxx/HUN_sentry_xxx/pb2025_Nav/install/auto_aim_interfaces/include/auto_aim_interfaces/auto_aim_interfaces/msg/armor.h
[0.218s] -- Up-to-date: /home/xxx/HUN_sentry_xxx/pb2025_Nav/install/auto_aim_interfaces/include/auto_aim_interfaces/auto_aim_interfaces/msg/debug_lights.h
[0.219s] -- Up-to-date: /home/xxx/HUN_sentry_xxx/pb2025_Nav/install/auto_aim_interfaces/include/auto_aim_interfaces/auto_aim_interfaces/msg/rosidl_generator_c__visibility_control.h
[0.219s] -- Up-to-date: /home/xxx/HUN_sentry_xxx/pb2025_Nav/install/auto_aim_interfaces/include/auto_aim_interfaces/auto_aim_interfaces/msg/debug_armor.h
[0.219s] -- Up-to-date: /home/xxx/HUN_sentry_xxx/pb2025_Nav/install/auto_aim_interfaces/include/auto_aim_interfaces/auto_aim_interfaces/msg/detail
[0.219s] -- Up-to-date: /home/xxx/HUN_sentry_xxx/pb2025_Nav/install/auto_aim_interfaces/include/auto_aim_interfaces/auto_aim_interfaces/msg/detail/armors__type_support.h
[0.219s] -- Up-to-date: /home/xxx/HUN_sentry_xxx/pb2025_Nav/install/auto_aim_interfaces/include/auto_aim_interfaces/auto_aim_interfaces/msg/detail/debug_armors__struct.h
[0.219s] -- Up-to-date: /home/xxx/HUN_sentry_xxx/pb2025_Nav/install/auto_aim_interfaces/include/auto_aim_interfaces/auto_aim_interfaces/msg/detail/debug_armors__functions.c
[0.219s] -- Up-to-date: /home/xxx/HUN_sentry_xxx/pb2025_Nav/install/auto_aim_interfaces/include/auto_aim_interfaces/auto_aim_interfaces/msg/detail/armors__functions.h
[0.219s] -- Up-to-date: /home/xxx/HUN_sentry_xxx/pb2025_Nav/install/auto_aim_interfaces/include/auto_aim_interfaces/auto_aim_interfaces/msg/detail/armor__functions.h
[0.219s] -- Up-to-date: /home/xxx/HUN_sentry_xxx/pb2025_Nav/install/auto_aim_interfaces/include/auto_aim_interfaces/auto_aim_interfaces/msg/detail/armor__type_support.h
[0.219s] -- Up-to-date: /home/xxx/HUN_sentry_xxx/pb2025_Nav/install/auto_aim_interfaces/include/auto_aim_interfaces/auto_aim_interfaces/msg/detail/debug_armor__functions.c
[0.219s] -- Up-to-date: /home/xxx/HUN_sentry_xxx/pb2025_Nav/install/auto_aim_interfaces/include/auto_aim_interfaces/auto_aim_interfaces/msg/detail/tracker_info__functions.c
[0.219s] -- Up-to-date: /home/xxx/HUN_sentry_xxx/pb2025_Nav/install/auto_aim_interfaces/include/auto_aim_interfaces/auto_aim_interfaces/msg/detail/tracker_info__type_support.h
[0.219s] -- Up-to-date: /home/xxx/HUN_sentry_xxx/pb2025_Nav/install/auto_aim_interfaces/include/auto_aim_interfaces/auto_aim_interfaces/msg/detail/debug_armor__type_support.h
[0.219s] -- Up-to-date: /home/xxx/HUN_sentry_xxx/pb2025_Nav/install/auto_aim_interfaces/include/auto_aim_interfaces/auto_aim_interfaces/msg/detail/tracker_info__functions.h
[0.219s] -- Up-to-date: /home/xxx/HUN_sentry_xxx/pb2025_Nav/install/auto_aim_interfaces/include/auto_aim_interfaces/auto_aim_interfaces/msg/detail/debug_armors__type_support.h
[0.219s] -- Up-to-date: /home/xxx/HUN_sentry_xxx/pb2025_Nav/install/auto_aim_interfaces/include/auto_aim_interfaces/auto_aim_interfaces/msg/detail/target__functions.h
[0.219s] -- Up-to-date: /home/xxx/HUN_sentry_xxx/pb2025_Nav/install/auto_aim_interfaces/include/auto_aim_interfaces/auto_aim_interfaces/msg/detail/debug_armors__functions.h
[0.219s] -- Up-to-date: /home/xxx/HUN_sentry_xxx/pb2025_Nav/install/auto_aim_interfaces/include/auto_aim_interfaces/auto_aim_interfaces/msg/detail/debug_light__struct.h
[0.219s] -- Up-to-date: /home/xxx/HUN_sentry_xxx/pb2025_Nav/install/auto_aim_interfaces/include/auto_aim_interfaces/auto_aim_interfaces/msg/detail/target__type_support.h
[0.219s] -- Up-to-date: /home/xxx/HUN_sentry_xxx/pb2025_Nav/install/auto_aim_interfaces/include/auto_aim_interfaces/auto_aim_interfaces/msg/detail/tracker_info__struct.h
[0.220s] -- Up-to-date: /home/xxx/HUN_sentry_xxx/pb2025_Nav/install/auto_aim_interfaces/include/auto_aim_interfaces/auto_aim_interfaces/msg/detail/debug_light__type_support.h
[0.220s] -- Up-to-date: /home/xxx/HUN_sentry_xxx/pb2025_Nav/install/auto_aim_interfaces/include/auto_aim_interfaces/auto_aim_interfaces/msg/detail/debug_light__functions.c
[0.220s] -- Up-to-date: /home/xxx/HUN_sentry_xxx/pb2025_Nav/install/auto_aim_interfaces/include/auto_aim_interfaces/auto_aim_interfaces/msg/detail/armors__functions.c
[0.220s] -- Up-to-date: /home/xxx/HUN_sentry_xxx/pb2025_Nav/install/auto_aim_interfaces/include/auto_aim_interfaces/auto_aim_interfaces/msg/detail/debug_light__functions.h
[0.220s] -- Up-to-date: /home/xxx/HUN_sentry_xxx/pb2025_Nav/install/auto_aim_interfaces/include/auto_aim_interfaces/auto_aim_interfaces/msg/detail/target__functions.c
[0.220s] -- Up-to-date: /home/xxx/HUN_sentry_xxx/pb2025_Nav/install/auto_aim_interfaces/include/auto_aim_interfaces/auto_aim_interfaces/msg/detail/armor__struct.h
[0.220s] -- Up-to-date: /home/xxx/HUN_sentry_xxx/pb2025_Nav/install/auto_aim_interfaces/include/auto_aim_interfaces/auto_aim_interfaces/msg/detail/debug_lights__functions.c
[0.220s] -- Up-to-date: /home/xxx/HUN_sentry_xxx/pb2025_Nav/install/auto_aim_interfaces/include/auto_aim_interfaces/auto_aim_interfaces/msg/detail/debug_lights__struct.h
[0.220s] -- Up-to-date: /home/xxx/HUN_sentry_xxx/pb2025_Nav/install/auto_aim_interfaces/include/auto_aim_interfaces/auto_aim_interfaces/msg/detail/debug_lights__functions.h
[0.220s] -- Up-to-date: /home/xxx/HUN_sentry_xxx/pb2025_Nav/install/auto_aim_interfaces/include/auto_aim_interfaces/auto_aim_interfaces/msg/detail/debug_armor__struct.h
[0.220s] -- Up-to-date: /home/xxx/HUN_sentry_xxx/pb2025_Nav/install/auto_aim_interfaces/include/auto_aim_interfaces/auto_aim_interfaces/msg/detail/debug_armor__functions.h
[0.220s] -- Up-to-date: /home/xxx/HUN_sentry_xxx/pb2025_Nav/install/auto_aim_interfaces/include/auto_aim_interfaces/auto_aim_interfaces/msg/detail/armors__struct.h
[0.220s] -- Up-to-date: /home/xxx/HUN_sentry_xxx/pb2025_Nav/install/auto_aim_interfaces/include/auto_aim_interfaces/auto_aim_interfaces/msg/detail/debug_lights__type_support.h
[0.220s] -- Up-to-date: /home/xxx/HUN_sentry_xxx/pb2025_Nav/install/auto_aim_interfaces/include/auto_aim_interfaces/auto_aim_interfaces/msg/detail/armor__functions.c
[0.220s] -- Up-to-date: /home/xxx/HUN_sentry_xxx/pb2025_Nav/install/auto_aim_interfaces/include/auto_aim_interfaces/auto_aim_interfaces/msg/detail/target__struct.h
[0.220s] -- Up-to-date: /home/xxx/HUN_sentry_xxx/pb2025_Nav/install/auto_aim_interfaces/include/auto_aim_interfaces/auto_aim_interfaces/msg/debug_armors.h
[0.220s] -- Up-to-date: /home/xxx/HUN_sentry_xxx/pb2025_Nav/install/auto_aim_interfaces/include/auto_aim_interfaces/auto_aim_interfaces/msg/debug_light.h
[0.220s] -- Up-to-date: /home/xxx/HUN_sentry_xxx/pb2025_Nav/install/auto_aim_interfaces/include/auto_aim_interfaces/auto_aim_interfaces/msg/target.h
[0.221s] -- Up-to-date: /home/xxx/HUN_sentry_xxx/pb2025_Nav/install/auto_aim_interfaces/include/auto_aim_interfaces/auto_aim_interfaces/msg/armors.h
[0.221s] -- Up-to-date: /home/xxx/HUN_sentry_xxx/pb2025_Nav/install/auto_aim_interfaces/include/auto_aim_interfaces/auto_aim_interfaces/msg/tracker_info.h
[0.221s] -- Up-to-date: /home/xxx/HUN_sentry_xxx/pb2025_Nav/install/auto_aim_interfaces/share/auto_aim_interfaces/environment/library_path.sh
[0.221s] -- Up-to-date: /home/xxx/HUN_sentry_xxx/pb2025_Nav/install/auto_aim_interfaces/share/auto_aim_interfaces/environment/library_path.dsv
[0.221s] -- Up-to-date: /home/xxx/HUN_sentry_xxx/pb2025_Nav/install/auto_aim_interfaces/lib/libauto_aim_interfaces__rosidl_generator_c.so
[0.221s] -- Up-to-date: /home/xxx/HUN_sentry_xxx/pb2025_Nav/install/auto_aim_interfaces/include/auto_aim_interfaces/auto_aim_interfaces
[0.221s] -- Up-to-date: /home/xxx/HUN_sentry_xxx/pb2025_Nav/install/auto_aim_interfaces/include/auto_aim_interfaces/auto_aim_interfaces/msg
[0.221s] -- Up-to-date: /home/xxx/HUN_sentry_xxx/pb2025_Nav/install/auto_aim_interfaces/include/auto_aim_interfaces/auto_aim_interfaces/msg/detail
[0.221s] -- Up-to-date: /home/xxx/HUN_sentry_xxx/pb2025_Nav/install/auto_aim_interfaces/include/auto_aim_interfaces/auto_aim_interfaces/msg/detail/target__rosidl_typesupport_fastrtps_c.h
[0.221s] -- Up-to-date: /home/xxx/HUN_sentry_xxx/pb2025_Nav/install/auto_aim_interfaces/include/auto_aim_interfaces/auto_aim_interfaces/msg/detail/debug_lights__rosidl_typesupport_fastrtps_c.h
[0.221s] -- Up-to-date: /home/xxx/HUN_sentry_xxx/pb2025_Nav/install/auto_aim_interfaces/include/auto_aim_interfaces/auto_aim_interfaces/msg/detail/debug_light__rosidl_typesupport_fastrtps_c.h
[0.222s] -- Up-to-date: /home/xxx/HUN_sentry_xxx/pb2025_Nav/install/auto_aim_interfaces/include/auto_aim_interfaces/auto_aim_interfaces/msg/detail/debug_armors__rosidl_typesupport_fastrtps_c.h
[0.222s] -- Up-to-date: /home/xxx/HUN_sentry_xxx/pb2025_Nav/install/auto_aim_interfaces/include/auto_aim_interfaces/auto_aim_interfaces/msg/detail/tracker_info__rosidl_typesupport_fastrtps_c.h
[0.222s] -- Up-to-date: /home/xxx/HUN_sentry_xxx/pb2025_Nav/install/auto_aim_interfaces/include/auto_aim_interfaces/auto_aim_interfaces/msg/detail/debug_armor__rosidl_typesupport_fastrtps_c.h
[0.222s] -- Up-to-date: /home/xxx/HUN_sentry_xxx/pb2025_Nav/install/auto_aim_interfaces/include/auto_aim_interfaces/auto_aim_interfaces/msg/detail/armor__rosidl_typesupport_fastrtps_c.h
[0.222s] -- Up-to-date: /home/xxx/HUN_sentry_xxx/pb2025_Nav/install/auto_aim_interfaces/include/auto_aim_interfaces/auto_aim_interfaces/msg/detail/armors__rosidl_typesupport_fastrtps_c.h
[0.222s] -- Up-to-date: /home/xxx/HUN_sentry_xxx/pb2025_Nav/install/auto_aim_interfaces/include/auto_aim_interfaces/auto_aim_interfaces/msg/rosidl_typesupport_fastrtps_c__visibility_control.h
[0.222s] -- Up-to-date: /home/xxx/HUN_sentry_xxx/pb2025_Nav/install/auto_aim_interfaces/lib/libauto_aim_interfaces__rosidl_typesupport_fastrtps_c.so
[0.222s] -- Up-to-date: /home/xxx/HUN_sentry_xxx/pb2025_Nav/install/auto_aim_interfaces/include/auto_aim_interfaces/auto_aim_interfaces
[0.222s] -- Up-to-date: /home/xxx/HUN_sentry_xxx/pb2025_Nav/install/auto_aim_interfaces/include/auto_aim_interfaces/auto_aim_interfaces/msg
[0.222s] -- Up-to-date: /home/xxx/HUN_sentry_xxx/pb2025_Nav/install/auto_aim_interfaces/include/auto_aim_interfaces/auto_aim_interfaces/msg/detail
[0.222s] -- Up-to-date: /home/xxx/HUN_sentry_xxx/pb2025_Nav/install/auto_aim_interfaces/include/auto_aim_interfaces/auto_aim_interfaces/msg/detail/debug_light__type_support.c
[0.222s] -- Up-to-date: /home/xxx/HUN_sentry_xxx/pb2025_Nav/install/auto_aim_interfaces/include/auto_aim_interfaces/auto_aim_interfaces/msg/detail/debug_light__rosidl_typesupport_introspection_c.h
[0.222s] -- Up-to-date: /home/xxx/HUN_sentry_xxx/pb2025_Nav/install/auto_aim_interfaces/include/auto_aim_interfaces/auto_aim_interfaces/msg/detail/tracker_info__rosidl_typesupport_introspection_c.h
[0.222s] -- Up-to-date: /home/xxx/HUN_sentry_xxx/pb2025_Nav/install/auto_aim_interfaces/include/auto_aim_interfaces/auto_aim_interfaces/msg/detail/armor__rosidl_typesupport_introspection_c.h
[0.222s] -- Up-to-date: /home/xxx/HUN_sentry_xxx/pb2025_Nav/install/auto_aim_interfaces/include/auto_aim_interfaces/auto_aim_interfaces/msg/detail/debug_armor__rosidl_typesupport_introspection_c.h
[0.223s] -- Up-to-date: /home/xxx/HUN_sentry_xxx/pb2025_Nav/install/auto_aim_interfaces/include/auto_aim_interfaces/auto_aim_interfaces/msg/detail/debug_lights__type_support.c
[0.223s] -- Up-to-date: /home/xxx/HUN_sentry_xxx/pb2025_Nav/install/auto_aim_interfaces/include/auto_aim_interfaces/auto_aim_interfaces/msg/detail/armors__rosidl_typesupport_introspection_c.h
[0.223s] -- Up-to-date: /home/xxx/HUN_sentry_xxx/pb2025_Nav/install/auto_aim_interfaces/include/auto_aim_interfaces/auto_aim_interfaces/msg/detail/target__rosidl_typesupport_introspection_c.h
[0.223s] -- Up-to-date: /home/xxx/HUN_sentry_xxx/pb2025_Nav/install/auto_aim_interfaces/include/auto_aim_interfaces/auto_aim_interfaces/msg/detail/target__type_support.c
[0.223s] -- Up-to-date: /home/xxx/HUN_sentry_xxx/pb2025_Nav/install/auto_aim_interfaces/include/auto_aim_interfaces/auto_aim_interfaces/msg/detail/debug_armors__type_support.c
[0.223s] -- Up-to-date: /home/xxx/HUN_sentry_xxx/pb2025_Nav/install/auto_aim_interfaces/include/auto_aim_interfaces/auto_aim_interfaces/msg/detail/armor__type_support.c
[0.223s] -- Up-to-date: /home/xxx/HUN_sentry_xxx/pb2025_Nav/install/auto_aim_interfaces/include/auto_aim_interfaces/auto_aim_interfaces/msg/detail/debug_armor__type_support.c
[0.223s] -- Up-to-date: /home/xxx/HUN_sentry_xxx/pb2025_Nav/install/auto_aim_interfaces/include/auto_aim_interfaces/auto_aim_interfaces/msg/detail/debug_lights__rosidl_typesupport_introspection_c.h
[0.223s] -- Up-to-date: /home/xxx/HUN_sentry_xxx/pb2025_Nav/install/auto_aim_interfaces/include/auto_aim_interfaces/auto_aim_interfaces/msg/detail/tracker_info__type_support.c
[0.223s] -- Up-to-date: /home/xxx/HUN_sentry_xxx/pb2025_Nav/install/auto_aim_interfaces/include/auto_aim_interfaces/auto_aim_interfaces/msg/detail/debug_armors__rosidl_typesupport_introspection_c.h
[0.223s] -- Up-to-date: /home/xxx/HUN_sentry_xxx/pb2025_Nav/install/auto_aim_interfaces/include/auto_aim_interfaces/auto_aim_interfaces/msg/detail/armors__type_support.c
[0.223s] -- Up-to-date: /home/xxx/HUN_sentry_xxx/pb2025_Nav/install/auto_aim_interfaces/include/auto_aim_interfaces/auto_aim_interfaces/msg/rosidl_typesupport_introspection_c__visibility_control.h
[0.223s] -- Up-to-date: /home/xxx/HUN_sentry_xxx/pb2025_Nav/install/auto_aim_interfaces/lib/libauto_aim_interfaces__rosidl_typesupport_introspection_c.so
[0.223s] -- Up-to-date: /home/xxx/HUN_sentry_xxx/pb2025_Nav/install/auto_aim_interfaces/lib/libauto_aim_interfaces__rosidl_typesupport_c.so
[0.223s] -- Up-to-date: /home/xxx/HUN_sentry_xxx/pb2025_Nav/install/auto_aim_interfaces/include/auto_aim_interfaces/auto_aim_interfaces
[0.223s] -- Up-to-date: /home/xxx/HUN_sentry_xxx/pb2025_Nav/install/auto_aim_interfaces/include/auto_aim_interfaces/auto_aim_interfaces/msg
[0.223s] -- Up-to-date: /home/xxx/HUN_sentry_xxx/pb2025_Nav/install/auto_aim_interfaces/include/auto_aim_interfaces/auto_aim_interfaces/msg/debug_armors.hpp
[0.223s] -- Up-to-date: /home/xxx/HUN_sentry_xxx/pb2025_Nav/install/auto_aim_interfaces/include/auto_aim_interfaces/auto_aim_interfaces/msg/debug_light.hpp
[0.224s] -- Up-to-date: /home/xxx/HUN_sentry_xxx/pb2025_Nav/install/auto_aim_interfaces/include/auto_aim_interfaces/auto_aim_interfaces/msg/armor.hpp
[0.224s] -- Up-to-date: /home/xxx/HUN_sentry_xxx/pb2025_Nav/install/auto_aim_interfaces/include/auto_aim_interfaces/auto_aim_interfaces/msg/armors.hpp
[0.224s] -- Up-to-date: /home/xxx/HUN_sentry_xxx/pb2025_Nav/install/auto_aim_interfaces/include/auto_aim_interfaces/auto_aim_interfaces/msg/detail
[0.224s] -- Up-to-date: /home/xxx/HUN_sentry_xxx/pb2025_Nav/install/auto_aim_interfaces/include/auto_aim_interfaces/auto_aim_interfaces/msg/detail/tracker_info__struct.hpp
[0.224s] -- Up-to-date: /home/xxx/HUN_sentry_xxx/pb2025_Nav/install/auto_aim_interfaces/include/auto_aim_interfaces/auto_aim_interfaces/msg/detail/debug_light__struct.hpp
[0.224s] -- Up-to-date: /home/xxx/HUN_sentry_xxx/pb2025_Nav/install/auto_aim_interfaces/include/auto_aim_interfaces/auto_aim_interfaces/msg/detail/debug_light__type_support.hpp
[0.224s] -- Up-to-date: /home/xxx/HUN_sentry_xxx/pb2025_Nav/install/auto_aim_interfaces/include/auto_aim_interfaces/auto_aim_interfaces/msg/detail/debug_armors__struct.hpp
[0.224s] -- Up-to-date: /home/xxx/HUN_sentry_xxx/pb2025_Nav/install/auto_aim_interfaces/include/auto_aim_interfaces/auto_aim_interfaces/msg/detail/tracker_info__traits.hpp
[0.224s] -- Up-to-date: /home/xxx/HUN_sentry_xxx/pb2025_Nav/install/auto_aim_interfaces/include/auto_aim_interfaces/auto_aim_interfaces/msg/detail/armor__builder.hpp
[0.224s] -- Up-to-date: /home/xxx/HUN_sentry_xxx/pb2025_Nav/install/auto_aim_interfaces/include/auto_aim_interfaces/auto_aim_interfaces/msg/detail/armors__type_support.hpp
[0.224s] -- Up-to-date: /home/xxx/HUN_sentry_xxx/pb2025_Nav/install/auto_aim_interfaces/include/auto_aim_interfaces/auto_aim_interfaces/msg/detail/debug_armors__type_support.hpp
[0.224s] -- Up-to-date: /home/xxx/HUN_sentry_xxx/pb2025_Nav/install/auto_aim_interfaces/include/auto_aim_interfaces/auto_aim_interfaces/msg/detail/debug_lights__traits.hpp
[0.224s] -- Up-to-date: /home/xxx/HUN_sentry_xxx/pb2025_Nav/install/auto_aim_interfaces/include/auto_aim_interfaces/auto_aim_interfaces/msg/detail/debug_armor__struct.hpp
[0.224s] -- Up-to-date: /home/xxx/HUN_sentry_xxx/pb2025_Nav/install/auto_aim_interfaces/include/auto_aim_interfaces/auto_aim_interfaces/msg/detail/debug_armor__traits.hpp
[0.224s] -- Up-to-date: /home/xxx/HUN_sentry_xxx/pb2025_Nav/install/auto_aim_interfaces/include/auto_aim_interfaces/auto_aim_interfaces/msg/detail/tracker_info__builder.hpp
[0.224s] -- Up-to-date: /home/xxx/HUN_sentry_xxx/pb2025_Nav/install/auto_aim_interfaces/include/auto_aim_interfaces/auto_aim_interfaces/msg/detail/tracker_info__type_support.hpp
[0.224s] -- Up-to-date: /home/xxx/HUN_sentry_xxx/pb2025_Nav/install/auto_aim_interfaces/include/auto_aim_interfaces/auto_aim_interfaces/msg/detail/armors__struct.hpp
[0.224s] -- Up-to-date: /home/xxx/HUN_sentry_xxx/pb2025_Nav/install/auto_aim_interfaces/include/auto_aim_interfaces/auto_aim_interfaces/msg/detail/debug_lights__builder.hpp
[0.224s] -- Up-to-date: /home/xxx/HUN_sentry_xxx/pb2025_Nav/install/auto_aim_interfaces/include/auto_aim_interfaces/auto_aim_interfaces/msg/detail/armor__traits.hpp
[0.224s] -- Up-to-date: /home/xxx/HUN_sentry_xxx/pb2025_Nav/install/auto_aim_interfaces/include/auto_aim_interfaces/auto_aim_interfaces/msg/detail/target__builder.hpp
[0.224s] -- Up-to-date: /home/xxx/HUN_sentry_xxx/pb2025_Nav/install/auto_aim_interfaces/include/auto_aim_interfaces/auto_aim_interfaces/msg/detail/armor__struct.hpp
[0.224s] -- Up-to-date: /home/xxx/HUN_sentry_xxx/pb2025_Nav/install/auto_aim_interfaces/include/auto_aim_interfaces/auto_aim_interfaces/msg/detail/debug_light__builder.hpp
[0.224s] -- Up-to-date: /home/xxx/HUN_sentry_xxx/pb2025_Nav/install/auto_aim_interfaces/include/auto_aim_interfaces/auto_aim_interfaces/msg/detail/debug_armors__builder.hpp
[0.224s] -- Up-to-date: /home/xxx/HUN_sentry_xxx/pb2025_Nav/install/auto_aim_interfaces/include/auto_aim_interfaces/auto_aim_interfaces/msg/detail/target__traits.hpp
[0.224s] -- Up-to-date: /home/xxx/HUN_sentry_xxx/pb2025_Nav/install/auto_aim_interfaces/include/auto_aim_interfaces/auto_aim_interfaces/msg/detail/target__struct.hpp
[0.224s] -- Up-to-date: /home/xxx/HUN_sentry_xxx/pb2025_Nav/install/auto_aim_interfaces/include/auto_aim_interfaces/auto_aim_interfaces/msg/detail/debug_lights__type_support.hpp
[0.224s] -- Up-to-date: /home/xxx/HUN_sentry_xxx/pb2025_Nav/install/auto_aim_interfaces/include/auto_aim_interfaces/auto_aim_interfaces/msg/detail/debug_armor__type_support.hpp
[0.224s] -- Up-to-date: /home/xxx/HUN_sentry_xxx/pb2025_Nav/install/auto_aim_interfaces/include/auto_aim_interfaces/auto_aim_interfaces/msg/detail/target__type_support.hpp
[0.224s] -- Up-to-date: /home/xxx/HUN_sentry_xxx/pb2025_Nav/install/auto_aim_interfaces/include/auto_aim_interfaces/auto_aim_interfaces/msg/detail/debug_armors__traits.hpp
[0.224s] -- Up-to-date: /home/xxx/HUN_sentry_xxx/pb2025_Nav/install/auto_aim_interfaces/include/auto_aim_interfaces/auto_aim_interfaces/msg/detail/debug_armor__builder.hpp
[0.224s] -- Up-to-date: /home/xxx/HUN_sentry_xxx/pb2025_Nav/install/auto_aim_interfaces/include/auto_aim_interfaces/auto_aim_interfaces/msg/detail/armor__type_support.hpp
[0.224s] -- Up-to-date: /home/xxx/HUN_sentry_xxx/pb2025_Nav/install/auto_aim_interfaces/include/auto_aim_interfaces/auto_aim_interfaces/msg/detail/armors__builder.hpp
[0.224s] -- Up-to-date: /home/xxx/HUN_sentry_xxx/pb2025_Nav/install/auto_aim_interfaces/include/auto_aim_interfaces/auto_aim_interfaces/msg/detail/armors__traits.hpp
[0.224s] -- Up-to-date: /home/xxx/HUN_sentry_xxx/pb2025_Nav/install/auto_aim_interfaces/include/auto_aim_interfaces/auto_aim_interfaces/msg/detail/debug_lights__struct.hpp
[0.225s] -- Up-to-date: /home/xxx/HUN_sentry_xxx/pb2025_Nav/install/auto_aim_interfaces/include/auto_aim_interfaces/auto_aim_interfaces/msg/detail/debug_light__traits.hpp
[0.225s] -- Up-to-date: /home/xxx/HUN_sentry_xxx/pb2025_Nav/install/auto_aim_interfaces/include/auto_aim_interfaces/auto_aim_interfaces/msg/tracker_info.hpp
[0.225s] -- Up-to-date: /home/xxx/HUN_sentry_xxx/pb2025_Nav/install/auto_aim_interfaces/include/auto_aim_interfaces/auto_aim_interfaces/msg/debug_armor.hpp
[0.225s] -- Up-to-date: /home/xxx/HUN_sentry_xxx/pb2025_Nav/install/auto_aim_interfaces/include/auto_aim_interfaces/auto_aim_interfaces/msg/target.hpp
[0.225s] -- Up-to-date: /home/xxx/HUN_sentry_xxx/pb2025_Nav/install/auto_aim_interfaces/include/auto_aim_interfaces/auto_aim_interfaces/msg/rosidl_generator_cpp__visibility_control.hpp
[0.225s] -- Up-to-date: /home/xxx/HUN_sentry_xxx/pb2025_Nav/install/auto_aim_interfaces/include/auto_aim_interfaces/auto_aim_interfaces/msg/debug_lights.hpp
[0.225s] -- Up-to-date: /home/xxx/HUN_sentry_xxx/pb2025_Nav/install/auto_aim_interfaces/include/auto_aim_interfaces/auto_aim_interfaces
[0.225s] -- Up-to-date: /home/xxx/HUN_sentry_xxx/pb2025_Nav/install/auto_aim_interfaces/include/auto_aim_interfaces/auto_aim_interfaces/msg
[0.225s] -- Up-to-date: /home/xxx/HUN_sentry_xxx/pb2025_Nav/install/auto_aim_interfaces/include/auto_aim_interfaces/auto_aim_interfaces/msg/detail
[0.225s] -- Up-to-date: /home/xxx/HUN_sentry_xxx/pb2025_Nav/install/auto_aim_interfaces/include/auto_aim_interfaces/auto_aim_interfaces/msg/detail/debug_lights__rosidl_typesupport_fastrtps_cpp.hpp
[0.225s] -- Up-to-date: /home/xxx/HUN_sentry_xxx/pb2025_Nav/install/auto_aim_interfaces/include/auto_aim_interfaces/auto_aim_interfaces/msg/detail/debug_light__rosidl_typesupport_fastrtps_cpp.hpp
[0.225s] -- Up-to-date: /home/xxx/HUN_sentry_xxx/pb2025_Nav/install/auto_aim_interfaces/include/auto_aim_interfaces/auto_aim_interfaces/msg/detail/target__rosidl_typesupport_fastrtps_cpp.hpp
[0.225s] -- Up-to-date: /home/xxx/HUN_sentry_xxx/pb2025_Nav/install/auto_aim_interfaces/include/auto_aim_interfaces/auto_aim_interfaces/msg/detail/debug_armor__rosidl_typesupport_fastrtps_cpp.hpp
[0.225s] -- Up-to-date: /home/xxx/HUN_sentry_xxx/pb2025_Nav/install/auto_aim_interfaces/include/auto_aim_interfaces/auto_aim_interfaces/msg/detail/armors__rosidl_typesupport_fastrtps_cpp.hpp
[0.225s] -- Up-to-date: /home/xxx/HUN_sentry_xxx/pb2025_Nav/install/auto_aim_interfaces/include/auto_aim_interfaces/auto_aim_interfaces/msg/detail/dds_fastrtps
[0.225s] -- Up-to-date: /home/xxx/HUN_sentry_xxx/pb2025_Nav/install/auto_aim_interfaces/include/auto_aim_interfaces/auto_aim_interfaces/msg/detail/tracker_info__rosidl_typesupport_fastrtps_cpp.hpp
[0.225s] -- Up-to-date: /home/xxx/HUN_sentry_xxx/pb2025_Nav/install/auto_aim_interfaces/include/auto_aim_interfaces/auto_aim_interfaces/msg/detail/debug_armors__rosidl_typesupport_fastrtps_cpp.hpp
[0.225s] -- Up-to-date: /home/xxx/HUN_sentry_xxx/pb2025_Nav/install/auto_aim_interfaces/include/auto_aim_interfaces/auto_aim_interfaces/msg/detail/armor__rosidl_typesupport_fastrtps_cpp.hpp
[0.225s] -- Up-to-date: /home/xxx/HUN_sentry_xxx/pb2025_Nav/install/auto_aim_interfaces/include/auto_aim_interfaces/auto_aim_interfaces/msg/rosidl_typesupport_fastrtps_cpp__visibility_control.h
[0.225s] -- Up-to-date: /home/xxx/HUN_sentry_xxx/pb2025_Nav/install/auto_aim_interfaces/lib/libauto_aim_interfaces__rosidl_typesupport_fastrtps_cpp.so
[0.225s] -- Up-to-date: /home/xxx/HUN_sentry_xxx/pb2025_Nav/install/auto_aim_interfaces/include/auto_aim_interfaces/auto_aim_interfaces
[0.225s] -- Up-to-date: /home/xxx/HUN_sentry_xxx/pb2025_Nav/install/auto_aim_interfaces/include/auto_aim_interfaces/auto_aim_interfaces/msg
[0.225s] -- Up-to-date: /home/xxx/HUN_sentry_xxx/pb2025_Nav/install/auto_aim_interfaces/include/auto_aim_interfaces/auto_aim_interfaces/msg/detail
[0.225s] -- Up-to-date: /home/xxx/HUN_sentry_xxx/pb2025_Nav/install/auto_aim_interfaces/include/auto_aim_interfaces/auto_aim_interfaces/msg/detail/armor__rosidl_typesupport_introspection_cpp.hpp
[0.225s] -- Up-to-date: /home/xxx/HUN_sentry_xxx/pb2025_Nav/install/auto_aim_interfaces/include/auto_aim_interfaces/auto_aim_interfaces/msg/detail/debug_light__type_support.cpp
[0.225s] -- Up-to-date: /home/xxx/HUN_sentry_xxx/pb2025_Nav/install/auto_aim_interfaces/include/auto_aim_interfaces/auto_aim_interfaces/msg/detail/debug_armors__type_support.cpp
[0.225s] -- Up-to-date: /home/xxx/HUN_sentry_xxx/pb2025_Nav/install/auto_aim_interfaces/include/auto_aim_interfaces/auto_aim_interfaces/msg/detail/target__type_support.cpp
[0.225s] -- Up-to-date: /home/xxx/HUN_sentry_xxx/pb2025_Nav/install/auto_aim_interfaces/include/auto_aim_interfaces/auto_aim_interfaces/msg/detail/armors__rosidl_typesupport_introspection_cpp.hpp
[0.225s] -- Up-to-date: /home/xxx/HUN_sentry_xxx/pb2025_Nav/install/auto_aim_interfaces/include/auto_aim_interfaces/auto_aim_interfaces/msg/detail/debug_lights__rosidl_typesupport_introspection_cpp.hpp
[0.225s] -- Up-to-date: /home/xxx/HUN_sentry_xxx/pb2025_Nav/install/auto_aim_interfaces/include/auto_aim_interfaces/auto_aim_interfaces/msg/detail/debug_light__rosidl_typesupport_introspection_cpp.hpp
[0.225s] -- Up-to-date: /home/xxx/HUN_sentry_xxx/pb2025_Nav/install/auto_aim_interfaces/include/auto_aim_interfaces/auto_aim_interfaces/msg/detail/debug_armor__rosidl_typesupport_introspection_cpp.hpp
[0.225s] -- Up-to-date: /home/xxx/HUN_sentry_xxx/pb2025_Nav/install/auto_aim_interfaces/include/auto_aim_interfaces/auto_aim_interfaces/msg/detail/armors__type_support.cpp
[0.225s] -- Up-to-date: /home/xxx/HUN_sentry_xxx/pb2025_Nav/install/auto_aim_interfaces/include/auto_aim_interfaces/auto_aim_interfaces/msg/detail/debug_armor__type_support.cpp
[0.226s] -- Up-to-date: /home/xxx/HUN_sentry_xxx/pb2025_Nav/install/auto_aim_interfaces/include/auto_aim_interfaces/auto_aim_interfaces/msg/detail/tracker_info__type_support.cpp
[0.226s] -- Up-to-date: /home/xxx/HUN_sentry_xxx/pb2025_Nav/install/auto_aim_interfaces/include/auto_aim_interfaces/auto_aim_interfaces/msg/detail/debug_armors__rosidl_typesupport_introspection_cpp.hpp
[0.226s] -- Up-to-date: /home/xxx/HUN_sentry_xxx/pb2025_Nav/install/auto_aim_interfaces/include/auto_aim_interfaces/auto_aim_interfaces/msg/detail/debug_lights__type_support.cpp
[0.226s] -- Up-to-date: /home/xxx/HUN_sentry_xxx/pb2025_Nav/install/auto_aim_interfaces/include/auto_aim_interfaces/auto_aim_interfaces/msg/detail/armor__type_support.cpp
[0.226s] -- Up-to-date: /home/xxx/HUN_sentry_xxx/pb2025_Nav/install/auto_aim_interfaces/include/auto_aim_interfaces/auto_aim_interfaces/msg/detail/tracker_info__rosidl_typesupport_introspection_cpp.hpp
[0.226s] -- Up-to-date: /home/xxx/HUN_sentry_xxx/pb2025_Nav/install/auto_aim_interfaces/include/auto_aim_interfaces/auto_aim_interfaces/msg/detail/target__rosidl_typesupport_introspection_cpp.hpp
[0.226s] -- Up-to-date: /home/xxx/HUN_sentry_xxx/pb2025_Nav/install/auto_aim_interfaces/lib/libauto_aim_interfaces__rosidl_typesupport_introspection_cpp.so
[0.226s] -- Up-to-date: /home/xxx/HUN_sentry_xxx/pb2025_Nav/install/auto_aim_interfaces/lib/libauto_aim_interfaces__rosidl_typesupport_cpp.so
[0.226s] -- Up-to-date: /home/xxx/HUN_sentry_xxx/pb2025_Nav/install/auto_aim_interfaces/share/auto_aim_interfaces/environment/pythonpath.sh
[0.226s] -- Up-to-date: /home/xxx/HUN_sentry_xxx/pb2025_Nav/install/auto_aim_interfaces/share/auto_aim_interfaces/environment/pythonpath.dsv
[0.226s] -- Up-to-date: /home/xxx/HUN_sentry_xxx/pb2025_Nav/install/auto_aim_interfaces/local/lib/python3.10/dist-packages/auto_aim_interfaces-0.0.0-py3.10.egg-info
[0.226s] -- Installing: /home/xxx/HUN_sentry_xxx/pb2025_Nav/install/auto_aim_interfaces/local/lib/python3.10/dist-packages/auto_aim_interfaces-0.0.0-py3.10.egg-info/dependency_links.txt
[0.226s] -- Installing: /home/xxx/HUN_sentry_xxx/pb2025_Nav/install/auto_aim_interfaces/local/lib/python3.10/dist-packages/auto_aim_interfaces-0.0.0-py3.10.egg-info/SOURCES.txt
[0.226s] -- Installing: /home/xxx/HUN_sentry_xxx/pb2025_Nav/install/auto_aim_interfaces/local/lib/python3.10/dist-packages/auto_aim_interfaces-0.0.0-py3.10.egg-info/PKG-INFO
[0.226s] -- Installing: /home/xxx/HUN_sentry_xxx/pb2025_Nav/install/auto_aim_interfaces/local/lib/python3.10/dist-packages/auto_aim_interfaces-0.0.0-py3.10.egg-info/top_level.txt
[0.226s] -- Up-to-date: /home/xxx/HUN_sentry_xxx/pb2025_Nav/install/auto_aim_interfaces/local/lib/python3.10/dist-packages/auto_aim_interfaces
[0.226s] -- Up-to-date: /home/xxx/HUN_sentry_xxx/pb2025_Nav/install/auto_aim_interfaces/local/lib/python3.10/dist-packages/auto_aim_interfaces/msg
[0.226s] -- Up-to-date: /home/xxx/HUN_sentry_xxx/pb2025_Nav/install/auto_aim_interfaces/local/lib/python3.10/dist-packages/auto_aim_interfaces/msg/_target.py
[0.226s] -- Up-to-date: /home/xxx/HUN_sentry_xxx/pb2025_Nav/install/auto_aim_interfaces/local/lib/python3.10/dist-packages/auto_aim_interfaces/msg/_target_s.c
[0.226s] -- Up-to-date: /home/xxx/HUN_sentry_xxx/pb2025_Nav/install/auto_aim_interfaces/local/lib/python3.10/dist-packages/auto_aim_interfaces/msg/_debug_armors_s.c
[0.226s] -- Up-to-date: /home/xxx/HUN_sentry_xxx/pb2025_Nav/install/auto_aim_interfaces/local/lib/python3.10/dist-packages/auto_aim_interfaces/msg/_armors.py
[0.226s] -- Up-to-date: /home/xxx/HUN_sentry_xxx/pb2025_Nav/install/auto_aim_interfaces/local/lib/python3.10/dist-packages/auto_aim_interfaces/msg/_debug_light.py
[0.226s] -- Up-to-date: /home/xxx/HUN_sentry_xxx/pb2025_Nav/install/auto_aim_interfaces/local/lib/python3.10/dist-packages/auto_aim_interfaces/msg/_debug_armors.py
[0.226s] -- Up-to-date: /home/xxx/HUN_sentry_xxx/pb2025_Nav/install/auto_aim_interfaces/local/lib/python3.10/dist-packages/auto_aim_interfaces/msg/_debug_lights.py
[0.226s] -- Up-to-date: /home/xxx/HUN_sentry_xxx/pb2025_Nav/install/auto_aim_interfaces/local/lib/python3.10/dist-packages/auto_aim_interfaces/msg/_tracker_info_s.c
[0.226s] -- Up-to-date: /home/xxx/HUN_sentry_xxx/pb2025_Nav/install/auto_aim_interfaces/local/lib/python3.10/dist-packages/auto_aim_interfaces/msg/_tracker_info.py
[0.226s] -- Up-to-date: /home/xxx/HUN_sentry_xxx/pb2025_Nav/install/auto_aim_interfaces/local/lib/python3.10/dist-packages/auto_aim_interfaces/msg/_debug_lights_s.c
[0.226s] -- Up-to-date: /home/xxx/HUN_sentry_xxx/pb2025_Nav/install/auto_aim_interfaces/local/lib/python3.10/dist-packages/auto_aim_interfaces/msg/_armor.py
[0.226s] -- Up-to-date: /home/xxx/HUN_sentry_xxx/pb2025_Nav/install/auto_aim_interfaces/local/lib/python3.10/dist-packages/auto_aim_interfaces/msg/_debug_armor_s.c
[0.226s] -- Up-to-date: /home/xxx/HUN_sentry_xxx/pb2025_Nav/install/auto_aim_interfaces/local/lib/python3.10/dist-packages/auto_aim_interfaces/msg/_debug_light_s.c
[0.226s] -- Up-to-date: /home/xxx/HUN_sentry_xxx/pb2025_Nav/install/auto_aim_interfaces/local/lib/python3.10/dist-packages/auto_aim_interfaces/msg/_debug_armor.py
[0.226s] -- Up-to-date: /home/xxx/HUN_sentry_xxx/pb2025_Nav/install/auto_aim_interfaces/local/lib/python3.10/dist-packages/auto_aim_interfaces/msg/_armor_s.c
[0.226s] -- Up-to-date: /home/xxx/HUN_sentry_xxx/pb2025_Nav/install/auto_aim_interfaces/local/lib/python3.10/dist-packages/auto_aim_interfaces/msg/_armors_s.c
[0.226s] -- Up-to-date: /home/xxx/HUN_sentry_xxx/pb2025_Nav/install/auto_aim_interfaces/local/lib/python3.10/dist-packages/auto_aim_interfaces/msg/__init__.py
[0.227s] -- Up-to-date: /home/xxx/HUN_sentry_xxx/pb2025_Nav/install/auto_aim_interfaces/local/lib/python3.10/dist-packages/auto_aim_interfaces/auto_aim_interfaces_s__rosidl_typesupport_introspection_c.cpython-310-x86_64-linux-gnu.so
[0.227s] -- Up-to-date: /home/xxx/HUN_sentry_xxx/pb2025_Nav/install/auto_aim_interfaces/local/lib/python3.10/dist-packages/auto_aim_interfaces/_auto_aim_interfaces_s.ep.rosidl_typesupport_c.c
[0.227s] -- Up-to-date: /home/xxx/HUN_sentry_xxx/pb2025_Nav/install/auto_aim_interfaces/local/lib/python3.10/dist-packages/auto_aim_interfaces/_auto_aim_interfaces_s.ep.rosidl_typesupport_introspection_c.c
[0.227s] -- Up-to-date: /home/xxx/HUN_sentry_xxx/pb2025_Nav/install/auto_aim_interfaces/local/lib/python3.10/dist-packages/auto_aim_interfaces/libauto_aim_interfaces__rosidl_generator_py.so
[0.227s] -- Up-to-date: /home/xxx/HUN_sentry_xxx/pb2025_Nav/install/auto_aim_interfaces/local/lib/python3.10/dist-packages/auto_aim_interfaces/auto_aim_interfaces_s__rosidl_typesupport_c.cpython-310-x86_64-linux-gnu.so
[0.227s] -- Up-to-date: /home/xxx/HUN_sentry_xxx/pb2025_Nav/install/auto_aim_interfaces/local/lib/python3.10/dist-packages/auto_aim_interfaces/_auto_aim_interfaces_s.ep.rosidl_typesupport_fastrtps_c.c
[0.227s] -- Up-to-date: /home/xxx/HUN_sentry_xxx/pb2025_Nav/install/auto_aim_interfaces/local/lib/python3.10/dist-packages/auto_aim_interfaces/auto_aim_interfaces_s__rosidl_typesupport_fastrtps_c.cpython-310-x86_64-linux-gnu.so
[0.227s] -- Up-to-date: /home/xxx/HUN_sentry_xxx/pb2025_Nav/install/auto_aim_interfaces/local/lib/python3.10/dist-packages/auto_aim_interfaces/__init__.py
[0.243s] Listing '/home/xxx/HUN_sentry_xxx/pb2025_Nav/install/auto_aim_interfaces/local/lib/python3.10/dist-packages/auto_aim_interfaces'...
[0.243s] Listing '/home/xxx/HUN_sentry_xxx/pb2025_Nav/install/auto_aim_interfaces/local/lib/python3.10/dist-packages/auto_aim_interfaces/msg'...
[0.246s] -- Up-to-date: /home/xxx/HUN_sentry_xxx/pb2025_Nav/install/auto_aim_interfaces/local/lib/python3.10/dist-packages/auto_aim_interfaces/auto_aim_interfaces_s__rosidl_typesupport_fastrtps_c.cpython-310-x86_64-linux-gnu.so
[0.247s] -- Up-to-date: /home/xxx/HUN_sentry_xxx/pb2025_Nav/install/auto_aim_interfaces/local/lib/python3.10/dist-packages/auto_aim_interfaces/auto_aim_interfaces_s__rosidl_typesupport_introspection_c.cpython-310-x86_64-linux-gnu.so
[0.247s] -- Up-to-date: /home/xxx/HUN_sentry_xxx/pb2025_Nav/install/auto_aim_interfaces/local/lib/python3.10/dist-packages/auto_aim_interfaces/auto_aim_interfaces_s__rosidl_typesupport_c.cpython-310-x86_64-linux-gnu.so
[0.247s] -- Up-to-date: /home/xxx/HUN_sentry_xxx/pb2025_Nav/install/auto_aim_interfaces/lib/libauto_aim_interfaces__rosidl_generator_py.so
[0.247s] -- Up-to-date: /home/xxx/HUN_sentry_xxx/pb2025_Nav/install/auto_aim_interfaces/share/ament_index/resource_index/rust_packages/auto_aim_interfaces
[0.247s] -- Up-to-date: /home/xxx/HUN_sentry_xxx/pb2025_Nav/install/auto_aim_interfaces/share/auto_aim_interfaces/rust
[0.247s] -- Up-to-date: /home/xxx/HUN_sentry_xxx/pb2025_Nav/install/auto_aim_interfaces/share/auto_aim_interfaces/rust/src
[0.248s] -- Up-to-date: /home/xxx/HUN_sentry_xxx/pb2025_Nav/install/auto_aim_interfaces/share/auto_aim_interfaces/rust/src/msg.rs
[0.248s] -- Up-to-date: /home/xxx/HUN_sentry_xxx/pb2025_Nav/install/auto_aim_interfaces/share/auto_aim_interfaces/rust/src/msg
[0.248s] -- Up-to-date: /home/xxx/HUN_sentry_xxx/pb2025_Nav/install/auto_aim_interfaces/share/auto_aim_interfaces/rust/src/msg/rmw.rs
[0.248s] -- Up-to-date: /home/xxx/HUN_sentry_xxx/pb2025_Nav/install/auto_aim_interfaces/share/auto_aim_interfaces/rust/src/lib.rs
[0.248s] -- Up-to-date: /home/xxx/HUN_sentry_xxx/pb2025_Nav/install/auto_aim_interfaces/share/auto_aim_interfaces/rust/build.rs
[0.249s] -- Up-to-date: /home/xxx/HUN_sentry_xxx/pb2025_Nav/install/auto_aim_interfaces/share/auto_aim_interfaces/rust/Cargo.toml
[0.249s] -- Up-to-date: /home/xxx/HUN_sentry_xxx/pb2025_Nav/install/auto_aim_interfaces/share/auto_aim_interfaces/msg/Armor.idl
[0.249s] -- Up-to-date: /home/xxx/HUN_sentry_xxx/pb2025_Nav/install/auto_aim_interfaces/share/auto_aim_interfaces/msg/Armors.idl
[0.249s] -- Up-to-date: /home/xxx/HUN_sentry_xxx/pb2025_Nav/install/auto_aim_interfaces/share/auto_aim_interfaces/msg/Target.idl
[0.249s] -- Up-to-date: /home/xxx/HUN_sentry_xxx/pb2025_Nav/install/auto_aim_interfaces/share/auto_aim_interfaces/msg/DebugLight.idl
[0.249s] -- Up-to-date: /home/xxx/HUN_sentry_xxx/pb2025_Nav/install/auto_aim_interfaces/share/auto_aim_interfaces/msg/DebugLights.idl
[0.249s] -- Up-to-date: /home/xxx/HUN_sentry_xxx/pb2025_Nav/install/auto_aim_interfaces/share/auto_aim_interfaces/msg/DebugArmor.idl
[0.249s] -- Up-to-date: /home/xxx/HUN_sentry_xxx/pb2025_Nav/install/auto_aim_interfaces/share/auto_aim_interfaces/msg/DebugArmors.idl
[0.249s] -- Up-to-date: /home/xxx/HUN_sentry_xxx/pb2025_Nav/install/auto_aim_interfaces/share/auto_aim_interfaces/msg/TrackerInfo.idl
[0.249s] -- Up-to-date: /home/xxx/HUN_sentry_xxx/pb2025_Nav/install/auto_aim_interfaces/share/auto_aim_interfaces/msg/Armor.msg
[0.249s] -- Up-to-date: /home/xxx/HUN_sentry_xxx/pb2025_Nav/install/auto_aim_interfaces/share/auto_aim_interfaces/msg/Armors.msg
[0.249s] -- Up-to-date: /home/xxx/HUN_sentry_xxx/pb2025_Nav/install/auto_aim_interfaces/share/auto_aim_interfaces/msg/Target.msg
[0.249s] -- Up-to-date: /home/xxx/HUN_sentry_xxx/pb2025_Nav/install/auto_aim_interfaces/share/auto_aim_interfaces/msg/DebugLight.msg
[0.249s] -- Up-to-date: /home/xxx/HUN_sentry_xxx/pb2025_Nav/install/auto_aim_interfaces/share/auto_aim_interfaces/msg/DebugLights.msg
[0.250s] -- Up-to-date: /home/xxx/HUN_sentry_xxx/pb2025_Nav/install/auto_aim_interfaces/share/auto_aim_interfaces/msg/DebugArmor.msg
[0.250s] -- Up-to-date: /home/xxx/HUN_sentry_xxx/pb2025_Nav/install/auto_aim_interfaces/share/auto_aim_interfaces/msg/DebugArmors.msg
[0.250s] -- Up-to-date: /home/xxx/HUN_sentry_xxx/pb2025_Nav/install/auto_aim_interfaces/share/auto_aim_interfaces/msg/TrackerInfo.msg
[0.250s] -- Up-to-date: /home/xxx/HUN_sentry_xxx/pb2025_Nav/install/auto_aim_interfaces/share/ament_index/resource_index/package_run_dependencies/auto_aim_interfaces
[0.250s] -- Up-to-date: /home/xxx/HUN_sentry_xxx/pb2025_Nav/install/auto_aim_interfaces/share/ament_index/resource_index/parent_prefix_path/auto_aim_interfaces
[0.250s] -- Up-to-date: /home/xxx/HUN_sentry_xxx/pb2025_Nav/install/auto_aim_interfaces/share/auto_aim_interfaces/environment/ament_prefix_path.sh
[0.250s] -- Up-to-date: /home/xxx/HUN_sentry_xxx/pb2025_Nav/install/auto_aim_interfaces/share/auto_aim_interfaces/environment/ament_prefix_path.dsv
[0.250s] -- Up-to-date: /home/xxx/HUN_sentry_xxx/pb2025_Nav/install/auto_aim_interfaces/share/auto_aim_interfaces/environment/path.sh
[0.250s] -- Up-to-date: /home/xxx/HUN_sentry_xxx/pb2025_Nav/install/auto_aim_interfaces/share/auto_aim_interfaces/environment/path.dsv
[0.250s] -- Up-to-date: /home/xxx/HUN_sentry_xxx/pb2025_Nav/install/auto_aim_interfaces/share/auto_aim_interfaces/local_setup.bash
[0.250s] -- Up-to-date: /home/xxx/HUN_sentry_xxx/pb2025_Nav/install/auto_aim_interfaces/share/auto_aim_interfaces/local_setup.sh
[0.250s] -- Up-to-date: /home/xxx/HUN_sentry_xxx/pb2025_Nav/install/auto_aim_interfaces/share/auto_aim_interfaces/local_setup.zsh
[0.250s] -- Up-to-date: /home/xxx/HUN_sentry_xxx/pb2025_Nav/install/auto_aim_interfaces/share/auto_aim_interfaces/local_setup.dsv
[0.250s] -- Installing: /home/xxx/HUN_sentry_xxx/pb2025_Nav/install/auto_aim_interfaces/share/auto_aim_interfaces/package.dsv
[0.250s] -- Up-to-date: /home/xxx/HUN_sentry_xxx/pb2025_Nav/install/auto_aim_interfaces/share/ament_index/resource_index/packages/auto_aim_interfaces
[0.250s] -- Up-to-date: /home/xxx/HUN_sentry_xxx/pb2025_Nav/install/auto_aim_interfaces/share/auto_aim_interfaces/cmake/export_auto_aim_interfaces__rosidl_generator_cExport.cmake
[0.250s] -- Up-to-date: /home/xxx/HUN_sentry_xxx/pb2025_Nav/install/auto_aim_interfaces/share/auto_aim_interfaces/cmake/export_auto_aim_interfaces__rosidl_generator_cExport-noconfig.cmake
[0.250s] -- Up-to-date: /home/xxx/HUN_sentry_xxx/pb2025_Nav/install/auto_aim_interfaces/share/auto_aim_interfaces/cmake/export_auto_aim_interfaces__rosidl_typesupport_fastrtps_cExport.cmake
[0.250s] -- Up-to-date: /home/xxx/HUN_sentry_xxx/pb2025_Nav/install/auto_aim_interfaces/share/auto_aim_interfaces/cmake/export_auto_aim_interfaces__rosidl_typesupport_fastrtps_cExport-noconfig.cmake
[0.250s] -- Up-to-date: /home/xxx/HUN_sentry_xxx/pb2025_Nav/install/auto_aim_interfaces/share/auto_aim_interfaces/cmake/auto_aim_interfaces__rosidl_typesupport_introspection_cExport.cmake
[0.250s] -- Up-to-date: /home/xxx/HUN_sentry_xxx/pb2025_Nav/install/auto_aim_interfaces/share/auto_aim_interfaces/cmake/auto_aim_interfaces__rosidl_typesupport_introspection_cExport-noconfig.cmake
[0.250s] -- Up-to-date: /home/xxx/HUN_sentry_xxx/pb2025_Nav/install/auto_aim_interfaces/share/auto_aim_interfaces/cmake/auto_aim_interfaces__rosidl_typesupport_cExport.cmake
[0.250s] -- Up-to-date: /home/xxx/HUN_sentry_xxx/pb2025_Nav/install/auto_aim_interfaces/share/auto_aim_interfaces/cmake/auto_aim_interfaces__rosidl_typesupport_cExport-noconfig.cmake
[0.250s] -- Up-to-date: /home/xxx/HUN_sentry_xxx/pb2025_Nav/install/auto_aim_interfaces/share/auto_aim_interfaces/cmake/export_auto_aim_interfaces__rosidl_generator_cppExport.cmake
[0.250s] -- Up-to-date: /home/xxx/HUN_sentry_xxx/pb2025_Nav/install/auto_aim_interfaces/share/auto_aim_interfaces/cmake/export_auto_aim_interfaces__rosidl_typesupport_fastrtps_cppExport.cmake
[0.250s] -- Up-to-date: /home/xxx/HUN_sentry_xxx/pb2025_Nav/install/auto_aim_interfaces/share/auto_aim_interfaces/cmake/export_auto_aim_interfaces__rosidl_typesupport_fastrtps_cppExport-noconfig.cmake
[0.250s] -- Up-to-date: /home/xxx/HUN_sentry_xxx/pb2025_Nav/install/auto_aim_interfaces/share/auto_aim_interfaces/cmake/auto_aim_interfaces__rosidl_typesupport_introspection_cppExport.cmake
[0.250s] -- Up-to-date: /home/xxx/HUN_sentry_xxx/pb2025_Nav/install/auto_aim_interfaces/share/auto_aim_interfaces/cmake/auto_aim_interfaces__rosidl_typesupport_introspection_cppExport-noconfig.cmake
[0.250s] -- Up-to-date: /home/xxx/HUN_sentry_xxx/pb2025_Nav/install/auto_aim_interfaces/share/auto_aim_interfaces/cmake/auto_aim_interfaces__rosidl_typesupport_cppExport.cmake
[0.250s] -- Up-to-date: /home/xxx/HUN_sentry_xxx/pb2025_Nav/install/auto_aim_interfaces/share/auto_aim_interfaces/cmake/auto_aim_interfaces__rosidl_typesupport_cppExport-noconfig.cmake
[0.250s] -- Up-to-date: /home/xxx/HUN_sentry_xxx/pb2025_Nav/install/auto_aim_interfaces/share/auto_aim_interfaces/cmake/export_auto_aim_interfaces__rosidl_generator_pyExport.cmake
[0.250s] -- Up-to-date: /home/xxx/HUN_sentry_xxx/pb2025_Nav/install/auto_aim_interfaces/share/auto_aim_interfaces/cmake/export_auto_aim_interfaces__rosidl_generator_pyExport-noconfig.cmake
[0.251s] -- Up-to-date: /home/xxx/HUN_sentry_xxx/pb2025_Nav/install/auto_aim_interfaces/share/auto_aim_interfaces/cmake/rosidl_cmake-extras.cmake
[0.251s] -- Up-to-date: /home/xxx/HUN_sentry_xxx/pb2025_Nav/install/auto_aim_interfaces/share/auto_aim_interfaces/cmake/ament_cmake_export_dependencies-extras.cmake
[0.251s] -- Up-to-date: /home/xxx/HUN_sentry_xxx/pb2025_Nav/install/auto_aim_interfaces/share/auto_aim_interfaces/cmake/ament_cmake_export_include_directories-extras.cmake
[0.251s] -- Up-to-date: /home/xxx/HUN_sentry_xxx/pb2025_Nav/install/auto_aim_interfaces/share/auto_aim_interfaces/cmake/ament_cmake_export_libraries-extras.cmake
[0.251s] -- Up-to-date: /home/xxx/HUN_sentry_xxx/pb2025_Nav/install/auto_aim_interfaces/share/auto_aim_interfaces/cmake/ament_cmake_export_targets-extras.cmake
[0.251s] -- Up-to-date: /home/xxx/HUN_sentry_xxx/pb2025_Nav/install/auto_aim_interfaces/share/auto_aim_interfaces/cmake/rosidl_cmake_export_typesupport_targets-extras.cmake
[0.251s] -- Up-to-date: /home/xxx/HUN_sentry_xxx/pb2025_Nav/install/auto_aim_interfaces/share/auto_aim_interfaces/cmake/rosidl_cmake_export_typesupport_libraries-extras.cmake
[0.251s] -- Up-to-date: /home/xxx/HUN_sentry_xxx/pb2025_Nav/install/auto_aim_interfaces/share/auto_aim_interfaces/cmake/auto_aim_interfacesConfig.cmake
[0.251s] -- Up-to-date: /home/xxx/HUN_sentry_xxx/pb2025_Nav/install/auto_aim_interfaces/share/auto_aim_interfaces/cmake/auto_aim_interfacesConfig-version.cmake
[0.251s] -- Up-to-date: /home/xxx/HUN_sentry_xxx/pb2025_Nav/install/auto_aim_interfaces/share/auto_aim_interfaces/package.xml
[0.251s] Invoked command in '/home/xxx/HUN_sentry_xxx/pb2025_Nav/build/auto_aim_interfaces' returned '0': CMAKE_PREFIX_PATH=/opt/ros/humble __trae_PS1=\n(TraeAI-4) \w [$?] $ /usr/bin/cmake --install /home/xxx/HUN_sentry_xxx/pb2025_Nav/build/auto_aim_interfaces
