[0.006s] Invoking command in '/home/xxx/HUN_sentry_xxx/pb2025_Nav/build/nav_bridge': AMENT_PREFIX_PATH=/home/xxx/HUN_sentry_xxx/pb2025_Nav/install/auto_aim_interfaces:${AMENT_PREFIX_PATH} CMAKE_PREFIX_PATH=/home/xxx/HUN_sentry_xxx/pb2025_Nav/install/auto_aim_interfaces LD_LIBRARY_PATH=/home/xxx/HUN_sentry_xxx/pb2025_Nav/install/auto_aim_interfaces/lib:/usr/local/cuda-12.4/lib64:/opt/MVS/lib/64:/home/xxx/nvidia_libs/TensorRT-8.4.2.4/lib:/opt/MVS/lib/64:/opt/MVS/lib/32:/opt/ros/humble/opt/rviz_ogre_vendor/lib:/opt/ros/humble/lib/x86_64-linux-gnu:/opt/ros/humble/lib:/opt/MVS/lib/64:/opt/MVS/lib/32:/opt/MVS/lib/64:/opt/MVS/lib/32 PYTHONPATH=/home/xxx/HUN_sentry_xxx/pb2025_Nav/install/auto_aim_interfaces/local/lib/python3.10/dist-packages:${PYTHONPATH} __trae_PS1=\n(TraeAI-4) \w [$?] $ /usr/bin/cmake /home/xxx/HUN_sentry_xxx/pb2025_Nav/src/nav_bridge -DCMAKE_INSTALL_PREFIX=/home/xxx/HUN_sentry_xxx/pb2025_Nav/install/nav_bridge
[0.042s] -- The C compiler identification is GNU 11.4.0
[0.076s] -- The CXX compiler identification is GNU 11.4.0
[0.080s] -- Detecting C compiler ABI info
[0.126s] -- Detecting C compiler ABI info - done
[0.130s] -- Check for working C compiler: /usr/bin/cc - skipped
[0.130s] -- Detecting C compile features
[0.130s] -- Detecting C compile features - done
[0.132s] -- Detecting CXX compiler ABI info
[0.186s] -- Detecting CXX compiler ABI info - done
[0.189s] -- Check for working CXX compiler: /usr/bin/c++ - skipped
[0.190s] -- Detecting CXX compile features
[0.190s] -- Detecting CXX compile features - done
[0.192s] -- Found ament_cmake: 1.3.14 (/opt/ros/humble/share/ament_cmake/cmake)
[0.278s] -- Found Python3: /usr/bin/python3 (found version "3.10.12") found components: Interpreter 
[0.331s] -- Found rclcpp: 16.0.19 (/opt/ros/humble/share/rclcpp/cmake)
[0.359s] -- Found rosidl_generator_c: 3.1.8 (/opt/ros/humble/share/rosidl_generator_c/cmake)
[0.362s] -- Found rosidl_adapter: 3.1.8 (/opt/ros/humble/share/rosidl_adapter/cmake)
[0.367s] -- Found rosidl_generator_cpp: 3.1.8 (/opt/ros/humble/share/rosidl_generator_cpp/cmake)
[0.374s] -- Using all available rosidl_typesupport_c: rosidl_typesupport_fastrtps_c;rosidl_typesupport_introspection_c
[0.383s] -- Using all available rosidl_typesupport_cpp: rosidl_typesupport_fastrtps_cpp;rosidl_typesupport_introspection_cpp
[0.415s] -- Found rmw_implementation_cmake: 6.1.2 (/opt/ros/humble/share/rmw_implementation_cmake/cmake)
[0.417s] -- Found rmw_fastrtps_cpp: 6.2.10 (/opt/ros/humble/share/rmw_fastrtps_cpp/cmake)
[0.482s] -- Found OpenSSL: /usr/lib/x86_64-linux-gnu/libcrypto.so (found version "3.0.2")  
[0.502s] -- Found FastRTPS: /opt/ros/humble/include  
[0.534s] -- Using RMW implementation 'rmw_fastrtps_cpp' as default
[0.541s] -- Looking for pthread.h
[0.594s] -- Looking for pthread.h - found
[0.594s] -- Performing Test CMAKE_HAVE_LIBC_PTHREAD
[0.645s] -- Performing Test CMAKE_HAVE_LIBC_PTHREAD - Success
[0.645s] -- Found Threads: TRUE  
[0.680s] -- Found geometry_msgs: 4.9.1 (/opt/ros/humble/share/geometry_msgs/cmake)
[0.688s] -- Found sensor_msgs: 4.9.1 (/opt/ros/humble/share/sensor_msgs/cmake)
[0.699s] -- Found example_interfaces: 0.9.3 (/opt/ros/humble/share/example_interfaces/cmake)
[0.726s] -- Found auto_aim_interfaces: 0.0.0 (/home/xxx/HUN_sentry_xxx/pb2025_Nav/install/auto_aim_interfaces/share/auto_aim_interfaces/cmake)
[0.763s] Error parsing '/home/xxx/HUN_sentry_xxx/pb2025_Nav/src/nav_bridge/package.xml':
[0.787s] Traceback (most recent call last):
[0.787s]   File "/opt/ros/humble/share/ament_cmake_core/cmake/core/package_xml_2_cmake.py", line 150, in <module>
[0.787s]     main()
[0.787s]   File "/opt/ros/humble/share/ament_cmake_core/cmake/core/package_xml_2_cmake.py", line 53, in main
[0.787s]     raise e
[0.787s]   File "/opt/ros/humble/share/ament_cmake_core/cmake/core/package_xml_2_cmake.py", line 49, in main
[0.787s]     package = parse_package_string(
[0.787s]   File "/usr/lib/python3/dist-packages/catkin_pkg/package.py", line 788, in parse_package_string
[0.788s]     pkg.validate(warnings=warnings)
[0.788s]   File "/usr/lib/python3/dist-packages/catkin_pkg/package.py", line 330, in validate
[0.788s]     raise InvalidPackage('\n'.join(errors), self.filename)
[0.788s] catkin_pkg.package.InvalidPackage: Error(s) in package '/home/xxx/HUN_sentry_xxx/pb2025_Nav/src/nav_bridge/package.xml':
[0.788s] Invalid email "xxx@xxx" for person "xxx"
[0.795s] CMake Error at /opt/ros/humble/share/ament_cmake_core/cmake/core/ament_package_xml.cmake:95 (message):
[0.795s]   execute_process(/usr/bin/python3
[0.795s]   /opt/ros/humble/share/ament_cmake_core/cmake/core/package_xml_2_cmake.py
[0.795s]   /home/xxx/HUN_sentry_xxx/pb2025_Nav/src/nav_bridge/package.xml
[0.795s]   /home/xxx/HUN_sentry_xxx/pb2025_Nav/build/nav_bridge/ament_cmake_core/package.cmake)
[0.796s]   returned error code 1
[0.796s] Call Stack (most recent call first):
[0.796s]   /opt/ros/humble/share/ament_cmake_core/cmake/core/ament_package_xml.cmake:49 (_ament_package_xml)
[0.796s]   /opt/ros/humble/share/ament_cmake_core/cmake/core/ament_package.cmake:63 (ament_package_xml)
[0.796s]   CMakeLists.txt:28 (ament_package)
[0.796s] 
[0.796s] 
[0.796s] -- Configuring incomplete, errors occurred!
[0.796s] See also "/home/xxx/HUN_sentry_xxx/pb2025_Nav/build/nav_bridge/CMakeFiles/CMakeOutput.log".
[0.803s] Invoked command in '/home/xxx/HUN_sentry_xxx/pb2025_Nav/build/nav_bridge' returned '1': AMENT_PREFIX_PATH=/home/xxx/HUN_sentry_xxx/pb2025_Nav/install/auto_aim_interfaces:${AMENT_PREFIX_PATH} CMAKE_PREFIX_PATH=/home/xxx/HUN_sentry_xxx/pb2025_Nav/install/auto_aim_interfaces LD_LIBRARY_PATH=/home/xxx/HUN_sentry_xxx/pb2025_Nav/install/auto_aim_interfaces/lib:/usr/local/cuda-12.4/lib64:/opt/MVS/lib/64:/home/xxx/nvidia_libs/TensorRT-8.4.2.4/lib:/opt/MVS/lib/64:/opt/MVS/lib/32:/opt/ros/humble/opt/rviz_ogre_vendor/lib:/opt/ros/humble/lib/x86_64-linux-gnu:/opt/ros/humble/lib:/opt/MVS/lib/64:/opt/MVS/lib/32:/opt/MVS/lib/64:/opt/MVS/lib/32 PYTHONPATH=/home/xxx/HUN_sentry_xxx/pb2025_Nav/install/auto_aim_interfaces/local/lib/python3.10/dist-packages:${PYTHONPATH} __trae_PS1=\n(TraeAI-4) \w [$?] $ /usr/bin/cmake /home/xxx/HUN_sentry_xxx/pb2025_Nav/src/nav_bridge -DCMAKE_INSTALL_PREFIX=/home/xxx/HUN_sentry_xxx/pb2025_Nav/install/nav_bridge
